Build Shared Package	Set up job	﻿2026-07-27T08:34:38.1637720Z Current runner version: '2.336.0'
Build Shared Package	Set up job	2026-07-27T08:34:38.1663749Z ##[group]Runner Image Provisioner
Build Shared Package	Set up job	2026-07-27T08:34:38.1664766Z Hosted Compute Agent
Build Shared Package	Set up job	2026-07-27T08:34:38.1665616Z Version: 20260707.563
Build Shared Package	Set up job	2026-07-27T08:34:38.1666290Z Commit: 02667638d2b423fbc733a8e32a88b44996a3ba6e
Build Shared Package	Set up job	2026-07-27T08:34:38.1667015Z Build Date: 2026-07-07T19:33:50Z
Build Shared Package	Set up job	2026-07-27T08:34:38.1667695Z Worker ID: {fefeab1f-832c-4bbd-9639-5735a36a13e7}
Build Shared Package	Set up job	2026-07-27T08:34:38.1668480Z Azure Region: westus2
Build Shared Package	Set up job	2026-07-27T08:34:38.1669005Z ##[endgroup]
Build Shared Package	Set up job	2026-07-27T08:34:38.1670578Z ##[group]Operating System
Build Shared Package	Set up job	2026-07-27T08:34:38.1671257Z Ubuntu
Build Shared Package	Set up job	2026-07-27T08:34:38.1671767Z 24.04.4
Build Shared Package	Set up job	2026-07-27T08:34:38.1672310Z LTS
Build Shared Package	Set up job	2026-07-27T08:34:38.1672774Z ##[endgroup]
Build Shared Package	Set up job	2026-07-27T08:34:38.1673349Z ##[group]Runner Image
Build Shared Package	Set up job	2026-07-27T08:34:38.1674012Z Image: ubuntu-24.04
Build Shared Package	Set up job	2026-07-27T08:34:38.1674569Z Version: 20260720.247.2
Build Shared Package	Set up job	2026-07-27T08:34:38.1675913Z Included Software: https://github.com/actions/runner-images/blob/ubuntu24/20260720.247/images/ubuntu/Ubuntu2404-Readme.md
Build Shared Package	Set up job	2026-07-27T08:34:38.1677664Z Image Release: https://github.com/actions/runner-images/releases/tag/ubuntu24%2F20260720.247
Build Shared Package	Set up job	2026-07-27T08:34:38.1678673Z ##[endgroup]
Build Shared Package	Set up job	2026-07-27T08:34:38.1679732Z ##[group]GITHUB_TOKEN Permissions
Build Shared Package	Set up job	2026-07-27T08:34:38.1681610Z Contents: read
Build Shared Package	Set up job	2026-07-27T08:34:38.1682265Z Metadata: read
Build Shared Package	Set up job	2026-07-27T08:34:38.1682802Z ##[endgroup]
Build Shared Package	Set up job	2026-07-27T08:34:38.1685173Z Secret source: Actions
Build Shared Package	Set up job	2026-07-27T08:34:38.1686242Z Prepare workflow directory
Build Shared Package	Set up job	2026-07-27T08:34:38.2018554Z Prepare all required actions
Build Shared Package	Set up job	2026-07-27T08:34:38.2066336Z Getting action download info
Build Shared Package	Set up job	2026-07-27T08:34:38.5730748Z Download action repository 'actions/checkout@34e114876b0b11c390a56381ad16ebd13914f8d5' (SHA:34e114876b0b11c390a56381ad16ebd13914f8d5)
Build Shared Package	Set up job	2026-07-27T08:34:38.6967370Z Download action repository 'actions/setup-node@49933ea5288caeca8642d1e84afbd3f7d6820020' (SHA:49933ea5288caeca8642d1e84afbd3f7d6820020)
Build Shared Package	Set up job	2026-07-27T08:34:38.8846129Z Complete job name: Build Shared Package
Build Shared Package	Run actions/checkout@34e114876b0b11c390a56381ad16ebd13914f8d5	﻿2026-07-27T08:34:38.9703896Z Node 20 is being deprecated. This workflow is running with Node 24 by default. If you need to temporarily use Node 20, you can set the ACTIONS_ALLOW_USE_UNSECURE_NODE_VERSION=true environment variable. For more information see: https://github.blog/changelog/2025-09-19-deprecation-of-node-20-on-github-actions-runners/
Build Shared Package	Run actions/checkout@34e114876b0b11c390a56381ad16ebd13914f8d5	2026-07-27T08:34:38.9713307Z ##[group]Run actions/checkout@34e114876b0b11c390a56381ad16ebd13914f8d5
Build Shared Package	Run actions/checkout@34e114876b0b11c390a56381ad16ebd13914f8d5	2026-07-27T08:34:38.9714239Z with:
Build Shared Package	Run actions/checkout@34e114876b0b11c390a56381ad16ebd13914f8d5	2026-07-27T08:34:38.9714672Z   repository: hateem2121/RUN
Build Shared Package	Run actions/checkout@34e114876b0b11c390a56381ad16ebd13914f8d5	2026-07-27T08:34:38.9718803Z   token: ***
Build Shared Package	Run actions/checkout@34e114876b0b11c390a56381ad16ebd13914f8d5	2026-07-27T08:34:38.9719231Z   ssh-strict: true
Build Shared Package	Run actions/checkout@34e114876b0b11c390a56381ad16ebd13914f8d5	2026-07-27T08:34:38.9719656Z   ssh-user: git
Build Shared Package	Run actions/checkout@34e114876b0b11c390a56381ad16ebd13914f8d5	2026-07-27T08:34:38.9720084Z   persist-credentials: true
Build Shared Package	Run actions/checkout@34e114876b0b11c390a56381ad16ebd13914f8d5	2026-07-27T08:34:38.9720550Z   clean: true
Build Shared Package	Run actions/checkout@34e114876b0b11c390a56381ad16ebd13914f8d5	2026-07-27T08:34:38.9720981Z   sparse-checkout-cone-mode: true
Build Shared Package	Run actions/checkout@34e114876b0b11c390a56381ad16ebd13914f8d5	2026-07-27T08:34:38.9721485Z   fetch-depth: 1
Build Shared Package	Run actions/checkout@34e114876b0b11c390a56381ad16ebd13914f8d5	2026-07-27T08:34:38.9721933Z   fetch-tags: false
Build Shared Package	Run actions/checkout@34e114876b0b11c390a56381ad16ebd13914f8d5	2026-07-27T08:34:38.9722360Z   show-progress: true
Build Shared Package	Run actions/checkout@34e114876b0b11c390a56381ad16ebd13914f8d5	2026-07-27T08:34:38.9722792Z   lfs: false
Build Shared Package	Run actions/checkout@34e114876b0b11c390a56381ad16ebd13914f8d5	2026-07-27T08:34:38.9723227Z   submodules: false
Build Shared Package	Run actions/checkout@34e114876b0b11c390a56381ad16ebd13914f8d5	2026-07-27T08:34:38.9723664Z   set-safe-directory: true
Build Shared Package	Run actions/checkout@34e114876b0b11c390a56381ad16ebd13914f8d5	2026-07-27T08:34:38.9724393Z ##[endgroup]
Build Shared Package	Run actions/checkout@34e114876b0b11c390a56381ad16ebd13914f8d5	2026-07-27T08:34:39.0749545Z Syncing repository: hateem2121/RUN
Build Shared Package	Run actions/checkout@34e114876b0b11c390a56381ad16ebd13914f8d5	2026-07-27T08:34:39.0752290Z ##[group]Getting Git version info
Build Shared Package	Run actions/checkout@34e114876b0b11c390a56381ad16ebd13914f8d5	2026-07-27T08:34:39.0753224Z Working directory is '/home/runner/work/RUN/RUN'
Build Shared Package	Run actions/checkout@34e114876b0b11c390a56381ad16ebd13914f8d5	2026-07-27T08:34:39.0754482Z [command]/usr/bin/git version
Build Shared Package	Run actions/checkout@34e114876b0b11c390a56381ad16ebd13914f8d5	2026-07-27T08:34:39.0844584Z git version 2.54.0
Build Shared Package	Run actions/checkout@34e114876b0b11c390a56381ad16ebd13914f8d5	2026-07-27T08:34:39.0871630Z ##[endgroup]
Build Shared Package	Run actions/checkout@34e114876b0b11c390a56381ad16ebd13914f8d5	2026-07-27T08:34:39.0892644Z Temporarily overriding HOME='/home/runner/work/_temp/231bfda7-a026-4bf2-881e-c2b3cc2cd6f1' before making global git config changes
Build Shared Package	Run actions/checkout@34e114876b0b11c390a56381ad16ebd13914f8d5	2026-07-27T08:34:39.0895271Z Adding repository directory to the temporary git global config as a safe directory
Build Shared Package	Run actions/checkout@34e114876b0b11c390a56381ad16ebd13914f8d5	2026-07-27T08:34:39.0898798Z [command]/usr/bin/git config --global --add safe.directory /home/runner/work/RUN/RUN
Build Shared Package	Run actions/checkout@34e114876b0b11c390a56381ad16ebd13914f8d5	2026-07-27T08:34:39.0953730Z Deleting the contents of '/home/runner/work/RUN/RUN'
Build Shared Package	Run actions/checkout@34e114876b0b11c390a56381ad16ebd13914f8d5	2026-07-27T08:34:39.0959447Z ##[group]Initializing the repository
Build Shared Package	Run actions/checkout@34e114876b0b11c390a56381ad16ebd13914f8d5	2026-07-27T08:34:39.0964564Z [command]/usr/bin/git init /home/runner/work/RUN/RUN
Build Shared Package	Run actions/checkout@34e114876b0b11c390a56381ad16ebd13914f8d5	2026-07-27T08:34:39.1074722Z hint: Using 'master' as the name for the initial branch. This default branch name
Build Shared Package	Run actions/checkout@34e114876b0b11c390a56381ad16ebd13914f8d5	2026-07-27T08:34:39.1076473Z hint: will change to "main" in Git 3.0. To configure the initial branch name
Build Shared Package	Run actions/checkout@34e114876b0b11c390a56381ad16ebd13914f8d5	2026-07-27T08:34:39.1077570Z hint: to use in all of your new repositories, which will suppress this warning,
Build Shared Package	Run actions/checkout@34e114876b0b11c390a56381ad16ebd13914f8d5	2026-07-27T08:34:39.1078403Z hint: call:
Build Shared Package	Run actions/checkout@34e114876b0b11c390a56381ad16ebd13914f8d5	2026-07-27T08:34:39.1078843Z hint:
Build Shared Package	Run actions/checkout@34e114876b0b11c390a56381ad16ebd13914f8d5	2026-07-27T08:34:39.1079407Z hint: 	git config --global init.defaultBranch <name>
Build Shared Package	Run actions/checkout@34e114876b0b11c390a56381ad16ebd13914f8d5	2026-07-27T08:34:39.1080098Z hint:
Build Shared Package	Run actions/checkout@34e114876b0b11c390a56381ad16ebd13914f8d5	2026-07-27T08:34:39.1080745Z hint: Names commonly chosen instead of 'master' are 'main', 'trunk' and
Build Shared Package	Run actions/checkout@34e114876b0b11c390a56381ad16ebd13914f8d5	2026-07-27T08:34:39.1081805Z hint: 'development'. The just-created branch can be renamed via this command:
Build Shared Package	Run actions/checkout@34e114876b0b11c390a56381ad16ebd13914f8d5	2026-07-27T08:34:39.1082649Z hint:
Build Shared Package	Run actions/checkout@34e114876b0b11c390a56381ad16ebd13914f8d5	2026-07-27T08:34:39.1083097Z hint: 	git branch -m <name>
Build Shared Package	Run actions/checkout@34e114876b0b11c390a56381ad16ebd13914f8d5	2026-07-27T08:34:39.1083591Z hint:
Build Shared Package	Run actions/checkout@34e114876b0b11c390a56381ad16ebd13914f8d5	2026-07-27T08:34:39.1084188Z hint: Disable this message with "git config set advice.defaultBranchName false"
Build Shared Package	Run actions/checkout@34e114876b0b11c390a56381ad16ebd13914f8d5	2026-07-27T08:34:39.1090378Z Initialized empty Git repository in /home/runner/work/RUN/RUN/.git/
Build Shared Package	Run actions/checkout@34e114876b0b11c390a56381ad16ebd13914f8d5	2026-07-27T08:34:39.1103004Z [command]/usr/bin/git remote add origin https://github.com/hateem2121/RUN
Build Shared Package	Run actions/checkout@34e114876b0b11c390a56381ad16ebd13914f8d5	2026-07-27T08:34:39.1149331Z ##[endgroup]
Build Shared Package	Run actions/checkout@34e114876b0b11c390a56381ad16ebd13914f8d5	2026-07-27T08:34:39.1150615Z ##[group]Disabling automatic garbage collection
Build Shared Package	Run actions/checkout@34e114876b0b11c390a56381ad16ebd13914f8d5	2026-07-27T08:34:39.1153869Z [command]/usr/bin/git config --local gc.auto 0
Build Shared Package	Run actions/checkout@34e114876b0b11c390a56381ad16ebd13914f8d5	2026-07-27T08:34:39.1187804Z ##[endgroup]
Build Shared Package	Run actions/checkout@34e114876b0b11c390a56381ad16ebd13914f8d5	2026-07-27T08:34:39.1188980Z ##[group]Setting up auth
Build Shared Package	Run actions/checkout@34e114876b0b11c390a56381ad16ebd13914f8d5	2026-07-27T08:34:39.1195494Z [command]/usr/bin/git config --local --name-only --get-regexp core\.sshCommand
Build Shared Package	Run actions/checkout@34e114876b0b11c390a56381ad16ebd13914f8d5	2026-07-27T08:34:39.1233778Z [command]/usr/bin/git submodule foreach --recursive sh -c "git config --local --name-only --get-regexp 'core\.sshCommand' && git config --local --unset-all 'core.sshCommand' || :"
Build Shared Package	Run actions/checkout@34e114876b0b11c390a56381ad16ebd13914f8d5	2026-07-27T08:34:39.1650802Z [command]/usr/bin/git config --local --name-only --get-regexp http\.https\:\/\/github\.com\/\.extraheader
Build Shared Package	Run actions/checkout@34e114876b0b11c390a56381ad16ebd13914f8d5	2026-07-27T08:34:39.1688289Z [command]/usr/bin/git submodule foreach --recursive sh -c "git config --local --name-only --get-regexp 'http\.https\:\/\/github\.com\/\.extraheader' && git config --local --unset-all 'http.https://github.com/.extraheader' || :"
Build Shared Package	Run actions/checkout@34e114876b0b11c390a56381ad16ebd13914f8d5	2026-07-27T08:34:39.1912478Z [command]/usr/bin/git config --local --name-only --get-regexp ^includeIf\.gitdir:
Build Shared Package	Run actions/checkout@34e114876b0b11c390a56381ad16ebd13914f8d5	2026-07-27T08:34:39.1947377Z [command]/usr/bin/git submodule foreach --recursive git config --local --show-origin --name-only --get-regexp remote.origin.url
Build Shared Package	Run actions/checkout@34e114876b0b11c390a56381ad16ebd13914f8d5	2026-07-27T08:34:39.2171960Z [command]/usr/bin/git config --local http.https://github.com/.extraheader AUTHORIZATION: basic ***
Build Shared Package	Run actions/checkout@34e114876b0b11c390a56381ad16ebd13914f8d5	2026-07-27T08:34:39.2211762Z ##[endgroup]
Build Shared Package	Run actions/checkout@34e114876b0b11c390a56381ad16ebd13914f8d5	2026-07-27T08:34:39.2212602Z ##[group]Fetching the repository
Build Shared Package	Run actions/checkout@34e114876b0b11c390a56381ad16ebd13914f8d5	2026-07-27T08:34:39.2223905Z [command]/usr/bin/git -c protocol.version=2 fetch --no-tags --prune --no-recurse-submodules --depth=1 origin +26f0cf27e4528a1005b56c4ef6500a9d1b44b418:refs/remotes/origin/main
Build Shared Package	Run actions/checkout@34e114876b0b11c390a56381ad16ebd13914f8d5	2026-07-27T08:34:40.9798608Z From https://github.com/hateem2121/RUN
Build Shared Package	Run actions/checkout@34e114876b0b11c390a56381ad16ebd13914f8d5	2026-07-27T08:34:40.9800061Z  * [new ref]         26f0cf27e4528a1005b56c4ef6500a9d1b44b418 -> origin/main
Build Shared Package	Run actions/checkout@34e114876b0b11c390a56381ad16ebd13914f8d5	2026-07-27T08:34:40.9839432Z ##[endgroup]
Build Shared Package	Run actions/checkout@34e114876b0b11c390a56381ad16ebd13914f8d5	2026-07-27T08:34:40.9840943Z ##[group]Determining the checkout info
Build Shared Package	Run actions/checkout@34e114876b0b11c390a56381ad16ebd13914f8d5	2026-07-27T08:34:40.9842476Z ##[endgroup]
Build Shared Package	Run actions/checkout@34e114876b0b11c390a56381ad16ebd13914f8d5	2026-07-27T08:34:40.9847766Z [command]/usr/bin/git sparse-checkout disable
Build Shared Package	Run actions/checkout@34e114876b0b11c390a56381ad16ebd13914f8d5	2026-07-27T08:34:40.9902429Z [command]/usr/bin/git config --local --unset-all extensions.worktreeConfig
Build Shared Package	Run actions/checkout@34e114876b0b11c390a56381ad16ebd13914f8d5	2026-07-27T08:34:40.9942522Z ##[group]Checking out the ref
Build Shared Package	Run actions/checkout@34e114876b0b11c390a56381ad16ebd13914f8d5	2026-07-27T08:34:40.9946069Z [command]/usr/bin/git checkout --progress --force -B main refs/remotes/origin/main
Build Shared Package	Run actions/checkout@34e114876b0b11c390a56381ad16ebd13914f8d5	2026-07-27T08:34:41.3171993Z Switched to a new branch 'main'
Build Shared Package	Run actions/checkout@34e114876b0b11c390a56381ad16ebd13914f8d5	2026-07-27T08:34:41.3173808Z branch 'main' set up to track 'origin/main'.
Build Shared Package	Run actions/checkout@34e114876b0b11c390a56381ad16ebd13914f8d5	2026-07-27T08:34:41.3197762Z ##[endgroup]
Build Shared Package	Run actions/checkout@34e114876b0b11c390a56381ad16ebd13914f8d5	2026-07-27T08:34:41.3253251Z [command]/usr/bin/git log -1 --format=%H
Build Shared Package	Run actions/checkout@34e114876b0b11c390a56381ad16ebd13914f8d5	2026-07-27T08:34:41.3281712Z 26f0cf27e4528a1005b56c4ef6500a9d1b44b418
Build Shared Package	Run actions/setup-node@49933ea5288caeca8642d1e84afbd3f7d6820020	﻿2026-07-27T08:34:41.3568785Z Node 20 is being deprecated. This workflow is running with Node 24 by default. If you need to temporarily use Node 20, you can set the ACTIONS_ALLOW_USE_UNSECURE_NODE_VERSION=true environment variable. For more information see: https://github.blog/changelog/2025-09-19-deprecation-of-node-20-on-github-actions-runners/
Build Shared Package	Run actions/setup-node@49933ea5288caeca8642d1e84afbd3f7d6820020	2026-07-27T08:34:41.3571237Z ##[group]Run actions/setup-node@49933ea5288caeca8642d1e84afbd3f7d6820020
Build Shared Package	Run actions/setup-node@49933ea5288caeca8642d1e84afbd3f7d6820020	2026-07-27T08:34:41.3571869Z with:
Build Shared Package	Run actions/setup-node@49933ea5288caeca8642d1e84afbd3f7d6820020	2026-07-27T08:34:41.3572294Z   node-version: 24
Build Shared Package	Run actions/setup-node@49933ea5288caeca8642d1e84afbd3f7d6820020	2026-07-27T08:34:41.3572732Z   cache: npm
Build Shared Package	Run actions/setup-node@49933ea5288caeca8642d1e84afbd3f7d6820020	2026-07-27T08:34:41.3573167Z   always-auth: false
Build Shared Package	Run actions/setup-node@49933ea5288caeca8642d1e84afbd3f7d6820020	2026-07-27T08:34:41.3573623Z   check-latest: false
Build Shared Package	Run actions/setup-node@49933ea5288caeca8642d1e84afbd3f7d6820020	2026-07-27T08:34:41.3576945Z   token: ***
Build Shared Package	Run actions/setup-node@49933ea5288caeca8642d1e84afbd3f7d6820020	2026-07-27T08:34:41.3577384Z ##[endgroup]
Build Shared Package	Run actions/setup-node@49933ea5288caeca8642d1e84afbd3f7d6820020	2026-07-27T08:34:41.4968736Z Found in cache @ /opt/hostedtoolcache/node/24.18.0/x64
Build Shared Package	Run actions/setup-node@49933ea5288caeca8642d1e84afbd3f7d6820020	2026-07-27T08:34:41.4971691Z (node:2265) [DEP0040] DeprecationWarning: The `punycode` module is deprecated. Please use a userland alternative instead.
Build Shared Package	Run actions/setup-node@49933ea5288caeca8642d1e84afbd3f7d6820020	2026-07-27T08:34:41.4972966Z (Use `node --trace-deprecation ...` to show where the warning was created)
Build Shared Package	Run actions/setup-node@49933ea5288caeca8642d1e84afbd3f7d6820020	2026-07-27T08:34:41.4974568Z ##[group]Environment details
Build Shared Package	Run actions/setup-node@49933ea5288caeca8642d1e84afbd3f7d6820020	2026-07-27T08:34:42.2388997Z node: v24.18.0
Build Shared Package	Run actions/setup-node@49933ea5288caeca8642d1e84afbd3f7d6820020	2026-07-27T08:34:42.2389731Z npm: 11.16.0
Build Shared Package	Run actions/setup-node@49933ea5288caeca8642d1e84afbd3f7d6820020	2026-07-27T08:34:42.2390277Z yarn: 1.22.22
Build Shared Package	Run actions/setup-node@49933ea5288caeca8642d1e84afbd3f7d6820020	2026-07-27T08:34:42.2391576Z ##[endgroup]
Build Shared Package	Run actions/setup-node@49933ea5288caeca8642d1e84afbd3f7d6820020	2026-07-27T08:34:42.2444163Z [command]/opt/hostedtoolcache/node/24.18.0/x64/bin/npm config get cache
Build Shared Package	Run actions/setup-node@49933ea5288caeca8642d1e84afbd3f7d6820020	2026-07-27T08:34:42.5003247Z /home/runner/.npm
Build Shared Package	Run actions/setup-node@49933ea5288caeca8642d1e84afbd3f7d6820020	2026-07-27T08:34:42.7861284Z Cache hit for: node-cache-Linux-x64-npm-c58d906b01e082c52cec98a405d7736653b10234b5336d059e7e115a6d4c3c05
Build Shared Package	Run actions/setup-node@49933ea5288caeca8642d1e84afbd3f7d6820020	2026-07-27T08:34:42.7967087Z (node:2265) [DEP0169] DeprecationWarning: `url.parse()` behavior is not standardized and prone to errors that have security implications. Use the WHATWG URL API instead. CVEs are not issued for `url.parse()` vulnerabilities.
Build Shared Package	Run actions/setup-node@49933ea5288caeca8642d1e84afbd3f7d6820020	2026-07-27T08:34:44.0849227Z Received 4194304 of 365303004 (1.1%), 4.0 MBs/sec
Build Shared Package	Run actions/setup-node@49933ea5288caeca8642d1e84afbd3f7d6820020	2026-07-27T08:34:45.0856491Z Received 130023424 of 365303004 (35.6%), 61.9 MBs/sec
Build Shared Package	Run actions/setup-node@49933ea5288caeca8642d1e84afbd3f7d6820020	2026-07-27T08:34:46.0860214Z Received 264241152 of 365303004 (72.3%), 83.9 MBs/sec
Build Shared Package	Run actions/setup-node@49933ea5288caeca8642d1e84afbd3f7d6820020	2026-07-27T08:34:47.0093620Z Received 365303004 of 365303004 (100.0%), 88.7 MBs/sec
Build Shared Package	Run actions/setup-node@49933ea5288caeca8642d1e84afbd3f7d6820020	2026-07-27T08:34:47.0094341Z Cache Size: ~348 MB (365303004 B)
Build Shared Package	Run actions/setup-node@49933ea5288caeca8642d1e84afbd3f7d6820020	2026-07-27T08:34:47.0155852Z [command]/usr/bin/tar -xf /home/runner/work/_temp/e61d7869-b87d-4c6b-992c-823d4eb7dc31/cache.tzst -P -C /home/runner/work/RUN/RUN --use-compress-program unzstd
Build Shared Package	Run actions/setup-node@49933ea5288caeca8642d1e84afbd3f7d6820020	2026-07-27T08:34:48.1505083Z Cache restored successfully
Build Shared Package	Run actions/setup-node@49933ea5288caeca8642d1e84afbd3f7d6820020	2026-07-27T08:34:48.1681012Z Cache restored from key: node-cache-Linux-x64-npm-c58d906b01e082c52cec98a405d7736653b10234b5336d059e7e115a6d4c3c05
Build Shared Package	Run npm ci	﻿2026-07-27T08:34:48.1946458Z ##[group]Run npm ci
Build Shared Package	Run npm ci	2026-07-27T08:34:48.1946771Z ^[[36;1mnpm ci^[[0m
Build Shared Package	Run npm ci	2026-07-27T08:34:48.2003025Z shell: /usr/bin/bash -e {0}
Build Shared Package	Run npm ci	2026-07-27T08:34:48.2003317Z ##[endgroup]
Build Shared Package	Run npm ci	2026-07-27T08:35:24.2281987Z 
Build Shared Package	Run npm ci	2026-07-27T08:35:24.2288744Z > run-remix-monorepo@4.1.2 prepare
Build Shared Package	Run npm ci	2026-07-27T08:35:24.2289189Z > husky
Build Shared Package	Run npm ci	2026-07-27T08:35:24.2289311Z 
Build Shared Package	Run npm ci	2026-07-27T08:35:24.3985843Z 
Build Shared Package	Run npm ci	2026-07-27T08:35:24.3986633Z added 1242 packages, and audited 1247 packages in 36s
Build Shared Package	Run npm ci	2026-07-27T08:35:24.3987329Z 
Build Shared Package	Run npm ci	2026-07-27T08:35:24.3988362Z 260 packages are looking for funding
Build Shared Package	Run npm ci	2026-07-27T08:35:24.3989210Z   run `npm fund` for details
Build Shared Package	Run npm ci	2026-07-27T08:35:24.4210464Z 
Build Shared Package	Run npm ci	2026-07-27T08:35:24.4210996Z 16 vulnerabilities (2 low, 14 high)
Build Shared Package	Run npm ci	2026-07-27T08:35:24.4211391Z 
Build Shared Package	Run npm ci	2026-07-27T08:35:24.4211813Z To address issues that do not require attention, run:
Build Shared Package	Run npm ci	2026-07-27T08:35:24.4212433Z   npm audit fix
Build Shared Package	Run npm ci	2026-07-27T08:35:24.4212676Z 
Build Shared Package	Run npm ci	2026-07-27T08:35:24.4213068Z To address all issues (including breaking changes), run:
Build Shared Package	Run npm ci	2026-07-27T08:35:24.4213693Z   npm audit fix --force
Build Shared Package	Run npm ci	2026-07-27T08:35:24.4214070Z 
Build Shared Package	Run npm ci	2026-07-27T08:35:24.4214297Z Run `npm audit` for details.
Build Shared Package	Run npm ci	2026-07-27T08:35:24.4225880Z npm warn allow-scripts 3 packages have install scripts not yet covered by allowScripts:
Build Shared Package	Run npm ci	2026-07-27T08:35:24.4227260Z npm warn allow-scripts   esbuild@0.25.12 (postinstall: node install.js)
Build Shared Package	Run npm ci	2026-07-27T08:35:24.4228737Z npm warn allow-scripts   protobufjs@7.6.5 (postinstall: node scripts/postinstall)
Build Shared Package	Run npm ci	2026-07-27T08:35:24.4230407Z npm warn allow-scripts   sharp@0.34.5 (install: node install/check.js || npm run build)
Build Shared Package	Run npm ci	2026-07-27T08:35:24.4231153Z npm warn allow-scripts
Build Shared Package	Run npm ci	2026-07-27T08:35:24.4232351Z npm warn allow-scripts Run `npm approve-scripts --allow-scripts-pending` to review, or `npm approve-scripts <pkg>` to allow.
Build Shared Package	Build Shared	﻿2026-07-27T08:35:24.5886067Z ##[group]Run npm run build --prefix shared
Build Shared Package	Build Shared	2026-07-27T08:35:24.5886467Z ^[[36;1mnpm run build --prefix shared^[[0m
Build Shared Package	Build Shared	2026-07-27T08:35:24.5951030Z shell: /usr/bin/bash -e {0}
Build Shared Package	Build Shared	2026-07-27T08:35:24.5951295Z ##[endgroup]
Build Shared Package	Build Shared	2026-07-27T08:35:24.6981242Z 
Build Shared Package	Build Shared	2026-07-27T08:35:24.6981964Z > @run-remix/shared@4.1.2 build
Build Shared Package	Build Shared	2026-07-27T08:35:24.6982530Z > tsc -b
Build Shared Package	Build Shared	2026-07-27T08:35:24.6982746Z 
Build Shared Package	Post Run actions/setup-node@49933ea5288caeca8642d1e84afbd3f7d6820020	﻿2026-07-27T08:35:29.4277719Z Node 20 is being deprecated. This workflow is running with Node 24 by default. If you need to temporarily use Node 20, you can set the ACTIONS_ALLOW_USE_UNSECURE_NODE_VERSION=true environment variable. For more information see: https://github.blog/changelog/2025-09-19-deprecation-of-node-20-on-github-actions-runners/
Build Shared Package	Post Run actions/setup-node@49933ea5288caeca8642d1e84afbd3f7d6820020	2026-07-27T08:35:29.4278978Z Post job cleanup.
Build Shared Package	Post Run actions/setup-node@49933ea5288caeca8642d1e84afbd3f7d6820020	2026-07-27T08:35:29.5664445Z (node:2415) [DEP0040] DeprecationWarning: The `punycode` module is deprecated. Please use a userland alternative instead.
Build Shared Package	Post Run actions/setup-node@49933ea5288caeca8642d1e84afbd3f7d6820020	2026-07-27T08:35:29.5666274Z (Use `node --trace-deprecation ...` to show where the warning was created)
Build Shared Package	Post Run actions/setup-node@49933ea5288caeca8642d1e84afbd3f7d6820020	2026-07-27T08:35:29.5669684Z Cache hit occurred on the primary key node-cache-Linux-x64-npm-c58d906b01e082c52cec98a405d7736653b10234b5336d059e7e115a6d4c3c05, not saving cache.
Build Shared Package	Post Run actions/checkout@34e114876b0b11c390a56381ad16ebd13914f8d5	﻿2026-07-27T08:35:29.5821632Z Node 20 is being deprecated. This workflow is running with Node 24 by default. If you need to temporarily use Node 20, you can set the ACTIONS_ALLOW_USE_UNSECURE_NODE_VERSION=true environment variable. For more information see: https://github.blog/changelog/2025-09-19-deprecation-of-node-20-on-github-actions-runners/
Build Shared Package	Post Run actions/checkout@34e114876b0b11c390a56381ad16ebd13914f8d5	2026-07-27T08:35:29.5822865Z Post job cleanup.
Build Shared Package	Post Run actions/checkout@34e114876b0b11c390a56381ad16ebd13914f8d5	2026-07-27T08:35:29.6785805Z [command]/usr/bin/git version
Build Shared Package	Post Run actions/checkout@34e114876b0b11c390a56381ad16ebd13914f8d5	2026-07-27T08:35:29.6835701Z git version 2.54.0
Build Shared Package	Post Run actions/checkout@34e114876b0b11c390a56381ad16ebd13914f8d5	2026-07-27T08:35:29.6871088Z Temporarily overriding HOME='/home/runner/work/_temp/03b25cc9-e64b-4071-bf84-5047d7c91205' before making global git config changes
Build Shared Package	Post Run actions/checkout@34e114876b0b11c390a56381ad16ebd13914f8d5	2026-07-27T08:35:29.6872593Z Adding repository directory to the temporary git global config as a safe directory
Build Shared Package	Post Run actions/checkout@34e114876b0b11c390a56381ad16ebd13914f8d5	2026-07-27T08:35:29.6877501Z [command]/usr/bin/git config --global --add safe.directory /home/runner/work/RUN/RUN
Build Shared Package	Post Run actions/checkout@34e114876b0b11c390a56381ad16ebd13914f8d5	2026-07-27T08:35:29.7058339Z [command]/usr/bin/git config --local --name-only --get-regexp core\.sshCommand
Build Shared Package	Post Run actions/checkout@34e114876b0b11c390a56381ad16ebd13914f8d5	2026-07-27T08:35:29.7118635Z [command]/usr/bin/git submodule foreach --recursive sh -c "git config --local --name-only --get-regexp 'core\.sshCommand' && git config --local --unset-all 'core.sshCommand' || :"
Build Shared Package	Post Run actions/checkout@34e114876b0b11c390a56381ad16ebd13914f8d5	2026-07-27T08:35:29.7419289Z [command]/usr/bin/git config --local --name-only --get-regexp http\.https\:\/\/github\.com\/\.extraheader
Build Shared Package	Post Run actions/checkout@34e114876b0b11c390a56381ad16ebd13914f8d5	2026-07-27T08:35:29.7485851Z http.https://github.com/.extraheader
Build Shared Package	Post Run actions/checkout@34e114876b0b11c390a56381ad16ebd13914f8d5	2026-07-27T08:35:29.7505945Z [command]/usr/bin/git config --local --unset-all http.https://github.com/.extraheader
Build Shared Package	Post Run actions/checkout@34e114876b0b11c390a56381ad16ebd13914f8d5	2026-07-27T08:35:29.7537733Z [command]/usr/bin/git submodule foreach --recursive sh -c "git config --local --name-only --get-regexp 'http\.https\:\/\/github\.com\/\.extraheader' && git config --local --unset-all 'http.https://github.com/.extraheader' || :"
Build Shared Package	Post Run actions/checkout@34e114876b0b11c390a56381ad16ebd13914f8d5	2026-07-27T08:35:29.7821031Z [command]/usr/bin/git config --local --name-only --get-regexp ^includeIf\.gitdir:
Build Shared Package	Post Run actions/checkout@34e114876b0b11c390a56381ad16ebd13914f8d5	2026-07-27T08:35:29.7862246Z [command]/usr/bin/git submodule foreach --recursive git config --local --show-origin --name-only --get-regexp remote.origin.url
Build Shared Package	Complete job	﻿2026-07-27T08:35:29.8282232Z Cleaning up orphan processes
Build Shared Package	Complete job	2026-07-27T08:35:29.8647645Z ##[warning]Node.js 20 is deprecated. The following actions target Node.js 20 but are being forced to run on Node.js 24: actions/checkout@34e114876b0b11c390a56381ad16ebd13914f8d5, actions/setup-node@49933ea5288caeca8642d1e84afbd3f7d6820020. For more information see: https://github.blog/changelog/2025-09-19-deprecation-of-node-20-on-github-actions-runners/
Verify Port (Strict 5002)	Set up job	﻿2026-07-27T08:34:37.3605176Z Current runner version: '2.335.1'
Verify Port (Strict 5002)	Set up job	2026-07-27T08:34:37.3642599Z ##[group]Runner Image Provisioner
Verify Port (Strict 5002)	Set up job	2026-07-27T08:34:37.3644183Z Hosted Compute Agent
Verify Port (Strict 5002)	Set up job	2026-07-27T08:34:37.3645223Z Version: 20260707.563
Verify Port (Strict 5002)	Set up job	2026-07-27T08:34:37.3646277Z Commit: 02667638d2b423fbc733a8e32a88b44996a3ba6e
Verify Port (Strict 5002)	Set up job	2026-07-27T08:34:37.3647517Z Build Date: 2026-07-07T19:33:50Z
Verify Port (Strict 5002)	Set up job	2026-07-27T08:34:37.3648905Z Worker ID: {f148a5d9-4ca1-4ed7-8223-1b2442991c2a}
Verify Port (Strict 5002)	Set up job	2026-07-27T08:34:37.3650184Z Azure Region: eastus
Verify Port (Strict 5002)	Set up job	2026-07-27T08:34:37.3651261Z ##[endgroup]
Verify Port (Strict 5002)	Set up job	2026-07-27T08:34:37.3654240Z ##[group]Operating System
Verify Port (Strict 5002)	Set up job	2026-07-27T08:34:37.3655370Z Ubuntu
Verify Port (Strict 5002)	Set up job	2026-07-27T08:34:37.3656471Z 24.04.4
Verify Port (Strict 5002)	Set up job	2026-07-27T08:34:37.3657311Z LTS
Verify Port (Strict 5002)	Set up job	2026-07-27T08:34:37.3658228Z ##[endgroup]
Verify Port (Strict 5002)	Set up job	2026-07-27T08:34:37.3659099Z ##[group]Runner Image
Verify Port (Strict 5002)	Set up job	2026-07-27T08:34:37.3660151Z Image: ubuntu-24.04
Verify Port (Strict 5002)	Set up job	2026-07-27T08:34:37.3661212Z Version: 20260720.247.2
Verify Port (Strict 5002)	Set up job	2026-07-27T08:34:37.3662988Z Included Software: https://github.com/actions/runner-images/blob/ubuntu24/20260720.247/images/ubuntu/Ubuntu2404-Readme.md
Verify Port (Strict 5002)	Set up job	2026-07-27T08:34:37.3666297Z Image Release: https://github.com/actions/runner-images/releases/tag/ubuntu24%2F20260720.247
Verify Port (Strict 5002)	Set up job	2026-07-27T08:34:37.3667949Z ##[endgroup]
Verify Port (Strict 5002)	Set up job	2026-07-27T08:34:37.3669872Z ##[group]GITHUB_TOKEN Permissions
Verify Port (Strict 5002)	Set up job	2026-07-27T08:34:37.3672660Z Contents: read
Verify Port (Strict 5002)	Set up job	2026-07-27T08:34:37.3674002Z Metadata: read
Verify Port (Strict 5002)	Set up job	2026-07-27T08:34:37.3674857Z ##[endgroup]
Verify Port (Strict 5002)	Set up job	2026-07-27T08:34:37.3678162Z Secret source: Actions
Verify Port (Strict 5002)	Set up job	2026-07-27T08:34:37.3679659Z Prepare workflow directory
Verify Port (Strict 5002)	Set up job	2026-07-27T08:34:37.4145243Z Prepare all required actions
Verify Port (Strict 5002)	Set up job	2026-07-27T08:34:37.4200452Z Getting action download info
Verify Port (Strict 5002)	Set up job	2026-07-27T08:34:37.6279949Z Download action repository 'actions/checkout@34e114876b0b11c390a56381ad16ebd13914f8d5' (SHA:34e114876b0b11c390a56381ad16ebd13914f8d5)
Verify Port (Strict 5002)	Set up job	2026-07-27T08:34:37.7797560Z Download action repository 'actions/setup-node@49933ea5288caeca8642d1e84afbd3f7d6820020' (SHA:49933ea5288caeca8642d1e84afbd3f7d6820020)
Verify Port (Strict 5002)	Set up job	2026-07-27T08:34:38.0172545Z Complete job name: Verify Port (Strict 5002)
Verify Port (Strict 5002)	Run actions/checkout@34e114876b0b11c390a56381ad16ebd13914f8d5	﻿2026-07-27T08:34:38.0914442Z Node 20 is being deprecated. This workflow is running with Node 24 by default. If you need to temporarily use Node 20, you can set the ACTIONS_ALLOW_USE_UNSECURE_NODE_VERSION=true environment variable. For more information see: https://github.blog/changelog/2025-09-19-deprecation-of-node-20-on-github-actions-runners/
Verify Port (Strict 5002)	Run actions/checkout@34e114876b0b11c390a56381ad16ebd13914f8d5	2026-07-27T08:34:38.0923700Z ##[group]Run actions/checkout@34e114876b0b11c390a56381ad16ebd13914f8d5
Verify Port (Strict 5002)	Run actions/checkout@34e114876b0b11c390a56381ad16ebd13914f8d5	2026-07-27T08:34:38.0924724Z with:
Verify Port (Strict 5002)	Run actions/checkout@34e114876b0b11c390a56381ad16ebd13914f8d5	2026-07-27T08:34:38.0925204Z   repository: hateem2121/RUN
Verify Port (Strict 5002)	Run actions/checkout@34e114876b0b11c390a56381ad16ebd13914f8d5	2026-07-27T08:34:38.0928732Z   token: ***
Verify Port (Strict 5002)	Run actions/checkout@34e114876b0b11c390a56381ad16ebd13914f8d5	2026-07-27T08:34:38.0929167Z   ssh-strict: true
Verify Port (Strict 5002)	Run actions/checkout@34e114876b0b11c390a56381ad16ebd13914f8d5	2026-07-27T08:34:38.0929608Z   ssh-user: git
Verify Port (Strict 5002)	Run actions/checkout@34e114876b0b11c390a56381ad16ebd13914f8d5	2026-07-27T08:34:38.0930053Z   persist-credentials: true
Verify Port (Strict 5002)	Run actions/checkout@34e114876b0b11c390a56381ad16ebd13914f8d5	2026-07-27T08:34:38.0930543Z   clean: true
Verify Port (Strict 5002)	Run actions/checkout@34e114876b0b11c390a56381ad16ebd13914f8d5	2026-07-27T08:34:38.0930984Z   sparse-checkout-cone-mode: true
Verify Port (Strict 5002)	Run actions/checkout@34e114876b0b11c390a56381ad16ebd13914f8d5	2026-07-27T08:34:38.0931518Z   fetch-depth: 1
Verify Port (Strict 5002)	Run actions/checkout@34e114876b0b11c390a56381ad16ebd13914f8d5	2026-07-27T08:34:38.0931947Z   fetch-tags: false
Verify Port (Strict 5002)	Run actions/checkout@34e114876b0b11c390a56381ad16ebd13914f8d5	2026-07-27T08:34:38.0932383Z   show-progress: true
Verify Port (Strict 5002)	Run actions/checkout@34e114876b0b11c390a56381ad16ebd13914f8d5	2026-07-27T08:34:38.0932829Z   lfs: false
Verify Port (Strict 5002)	Run actions/checkout@34e114876b0b11c390a56381ad16ebd13914f8d5	2026-07-27T08:34:38.0933496Z   submodules: false
Verify Port (Strict 5002)	Run actions/checkout@34e114876b0b11c390a56381ad16ebd13914f8d5	2026-07-27T08:34:38.0933959Z   set-safe-directory: true
Verify Port (Strict 5002)	Run actions/checkout@34e114876b0b11c390a56381ad16ebd13914f8d5	2026-07-27T08:34:38.0934704Z ##[endgroup]
Verify Port (Strict 5002)	Run actions/checkout@34e114876b0b11c390a56381ad16ebd13914f8d5	2026-07-27T08:34:38.1927169Z Syncing repository: hateem2121/RUN
Verify Port (Strict 5002)	Run actions/checkout@34e114876b0b11c390a56381ad16ebd13914f8d5	2026-07-27T08:34:38.1929645Z ##[group]Getting Git version info
Verify Port (Strict 5002)	Run actions/checkout@34e114876b0b11c390a56381ad16ebd13914f8d5	2026-07-27T08:34:38.1930689Z Working directory is '/home/runner/work/RUN/RUN'
Verify Port (Strict 5002)	Run actions/checkout@34e114876b0b11c390a56381ad16ebd13914f8d5	2026-07-27T08:34:38.1932429Z [command]/usr/bin/git version
Verify Port (Strict 5002)	Run actions/checkout@34e114876b0b11c390a56381ad16ebd13914f8d5	2026-07-27T08:34:38.1981033Z git version 2.54.0
Verify Port (Strict 5002)	Run actions/checkout@34e114876b0b11c390a56381ad16ebd13914f8d5	2026-07-27T08:34:38.2002257Z ##[endgroup]
Verify Port (Strict 5002)	Run actions/checkout@34e114876b0b11c390a56381ad16ebd13914f8d5	2026-07-27T08:34:38.2016995Z Temporarily overriding HOME='/home/runner/work/_temp/a5f43173-0fab-4f88-a734-5ef86d659f65' before making global git config changes
Verify Port (Strict 5002)	Run actions/checkout@34e114876b0b11c390a56381ad16ebd13914f8d5	2026-07-27T08:34:38.2019705Z Adding repository directory to the temporary git global config as a safe directory
Verify Port (Strict 5002)	Run actions/checkout@34e114876b0b11c390a56381ad16ebd13914f8d5	2026-07-27T08:34:38.2021717Z [command]/usr/bin/git config --global --add safe.directory /home/runner/work/RUN/RUN
Verify Port (Strict 5002)	Run actions/checkout@34e114876b0b11c390a56381ad16ebd13914f8d5	2026-07-27T08:34:38.2068994Z Deleting the contents of '/home/runner/work/RUN/RUN'
Verify Port (Strict 5002)	Run actions/checkout@34e114876b0b11c390a56381ad16ebd13914f8d5	2026-07-27T08:34:38.2074331Z ##[group]Initializing the repository
Verify Port (Strict 5002)	Run actions/checkout@34e114876b0b11c390a56381ad16ebd13914f8d5	2026-07-27T08:34:38.2079726Z [command]/usr/bin/git init /home/runner/work/RUN/RUN
Verify Port (Strict 5002)	Run actions/checkout@34e114876b0b11c390a56381ad16ebd13914f8d5	2026-07-27T08:34:38.2184734Z hint: Using 'master' as the name for the initial branch. This default branch name
Verify Port (Strict 5002)	Run actions/checkout@34e114876b0b11c390a56381ad16ebd13914f8d5	2026-07-27T08:34:38.2186225Z hint: will change to "main" in Git 3.0. To configure the initial branch name
Verify Port (Strict 5002)	Run actions/checkout@34e114876b0b11c390a56381ad16ebd13914f8d5	2026-07-27T08:34:38.2187495Z hint: to use in all of your new repositories, which will suppress this warning,
Verify Port (Strict 5002)	Run actions/checkout@34e114876b0b11c390a56381ad16ebd13914f8d5	2026-07-27T08:34:38.2188772Z hint: call:
Verify Port (Strict 5002)	Run actions/checkout@34e114876b0b11c390a56381ad16ebd13914f8d5	2026-07-27T08:34:38.2189652Z hint:
Verify Port (Strict 5002)	Run actions/checkout@34e114876b0b11c390a56381ad16ebd13914f8d5	2026-07-27T08:34:38.2190315Z hint: 	git config --global init.defaultBranch <name>
Verify Port (Strict 5002)	Run actions/checkout@34e114876b0b11c390a56381ad16ebd13914f8d5	2026-07-27T08:34:38.2191426Z hint:
Verify Port (Strict 5002)	Run actions/checkout@34e114876b0b11c390a56381ad16ebd13914f8d5	2026-07-27T08:34:38.2192486Z hint: Names commonly chosen instead of 'master' are 'main', 'trunk' and
Verify Port (Strict 5002)	Run actions/checkout@34e114876b0b11c390a56381ad16ebd13914f8d5	2026-07-27T08:34:38.2194311Z hint: 'development'. The just-created branch can be renamed via this command:
Verify Port (Strict 5002)	Run actions/checkout@34e114876b0b11c390a56381ad16ebd13914f8d5	2026-07-27T08:34:38.2195642Z hint:
Verify Port (Strict 5002)	Run actions/checkout@34e114876b0b11c390a56381ad16ebd13914f8d5	2026-07-27T08:34:38.2196299Z hint: 	git branch -m <name>
Verify Port (Strict 5002)	Run actions/checkout@34e114876b0b11c390a56381ad16ebd13914f8d5	2026-07-27T08:34:38.2197167Z hint:
Verify Port (Strict 5002)	Run actions/checkout@34e114876b0b11c390a56381ad16ebd13914f8d5	2026-07-27T08:34:38.2197939Z hint: Disable this message with "git config set advice.defaultBranchName false"
Verify Port (Strict 5002)	Run actions/checkout@34e114876b0b11c390a56381ad16ebd13914f8d5	2026-07-27T08:34:38.2199721Z Initialized empty Git repository in /home/runner/work/RUN/RUN/.git/
Verify Port (Strict 5002)	Run actions/checkout@34e114876b0b11c390a56381ad16ebd13914f8d5	2026-07-27T08:34:38.2215124Z [command]/usr/bin/git remote add origin https://github.com/hateem2121/RUN
Verify Port (Strict 5002)	Run actions/checkout@34e114876b0b11c390a56381ad16ebd13914f8d5	2026-07-27T08:34:38.2253854Z ##[endgroup]
Verify Port (Strict 5002)	Run actions/checkout@34e114876b0b11c390a56381ad16ebd13914f8d5	2026-07-27T08:34:38.2254818Z ##[group]Disabling automatic garbage collection
Verify Port (Strict 5002)	Run actions/checkout@34e114876b0b11c390a56381ad16ebd13914f8d5	2026-07-27T08:34:38.2258643Z [command]/usr/bin/git config --local gc.auto 0
Verify Port (Strict 5002)	Run actions/checkout@34e114876b0b11c390a56381ad16ebd13914f8d5	2026-07-27T08:34:38.2290236Z ##[endgroup]
Verify Port (Strict 5002)	Run actions/checkout@34e114876b0b11c390a56381ad16ebd13914f8d5	2026-07-27T08:34:38.2291120Z ##[group]Setting up auth
Verify Port (Strict 5002)	Run actions/checkout@34e114876b0b11c390a56381ad16ebd13914f8d5	2026-07-27T08:34:38.2299647Z [command]/usr/bin/git config --local --name-only --get-regexp core\.sshCommand
Verify Port (Strict 5002)	Run actions/checkout@34e114876b0b11c390a56381ad16ebd13914f8d5	2026-07-27T08:34:38.2335256Z [command]/usr/bin/git submodule foreach --recursive sh -c "git config --local --name-only --get-regexp 'core\.sshCommand' && git config --local --unset-all 'core.sshCommand' || :"
Verify Port (Strict 5002)	Run actions/checkout@34e114876b0b11c390a56381ad16ebd13914f8d5	2026-07-27T08:34:38.2697826Z [command]/usr/bin/git config --local --name-only --get-regexp http\.https\:\/\/github\.com\/\.extraheader
Verify Port (Strict 5002)	Run actions/checkout@34e114876b0b11c390a56381ad16ebd13914f8d5	2026-07-27T08:34:38.2735630Z [command]/usr/bin/git submodule foreach --recursive sh -c "git config --local --name-only --get-regexp 'http\.https\:\/\/github\.com\/\.extraheader' && git config --local --unset-all 'http.https://github.com/.extraheader' || :"
Verify Port (Strict 5002)	Run actions/checkout@34e114876b0b11c390a56381ad16ebd13914f8d5	2026-07-27T08:34:38.2973365Z [command]/usr/bin/git config --local --name-only --get-regexp ^includeIf\.gitdir:
Verify Port (Strict 5002)	Run actions/checkout@34e114876b0b11c390a56381ad16ebd13914f8d5	2026-07-27T08:34:38.3010644Z [command]/usr/bin/git submodule foreach --recursive git config --local --show-origin --name-only --get-regexp remote.origin.url
Verify Port (Strict 5002)	Run actions/checkout@34e114876b0b11c390a56381ad16ebd13914f8d5	2026-07-27T08:34:38.3240640Z [command]/usr/bin/git config --local http.https://github.com/.extraheader AUTHORIZATION: basic ***
Verify Port (Strict 5002)	Run actions/checkout@34e114876b0b11c390a56381ad16ebd13914f8d5	2026-07-27T08:34:38.3291996Z ##[endgroup]
Verify Port (Strict 5002)	Run actions/checkout@34e114876b0b11c390a56381ad16ebd13914f8d5	2026-07-27T08:34:38.3292799Z ##[group]Fetching the repository
Verify Port (Strict 5002)	Run actions/checkout@34e114876b0b11c390a56381ad16ebd13914f8d5	2026-07-27T08:34:38.3308486Z [command]/usr/bin/git -c protocol.version=2 fetch --no-tags --prune --no-recurse-submodules --depth=1 origin +26f0cf27e4528a1005b56c4ef6500a9d1b44b418:refs/remotes/origin/main
Verify Port (Strict 5002)	Run actions/checkout@34e114876b0b11c390a56381ad16ebd13914f8d5	2026-07-27T08:34:39.7901974Z From https://github.com/hateem2121/RUN
Verify Port (Strict 5002)	Run actions/checkout@34e114876b0b11c390a56381ad16ebd13914f8d5	2026-07-27T08:34:39.7904143Z  * [new ref]         26f0cf27e4528a1005b56c4ef6500a9d1b44b418 -> origin/main
Verify Port (Strict 5002)	Run actions/checkout@34e114876b0b11c390a56381ad16ebd13914f8d5	2026-07-27T08:34:39.7946914Z ##[endgroup]
Verify Port (Strict 5002)	Run actions/checkout@34e114876b0b11c390a56381ad16ebd13914f8d5	2026-07-27T08:34:39.7948184Z ##[group]Determining the checkout info
Verify Port (Strict 5002)	Run actions/checkout@34e114876b0b11c390a56381ad16ebd13914f8d5	2026-07-27T08:34:39.7951210Z ##[endgroup]
Verify Port (Strict 5002)	Run actions/checkout@34e114876b0b11c390a56381ad16ebd13914f8d5	2026-07-27T08:34:39.7964927Z [command]/usr/bin/git sparse-checkout disable
Verify Port (Strict 5002)	Run actions/checkout@34e114876b0b11c390a56381ad16ebd13914f8d5	2026-07-27T08:34:39.8015931Z [command]/usr/bin/git config --local --unset-all extensions.worktreeConfig
Verify Port (Strict 5002)	Run actions/checkout@34e114876b0b11c390a56381ad16ebd13914f8d5	2026-07-27T08:34:39.8053495Z ##[group]Checking out the ref
Verify Port (Strict 5002)	Run actions/checkout@34e114876b0b11c390a56381ad16ebd13914f8d5	2026-07-27T08:34:39.8061458Z [command]/usr/bin/git checkout --progress --force -B main refs/remotes/origin/main
Verify Port (Strict 5002)	Run actions/checkout@34e114876b0b11c390a56381ad16ebd13914f8d5	2026-07-27T08:34:40.1246611Z Switched to a new branch 'main'
Verify Port (Strict 5002)	Run actions/checkout@34e114876b0b11c390a56381ad16ebd13914f8d5	2026-07-27T08:34:40.1247603Z branch 'main' set up to track 'origin/main'.
Verify Port (Strict 5002)	Run actions/checkout@34e114876b0b11c390a56381ad16ebd13914f8d5	2026-07-27T08:34:40.1273630Z ##[endgroup]
Verify Port (Strict 5002)	Run actions/checkout@34e114876b0b11c390a56381ad16ebd13914f8d5	2026-07-27T08:34:40.1345178Z [command]/usr/bin/git log -1 --format=%H
Verify Port (Strict 5002)	Run actions/checkout@34e114876b0b11c390a56381ad16ebd13914f8d5	2026-07-27T08:34:40.1372473Z 26f0cf27e4528a1005b56c4ef6500a9d1b44b418
Verify Port (Strict 5002)	Run actions/setup-node@49933ea5288caeca8642d1e84afbd3f7d6820020	﻿2026-07-27T08:34:40.1647801Z Node 20 is being deprecated. This workflow is running with Node 24 by default. If you need to temporarily use Node 20, you can set the ACTIONS_ALLOW_USE_UNSECURE_NODE_VERSION=true environment variable. For more information see: https://github.blog/changelog/2025-09-19-deprecation-of-node-20-on-github-actions-runners/
Verify Port (Strict 5002)	Run actions/setup-node@49933ea5288caeca8642d1e84afbd3f7d6820020	2026-07-27T08:34:40.1650291Z ##[group]Run actions/setup-node@49933ea5288caeca8642d1e84afbd3f7d6820020
Verify Port (Strict 5002)	Run actions/setup-node@49933ea5288caeca8642d1e84afbd3f7d6820020	2026-07-27T08:34:40.1650908Z with:
Verify Port (Strict 5002)	Run actions/setup-node@49933ea5288caeca8642d1e84afbd3f7d6820020	2026-07-27T08:34:40.1651323Z   node-version: 24
Verify Port (Strict 5002)	Run actions/setup-node@49933ea5288caeca8642d1e84afbd3f7d6820020	2026-07-27T08:34:40.1651738Z   cache: npm
Verify Port (Strict 5002)	Run actions/setup-node@49933ea5288caeca8642d1e84afbd3f7d6820020	2026-07-27T08:34:40.1652141Z   always-auth: false
Verify Port (Strict 5002)	Run actions/setup-node@49933ea5288caeca8642d1e84afbd3f7d6820020	2026-07-27T08:34:40.1652570Z   check-latest: false
Verify Port (Strict 5002)	Run actions/setup-node@49933ea5288caeca8642d1e84afbd3f7d6820020	2026-07-27T08:34:40.1655561Z   token: ***
Verify Port (Strict 5002)	Run actions/setup-node@49933ea5288caeca8642d1e84afbd3f7d6820020	2026-07-27T08:34:40.1655987Z ##[endgroup]
Verify Port (Strict 5002)	Run actions/setup-node@49933ea5288caeca8642d1e84afbd3f7d6820020	2026-07-27T08:34:40.3059375Z (node:2238) [DEP0040] DeprecationWarning: The `punycode` module is deprecated. Please use a userland alternative instead.
Verify Port (Strict 5002)	Run actions/setup-node@49933ea5288caeca8642d1e84afbd3f7d6820020	2026-07-27T08:34:40.3060897Z (Use `node --trace-deprecation ...` to show where the warning was created)
Verify Port (Strict 5002)	Run actions/setup-node@49933ea5288caeca8642d1e84afbd3f7d6820020	2026-07-27T08:34:40.3062605Z Found in cache @ /opt/hostedtoolcache/node/24.18.0/x64
Verify Port (Strict 5002)	Run actions/setup-node@49933ea5288caeca8642d1e84afbd3f7d6820020	2026-07-27T08:34:40.3064312Z ##[group]Environment details
Verify Port (Strict 5002)	Run actions/setup-node@49933ea5288caeca8642d1e84afbd3f7d6820020	2026-07-27T08:34:40.6879170Z node: v24.18.0
Verify Port (Strict 5002)	Run actions/setup-node@49933ea5288caeca8642d1e84afbd3f7d6820020	2026-07-27T08:34:40.6879883Z npm: 11.16.0
Verify Port (Strict 5002)	Run actions/setup-node@49933ea5288caeca8642d1e84afbd3f7d6820020	2026-07-27T08:34:40.6880491Z yarn: 1.22.22
Verify Port (Strict 5002)	Run actions/setup-node@49933ea5288caeca8642d1e84afbd3f7d6820020	2026-07-27T08:34:40.6881717Z ##[endgroup]
Verify Port (Strict 5002)	Run actions/setup-node@49933ea5288caeca8642d1e84afbd3f7d6820020	2026-07-27T08:34:40.6910263Z [command]/opt/hostedtoolcache/node/24.18.0/x64/bin/npm config get cache
Verify Port (Strict 5002)	Run actions/setup-node@49933ea5288caeca8642d1e84afbd3f7d6820020	2026-07-27T08:34:40.8009544Z /home/runner/.npm
Verify Port (Strict 5002)	Run actions/setup-node@49933ea5288caeca8642d1e84afbd3f7d6820020	2026-07-27T08:34:40.8929785Z Cache hit for: node-cache-Linux-x64-npm-c58d906b01e082c52cec98a405d7736653b10234b5336d059e7e115a6d4c3c05
Verify Port (Strict 5002)	Run actions/setup-node@49933ea5288caeca8642d1e84afbd3f7d6820020	2026-07-27T08:34:40.9038938Z (node:2238) [DEP0169] DeprecationWarning: `url.parse()` behavior is not standardized and prone to errors that have security implications. Use the WHATWG URL API instead. CVEs are not issued for `url.parse()` vulnerabilities.
Verify Port (Strict 5002)	Run actions/setup-node@49933ea5288caeca8642d1e84afbd3f7d6820020	2026-07-27T08:34:41.9328067Z Received 268435456 of 365303004 (73.5%), 256.0 MBs/sec
Verify Port (Strict 5002)	Run actions/setup-node@49933ea5288caeca8642d1e84afbd3f7d6820020	2026-07-27T08:34:42.2984831Z Received 365303004 of 365303004 (100.0%), 254.9 MBs/sec
Verify Port (Strict 5002)	Run actions/setup-node@49933ea5288caeca8642d1e84afbd3f7d6820020	2026-07-27T08:34:42.2986176Z Cache Size: ~348 MB (365303004 B)
Verify Port (Strict 5002)	Run actions/setup-node@49933ea5288caeca8642d1e84afbd3f7d6820020	2026-07-27T08:34:42.3047668Z [command]/usr/bin/tar -xf /home/runner/work/_temp/1bda9fe8-0d0c-4c3f-b2e6-3694313ea22e/cache.tzst -P -C /home/runner/work/RUN/RUN --use-compress-program unzstd
Verify Port (Strict 5002)	Run actions/setup-node@49933ea5288caeca8642d1e84afbd3f7d6820020	2026-07-27T08:34:43.3845674Z Cache restored successfully
Verify Port (Strict 5002)	Run actions/setup-node@49933ea5288caeca8642d1e84afbd3f7d6820020	2026-07-27T08:34:43.4014497Z Cache restored from key: node-cache-Linux-x64-npm-c58d906b01e082c52cec98a405d7736653b10234b5336d059e7e115a6d4c3c05
Verify Port (Strict 5002)	Run npm ci	﻿2026-07-27T08:34:43.4296033Z ##[group]Run npm ci
Verify Port (Strict 5002)	Run npm ci	2026-07-27T08:34:43.4296383Z ^[[36;1mnpm ci^[[0m
Verify Port (Strict 5002)	Run npm ci	2026-07-27T08:34:43.4352738Z shell: /usr/bin/bash -e {0}
Verify Port (Strict 5002)	Run npm ci	2026-07-27T08:34:43.4353275Z ##[endgroup]
Verify Port (Strict 5002)	Run npm ci	2026-07-27T08:35:18.1868351Z 
Verify Port (Strict 5002)	Run npm ci	2026-07-27T08:35:18.1875050Z > run-remix-monorepo@4.1.2 prepare
Verify Port (Strict 5002)	Run npm ci	2026-07-27T08:35:18.1875510Z > husky
Verify Port (Strict 5002)	Run npm ci	2026-07-27T08:35:18.1875640Z 
Verify Port (Strict 5002)	Run npm ci	2026-07-27T08:35:18.3656309Z 
Verify Port (Strict 5002)	Run npm ci	2026-07-27T08:35:18.3657420Z added 1242 packages, and audited 1247 packages in 35s
Verify Port (Strict 5002)	Run npm ci	2026-07-27T08:35:18.3657912Z 
Verify Port (Strict 5002)	Run npm ci	2026-07-27T08:35:18.3658242Z 260 packages are looking for funding
Verify Port (Strict 5002)	Run npm ci	2026-07-27T08:35:18.3659017Z   run `npm fund` for details
Verify Port (Strict 5002)	Run npm ci	2026-07-27T08:35:18.3870637Z 
Verify Port (Strict 5002)	Run npm ci	2026-07-27T08:35:18.3871094Z 16 vulnerabilities (2 low, 14 high)
Verify Port (Strict 5002)	Run npm ci	2026-07-27T08:35:18.3871499Z 
Verify Port (Strict 5002)	Run npm ci	2026-07-27T08:35:18.3871972Z To address issues that do not require attention, run:
Verify Port (Strict 5002)	Run npm ci	2026-07-27T08:35:18.3872592Z   npm audit fix
Verify Port (Strict 5002)	Run npm ci	2026-07-27T08:35:18.3872826Z 
Verify Port (Strict 5002)	Run npm ci	2026-07-27T08:35:18.3873480Z To address all issues (including breaking changes), run:
Verify Port (Strict 5002)	Run npm ci	2026-07-27T08:35:18.3874160Z   npm audit fix --force
Verify Port (Strict 5002)	Run npm ci	2026-07-27T08:35:18.3874544Z 
Verify Port (Strict 5002)	Run npm ci	2026-07-27T08:35:18.3874780Z Run `npm audit` for details.
Verify Port (Strict 5002)	Run npm ci	2026-07-27T08:35:18.3887608Z npm warn allow-scripts 3 packages have install scripts not yet covered by allowScripts:
Verify Port (Strict 5002)	Run npm ci	2026-07-27T08:35:18.3888916Z npm warn allow-scripts   esbuild@0.25.12 (postinstall: node install.js)
Verify Port (Strict 5002)	Run npm ci	2026-07-27T08:35:18.3890142Z npm warn allow-scripts   protobufjs@7.6.5 (postinstall: node scripts/postinstall)
Verify Port (Strict 5002)	Run npm ci	2026-07-27T08:35:18.3891457Z npm warn allow-scripts   sharp@0.34.5 (install: node install/check.js || npm run build)
Verify Port (Strict 5002)	Run npm ci	2026-07-27T08:35:18.3892369Z npm warn allow-scripts
Verify Port (Strict 5002)	Run npm ci	2026-07-27T08:35:18.3893913Z npm warn allow-scripts Run `npm approve-scripts --allow-scripts-pending` to review, or `npm approve-scripts <pkg>` to allow.
Verify Port (Strict 5002)	Verify Port 5002 Compliance	﻿2026-07-27T08:35:18.5655843Z ##[group]Run npm run verify-port
Verify Port (Strict 5002)	Verify Port 5002 Compliance	2026-07-27T08:35:18.5656199Z ^[[36;1mnpm run verify-port^[[0m
Verify Port (Strict 5002)	Verify Port 5002 Compliance	2026-07-27T08:35:18.5718697Z shell: /usr/bin/bash -e {0}
Verify Port (Strict 5002)	Verify Port 5002 Compliance	2026-07-27T08:35:18.5719016Z ##[endgroup]
Verify Port (Strict 5002)	Verify Port 5002 Compliance	2026-07-27T08:35:18.6753410Z 
Verify Port (Strict 5002)	Verify Port 5002 Compliance	2026-07-27T08:35:18.6753879Z > run-remix-monorepo@4.1.2 verify-port
Verify Port (Strict 5002)	Verify Port 5002 Compliance	2026-07-27T08:35:18.6754368Z > node scripts/verify-port-5002.js
Verify Port (Strict 5002)	Verify Port 5002 Compliance	2026-07-27T08:35:18.6754586Z 
Verify Port (Strict 5002)	Verify Port 5002 Compliance	2026-07-27T08:35:18.7063763Z 🔍 Verifying Port 5002 Compliance...
Verify Port (Strict 5002)	Verify Port 5002 Compliance	2026-07-27T08:35:18.7070153Z 
Verify Port (Strict 5002)	Verify Port 5002 Compliance	2026-07-27T08:35:18.7070704Z ✅ Port 5002 Compliance Verified.
Verify Port (Strict 5002)	Post Run actions/setup-node@49933ea5288caeca8642d1e84afbd3f7d6820020	﻿2026-07-27T08:35:18.7258477Z Node 20 is being deprecated. This workflow is running with Node 24 by default. If you need to temporarily use Node 20, you can set the ACTIONS_ALLOW_USE_UNSECURE_NODE_VERSION=true environment variable. For more information see: https://github.blog/changelog/2025-09-19-deprecation-of-node-20-on-github-actions-runners/
Verify Port (Strict 5002)	Post Run actions/setup-node@49933ea5288caeca8642d1e84afbd3f7d6820020	2026-07-27T08:35:18.7259751Z Post job cleanup.
Verify Port (Strict 5002)	Post Run actions/setup-node@49933ea5288caeca8642d1e84afbd3f7d6820020	2026-07-27T08:35:18.8433738Z (node:2389) [DEP0040] DeprecationWarning: The `punycode` module is deprecated. Please use a userland alternative instead.
Verify Port (Strict 5002)	Post Run actions/setup-node@49933ea5288caeca8642d1e84afbd3f7d6820020	2026-07-27T08:35:18.8435401Z (Use `node --trace-deprecation ...` to show where the warning was created)
Verify Port (Strict 5002)	Post Run actions/setup-node@49933ea5288caeca8642d1e84afbd3f7d6820020	2026-07-27T08:35:18.8437711Z Cache hit occurred on the primary key node-cache-Linux-x64-npm-c58d906b01e082c52cec98a405d7736653b10234b5336d059e7e115a6d4c3c05, not saving cache.
Verify Port (Strict 5002)	Post Run actions/checkout@34e114876b0b11c390a56381ad16ebd13914f8d5	﻿2026-07-27T08:35:18.8582028Z Node 20 is being deprecated. This workflow is running with Node 24 by default. If you need to temporarily use Node 20, you can set the ACTIONS_ALLOW_USE_UNSECURE_NODE_VERSION=true environment variable. For more information see: https://github.blog/changelog/2025-09-19-deprecation-of-node-20-on-github-actions-runners/
Verify Port (Strict 5002)	Post Run actions/checkout@34e114876b0b11c390a56381ad16ebd13914f8d5	2026-07-27T08:35:18.8583668Z Post job cleanup.
Verify Port (Strict 5002)	Post Run actions/checkout@34e114876b0b11c390a56381ad16ebd13914f8d5	2026-07-27T08:35:18.9400087Z [command]/usr/bin/git version
Verify Port (Strict 5002)	Post Run actions/checkout@34e114876b0b11c390a56381ad16ebd13914f8d5	2026-07-27T08:35:18.9442396Z git version 2.54.0
Verify Port (Strict 5002)	Post Run actions/checkout@34e114876b0b11c390a56381ad16ebd13914f8d5	2026-07-27T08:35:18.9481791Z Temporarily overriding HOME='/home/runner/work/_temp/fa91a56a-f5e5-46c7-92f7-76edf83e85e4' before making global git config changes
Verify Port (Strict 5002)	Post Run actions/checkout@34e114876b0b11c390a56381ad16ebd13914f8d5	2026-07-27T08:35:18.9483787Z Adding repository directory to the temporary git global config as a safe directory
Verify Port (Strict 5002)	Post Run actions/checkout@34e114876b0b11c390a56381ad16ebd13914f8d5	2026-07-27T08:35:18.9487235Z [command]/usr/bin/git config --global --add safe.directory /home/runner/work/RUN/RUN
Verify Port (Strict 5002)	Post Run actions/checkout@34e114876b0b11c390a56381ad16ebd13914f8d5	2026-07-27T08:35:18.9526765Z [command]/usr/bin/git config --local --name-only --get-regexp core\.sshCommand
Verify Port (Strict 5002)	Post Run actions/checkout@34e114876b0b11c390a56381ad16ebd13914f8d5	2026-07-27T08:35:18.9563540Z [command]/usr/bin/git submodule foreach --recursive sh -c "git config --local --name-only --get-regexp 'core\.sshCommand' && git config --local --unset-all 'core.sshCommand' || :"
Verify Port (Strict 5002)	Post Run actions/checkout@34e114876b0b11c390a56381ad16ebd13914f8d5	2026-07-27T08:35:18.9811050Z [command]/usr/bin/git config --local --name-only --get-regexp http\.https\:\/\/github\.com\/\.extraheader
Verify Port (Strict 5002)	Post Run actions/checkout@34e114876b0b11c390a56381ad16ebd13914f8d5	2026-07-27T08:35:18.9838915Z http.https://github.com/.extraheader
Verify Port (Strict 5002)	Post Run actions/checkout@34e114876b0b11c390a56381ad16ebd13914f8d5	2026-07-27T08:35:18.9850930Z [command]/usr/bin/git config --local --unset-all http.https://github.com/.extraheader
Verify Port (Strict 5002)	Post Run actions/checkout@34e114876b0b11c390a56381ad16ebd13914f8d5	2026-07-27T08:35:18.9907949Z [command]/usr/bin/git submodule foreach --recursive sh -c "git config --local --name-only --get-regexp 'http\.https\:\/\/github\.com\/\.extraheader' && git config --local --unset-all 'http.https://github.com/.extraheader' || :"
Verify Port (Strict 5002)	Post Run actions/checkout@34e114876b0b11c390a56381ad16ebd13914f8d5	2026-07-27T08:35:19.0192317Z [command]/usr/bin/git config --local --name-only --get-regexp ^includeIf\.gitdir:
Verify Port (Strict 5002)	Post Run actions/checkout@34e114876b0b11c390a56381ad16ebd13914f8d5	2026-07-27T08:35:19.0228082Z [command]/usr/bin/git submodule foreach --recursive git config --local --show-origin --name-only --get-regexp remote.origin.url
Verify Port (Strict 5002)	Complete job	﻿2026-07-27T08:35:19.0633308Z Cleaning up orphan processes
Verify Port (Strict 5002)	Complete job	2026-07-27T08:35:19.0955596Z ##[warning]Node.js 20 is deprecated. The following actions target Node.js 20 but are being forced to run on Node.js 24: actions/checkout@34e114876b0b11c390a56381ad16ebd13914f8d5, actions/setup-node@49933ea5288caeca8642d1e84afbd3f7d6820020. For more information see: https://github.blog/changelog/2025-09-19-deprecation-of-node-20-on-github-actions-runners/
Setup	Set up job	﻿2026-07-27T08:34:37.3515622Z Current runner version: '2.335.1'
Setup	Set up job	2026-07-27T08:34:37.3543318Z ##[group]Runner Image Provisioner
Setup	Set up job	2026-07-27T08:34:37.3544316Z Hosted Compute Agent
Setup	Set up job	2026-07-27T08:34:37.3544956Z Version: 20260707.563
Setup	Set up job	2026-07-27T08:34:37.3545709Z Commit: 02667638d2b423fbc733a8e32a88b44996a3ba6e
Setup	Set up job	2026-07-27T08:34:37.3546492Z Build Date: 2026-07-07T19:33:50Z
Setup	Set up job	2026-07-27T08:34:37.3547200Z Worker ID: {d53eadc7-ef0c-44ca-8f96-1fb1173305f9}
Setup	Set up job	2026-07-27T08:34:37.3547984Z Azure Region: eastus2
Setup	Set up job	2026-07-27T08:34:37.3548581Z ##[endgroup]
Setup	Set up job	2026-07-27T08:34:37.3550357Z ##[group]Operating System
Setup	Set up job	2026-07-27T08:34:37.3551142Z Ubuntu
Setup	Set up job	2026-07-27T08:34:37.3551694Z 24.04.4
Setup	Set up job	2026-07-27T08:34:37.3552290Z LTS
Setup	Set up job	2026-07-27T08:34:37.3552842Z ##[endgroup]
Setup	Set up job	2026-07-27T08:34:37.3553448Z ##[group]Runner Image
Setup	Set up job	2026-07-27T08:34:37.3554118Z Image: ubuntu-24.04
Setup	Set up job	2026-07-27T08:34:37.3554705Z Version: 20260720.247.2
Setup	Set up job	2026-07-27T08:34:37.3555772Z Included Software: https://github.com/actions/runner-images/blob/ubuntu24/20260720.247/images/ubuntu/Ubuntu2404-Readme.md
Setup	Set up job	2026-07-27T08:34:37.3557637Z Image Release: https://github.com/actions/runner-images/releases/tag/ubuntu24%2F20260720.247
Setup	Set up job	2026-07-27T08:34:37.3558666Z ##[endgroup]
Setup	Set up job	2026-07-27T08:34:37.3559988Z ##[group]GITHUB_TOKEN Permissions
Setup	Set up job	2026-07-27T08:34:37.3562311Z Contents: read
Setup	Set up job	2026-07-27T08:34:37.3562946Z Metadata: read
Setup	Set up job	2026-07-27T08:34:37.3563549Z ##[endgroup]
Setup	Set up job	2026-07-27T08:34:37.3565814Z Secret source: Actions
Setup	Set up job	2026-07-27T08:34:37.3566833Z Prepare workflow directory
Setup	Set up job	2026-07-27T08:34:37.3894569Z Prepare all required actions
Setup	Set up job	2026-07-27T08:34:37.3932602Z Getting action download info
Setup	Set up job	2026-07-27T08:34:37.5992561Z Download action repository 'actions/checkout@34e114876b0b11c390a56381ad16ebd13914f8d5' (SHA:34e114876b0b11c390a56381ad16ebd13914f8d5)
Setup	Set up job	2026-07-27T08:34:37.7617590Z Download action repository 'tj-actions/branch-names@dde14ac574a8b9b1cedc59a1cf312788af43d8d8' (SHA:dde14ac574a8b9b1cedc59a1cf312788af43d8d8)
Setup	Set up job	2026-07-27T08:34:38.0077743Z Complete job name: Setup
Setup	Run actions/checkout@34e114876b0b11c390a56381ad16ebd13914f8d5	﻿2026-07-27T08:34:38.0810493Z Node 20 is being deprecated. This workflow is running with Node 24 by default. If you need to temporarily use Node 20, you can set the ACTIONS_ALLOW_USE_UNSECURE_NODE_VERSION=true environment variable. For more information see: https://github.blog/changelog/2025-09-19-deprecation-of-node-20-on-github-actions-runners/
Setup	Run actions/checkout@34e114876b0b11c390a56381ad16ebd13914f8d5	2026-07-27T08:34:38.0819536Z ##[group]Run actions/checkout@34e114876b0b11c390a56381ad16ebd13914f8d5
Setup	Run actions/checkout@34e114876b0b11c390a56381ad16ebd13914f8d5	2026-07-27T08:34:38.0821012Z with:
Setup	Run actions/checkout@34e114876b0b11c390a56381ad16ebd13914f8d5	2026-07-27T08:34:38.0821479Z   repository: hateem2121/RUN
Setup	Run actions/checkout@34e114876b0b11c390a56381ad16ebd13914f8d5	2026-07-27T08:34:38.0825615Z   token: ***
Setup	Run actions/checkout@34e114876b0b11c390a56381ad16ebd13914f8d5	2026-07-27T08:34:38.0826068Z   ssh-strict: true
Setup	Run actions/checkout@34e114876b0b11c390a56381ad16ebd13914f8d5	2026-07-27T08:34:38.0826523Z   ssh-user: git
Setup	Run actions/checkout@34e114876b0b11c390a56381ad16ebd13914f8d5	2026-07-27T08:34:38.0826980Z   persist-credentials: true
Setup	Run actions/checkout@34e114876b0b11c390a56381ad16ebd13914f8d5	2026-07-27T08:34:38.0827470Z   clean: true
Setup	Run actions/checkout@34e114876b0b11c390a56381ad16ebd13914f8d5	2026-07-27T08:34:38.0827932Z   sparse-checkout-cone-mode: true
Setup	Run actions/checkout@34e114876b0b11c390a56381ad16ebd13914f8d5	2026-07-27T08:34:38.0828475Z   fetch-depth: 1
Setup	Run actions/checkout@34e114876b0b11c390a56381ad16ebd13914f8d5	2026-07-27T08:34:38.0828915Z   fetch-tags: false
Setup	Run actions/checkout@34e114876b0b11c390a56381ad16ebd13914f8d5	2026-07-27T08:34:38.0829506Z   show-progress: true
Setup	Run actions/checkout@34e114876b0b11c390a56381ad16ebd13914f8d5	2026-07-27T08:34:38.0829974Z   lfs: false
Setup	Run actions/checkout@34e114876b0b11c390a56381ad16ebd13914f8d5	2026-07-27T08:34:38.0830452Z   submodules: false
Setup	Run actions/checkout@34e114876b0b11c390a56381ad16ebd13914f8d5	2026-07-27T08:34:38.0830919Z   set-safe-directory: true
Setup	Run actions/checkout@34e114876b0b11c390a56381ad16ebd13914f8d5	2026-07-27T08:34:38.0832028Z ##[endgroup]
Setup	Run actions/checkout@34e114876b0b11c390a56381ad16ebd13914f8d5	2026-07-27T08:34:38.1872603Z Syncing repository: hateem2121/RUN
Setup	Run actions/checkout@34e114876b0b11c390a56381ad16ebd13914f8d5	2026-07-27T08:34:38.1875572Z ##[group]Getting Git version info
Setup	Run actions/checkout@34e114876b0b11c390a56381ad16ebd13914f8d5	2026-07-27T08:34:38.1876620Z Working directory is '/home/runner/work/RUN/RUN'
Setup	Run actions/checkout@34e114876b0b11c390a56381ad16ebd13914f8d5	2026-07-27T08:34:38.1878118Z [command]/usr/bin/git version
Setup	Run actions/checkout@34e114876b0b11c390a56381ad16ebd13914f8d5	2026-07-27T08:34:38.1934284Z git version 2.54.0
Setup	Run actions/checkout@34e114876b0b11c390a56381ad16ebd13914f8d5	2026-07-27T08:34:38.1957615Z ##[endgroup]
Setup	Run actions/checkout@34e114876b0b11c390a56381ad16ebd13914f8d5	2026-07-27T08:34:38.1984909Z Temporarily overriding HOME='/home/runner/work/_temp/1800a0a9-fc3e-4b61-ae12-69cf64b4aca9' before making global git config changes
Setup	Run actions/checkout@34e114876b0b11c390a56381ad16ebd13914f8d5	2026-07-27T08:34:38.1987234Z Adding repository directory to the temporary git global config as a safe directory
Setup	Run actions/checkout@34e114876b0b11c390a56381ad16ebd13914f8d5	2026-07-27T08:34:38.1995727Z [command]/usr/bin/git config --global --add safe.directory /home/runner/work/RUN/RUN
Setup	Run actions/checkout@34e114876b0b11c390a56381ad16ebd13914f8d5	2026-07-27T08:34:38.2059922Z Deleting the contents of '/home/runner/work/RUN/RUN'
Setup	Run actions/checkout@34e114876b0b11c390a56381ad16ebd13914f8d5	2026-07-27T08:34:38.2064349Z ##[group]Initializing the repository
Setup	Run actions/checkout@34e114876b0b11c390a56381ad16ebd13914f8d5	2026-07-27T08:34:38.2070890Z [command]/usr/bin/git init /home/runner/work/RUN/RUN
Setup	Run actions/checkout@34e114876b0b11c390a56381ad16ebd13914f8d5	2026-07-27T08:34:38.2174268Z hint: Using 'master' as the name for the initial branch. This default branch name
Setup	Run actions/checkout@34e114876b0b11c390a56381ad16ebd13914f8d5	2026-07-27T08:34:38.2175923Z hint: will change to "main" in Git 3.0. To configure the initial branch name
Setup	Run actions/checkout@34e114876b0b11c390a56381ad16ebd13914f8d5	2026-07-27T08:34:38.2177401Z hint: to use in all of your new repositories, which will suppress this warning,
Setup	Run actions/checkout@34e114876b0b11c390a56381ad16ebd13914f8d5	2026-07-27T08:34:38.2178586Z hint: call:
Setup	Run actions/checkout@34e114876b0b11c390a56381ad16ebd13914f8d5	2026-07-27T08:34:38.2179859Z hint:
Setup	Run actions/checkout@34e114876b0b11c390a56381ad16ebd13914f8d5	2026-07-27T08:34:38.2180731Z hint: 	git config --global init.defaultBranch <name>
Setup	Run actions/checkout@34e114876b0b11c390a56381ad16ebd13914f8d5	2026-07-27T08:34:38.2181572Z hint:
Setup	Run actions/checkout@34e114876b0b11c390a56381ad16ebd13914f8d5	2026-07-27T08:34:38.2182290Z hint: Names commonly chosen instead of 'master' are 'main', 'trunk' and
Setup	Run actions/checkout@34e114876b0b11c390a56381ad16ebd13914f8d5	2026-07-27T08:34:38.2183597Z hint: 'development'. The just-created branch can be renamed via this command:
Setup	Run actions/checkout@34e114876b0b11c390a56381ad16ebd13914f8d5	2026-07-27T08:34:38.2184484Z hint:
Setup	Run actions/checkout@34e114876b0b11c390a56381ad16ebd13914f8d5	2026-07-27T08:34:38.2184915Z hint: 	git branch -m <name>
Setup	Run actions/checkout@34e114876b0b11c390a56381ad16ebd13914f8d5	2026-07-27T08:34:38.2185400Z hint:
Setup	Run actions/checkout@34e114876b0b11c390a56381ad16ebd13914f8d5	2026-07-27T08:34:38.2186016Z hint: Disable this message with "git config set advice.defaultBranchName false"
Setup	Run actions/checkout@34e114876b0b11c390a56381ad16ebd13914f8d5	2026-07-27T08:34:38.2187040Z Initialized empty Git repository in /home/runner/work/RUN/RUN/.git/
Setup	Run actions/checkout@34e114876b0b11c390a56381ad16ebd13914f8d5	2026-07-27T08:34:38.2192337Z [command]/usr/bin/git remote add origin https://github.com/hateem2121/RUN
Setup	Run actions/checkout@34e114876b0b11c390a56381ad16ebd13914f8d5	2026-07-27T08:34:38.2240806Z ##[endgroup]
Setup	Run actions/checkout@34e114876b0b11c390a56381ad16ebd13914f8d5	2026-07-27T08:34:38.2241632Z ##[group]Disabling automatic garbage collection
Setup	Run actions/checkout@34e114876b0b11c390a56381ad16ebd13914f8d5	2026-07-27T08:34:38.2245905Z [command]/usr/bin/git config --local gc.auto 0
Setup	Run actions/checkout@34e114876b0b11c390a56381ad16ebd13914f8d5	2026-07-27T08:34:38.2281680Z ##[endgroup]
Setup	Run actions/checkout@34e114876b0b11c390a56381ad16ebd13914f8d5	2026-07-27T08:34:38.2282678Z ##[group]Setting up auth
Setup	Run actions/checkout@34e114876b0b11c390a56381ad16ebd13914f8d5	2026-07-27T08:34:38.2290616Z [command]/usr/bin/git config --local --name-only --get-regexp core\.sshCommand
Setup	Run actions/checkout@34e114876b0b11c390a56381ad16ebd13914f8d5	2026-07-27T08:34:38.2339095Z [command]/usr/bin/git submodule foreach --recursive sh -c "git config --local --name-only --get-regexp 'core\.sshCommand' && git config --local --unset-all 'core.sshCommand' || :"
Setup	Run actions/checkout@34e114876b0b11c390a56381ad16ebd13914f8d5	2026-07-27T08:34:38.2738326Z [command]/usr/bin/git config --local --name-only --get-regexp http\.https\:\/\/github\.com\/\.extraheader
Setup	Run actions/checkout@34e114876b0b11c390a56381ad16ebd13914f8d5	2026-07-27T08:34:38.2784456Z [command]/usr/bin/git submodule foreach --recursive sh -c "git config --local --name-only --get-regexp 'http\.https\:\/\/github\.com\/\.extraheader' && git config --local --unset-all 'http.https://github.com/.extraheader' || :"
Setup	Run actions/checkout@34e114876b0b11c390a56381ad16ebd13914f8d5	2026-07-27T08:34:38.3042315Z [command]/usr/bin/git config --local --name-only --get-regexp ^includeIf\.gitdir:
Setup	Run actions/checkout@34e114876b0b11c390a56381ad16ebd13914f8d5	2026-07-27T08:34:38.3082366Z [command]/usr/bin/git submodule foreach --recursive git config --local --show-origin --name-only --get-regexp remote.origin.url
Setup	Run actions/checkout@34e114876b0b11c390a56381ad16ebd13914f8d5	2026-07-27T08:34:38.3346582Z [command]/usr/bin/git config --local http.https://github.com/.extraheader AUTHORIZATION: basic ***
Setup	Run actions/checkout@34e114876b0b11c390a56381ad16ebd13914f8d5	2026-07-27T08:34:38.3389687Z ##[endgroup]
Setup	Run actions/checkout@34e114876b0b11c390a56381ad16ebd13914f8d5	2026-07-27T08:34:38.3390873Z ##[group]Fetching the repository
Setup	Run actions/checkout@34e114876b0b11c390a56381ad16ebd13914f8d5	2026-07-27T08:34:38.3400221Z [command]/usr/bin/git -c protocol.version=2 fetch --no-tags --prune --no-recurse-submodules --depth=1 origin +26f0cf27e4528a1005b56c4ef6500a9d1b44b418:refs/remotes/origin/main
Setup	Run actions/checkout@34e114876b0b11c390a56381ad16ebd13914f8d5	2026-07-27T08:34:39.8331508Z From https://github.com/hateem2121/RUN
Setup	Run actions/checkout@34e114876b0b11c390a56381ad16ebd13914f8d5	2026-07-27T08:34:39.8332853Z  * [new ref]         26f0cf27e4528a1005b56c4ef6500a9d1b44b418 -> origin/main
Setup	Run actions/checkout@34e114876b0b11c390a56381ad16ebd13914f8d5	2026-07-27T08:34:39.8373570Z ##[endgroup]
Setup	Run actions/checkout@34e114876b0b11c390a56381ad16ebd13914f8d5	2026-07-27T08:34:39.8381092Z ##[group]Determining the checkout info
Setup	Run actions/checkout@34e114876b0b11c390a56381ad16ebd13914f8d5	2026-07-27T08:34:39.8382194Z ##[endgroup]
Setup	Run actions/checkout@34e114876b0b11c390a56381ad16ebd13914f8d5	2026-07-27T08:34:39.8385960Z [command]/usr/bin/git sparse-checkout disable
Setup	Run actions/checkout@34e114876b0b11c390a56381ad16ebd13914f8d5	2026-07-27T08:34:39.8444752Z [command]/usr/bin/git config --local --unset-all extensions.worktreeConfig
Setup	Run actions/checkout@34e114876b0b11c390a56381ad16ebd13914f8d5	2026-07-27T08:34:39.8482591Z ##[group]Checking out the ref
Setup	Run actions/checkout@34e114876b0b11c390a56381ad16ebd13914f8d5	2026-07-27T08:34:39.8487839Z [command]/usr/bin/git checkout --progress --force -B main refs/remotes/origin/main
Setup	Run actions/checkout@34e114876b0b11c390a56381ad16ebd13914f8d5	2026-07-27T08:34:40.1886541Z Switched to a new branch 'main'
Setup	Run actions/checkout@34e114876b0b11c390a56381ad16ebd13914f8d5	2026-07-27T08:34:40.1891145Z branch 'main' set up to track 'origin/main'.
Setup	Run actions/checkout@34e114876b0b11c390a56381ad16ebd13914f8d5	2026-07-27T08:34:40.1912935Z ##[endgroup]
Setup	Run actions/checkout@34e114876b0b11c390a56381ad16ebd13914f8d5	2026-07-27T08:34:40.1964683Z [command]/usr/bin/git log -1 --format=%H
Setup	Run actions/checkout@34e114876b0b11c390a56381ad16ebd13914f8d5	2026-07-27T08:34:40.1996568Z 26f0cf27e4528a1005b56c4ef6500a9d1b44b418
Setup	Get branch name	﻿2026-07-27T08:34:40.2627454Z ##[group]Run tj-actions/branch-names@dde14ac574a8b9b1cedc59a1cf312788af43d8d8
Setup	Get branch name	2026-07-27T08:34:40.2629144Z with:
Setup	Get branch name	2026-07-27T08:34:40.2630393Z   replace_slashes_with_hyphens: false
Setup	Get branch name	2026-07-27T08:34:40.2631725Z ##[endgroup]
Setup	Get branch name	2026-07-27T08:34:40.2783134Z ##[group]Run # "Set branch names..."
Setup	Get branch name	2026-07-27T08:34:40.2784477Z ^[[36;1m# "Set branch names..."^[[0m
Setup	Get branch name	2026-07-27T08:34:40.2785621Z ^[[36;1mif [[ "$GITHUB_REF" != "refs/tags/"* ]]; then^[[0m
Setup	Get branch name	2026-07-27T08:34:40.2786954Z ^[[36;1m  BASE_REF=$(printf "%q" "$GITHUB_BASE_REF")^[[0m
Setup	Get branch name	2026-07-27T08:34:40.2788271Z ^[[36;1m  HEAD_REF=$(printf "%q" "$GITHUB_HEAD_REF")^[[0m
Setup	Get branch name	2026-07-27T08:34:40.2789643Z ^[[36;1m  REF=$(printf "%q" "$GITHUB_REF")^[[0m
Setup	Get branch name	2026-07-27T08:34:40.2790727Z ^[[36;1m^[[0m
Setup	Get branch name	2026-07-27T08:34:40.2791575Z ^[[36;1m  BASE_REF=${BASE_REF/refs\/heads\//}^[[0m
Setup	Get branch name	2026-07-27T08:34:40.2792812Z ^[[36;1m  HEAD_REF=${HEAD_REF/refs\/heads\//}^[[0m
Setup	Get branch name	2026-07-27T08:34:40.2793996Z ^[[36;1m  REF_BRANCH=${REF/refs\/pull\//}^[[0m
Setup	Get branch name	2026-07-27T08:34:40.2795227Z ^[[36;1m  REF_BRANCH=${REF_BRANCH/refs\/heads\//}^[[0m
Setup	Get branch name	2026-07-27T08:34:40.2796495Z ^[[36;1m  ^[[0m
Setup	Get branch name	2026-07-27T08:34:40.2797386Z ^[[36;1m  # Strip branch prefix if provided^[[0m
Setup	Get branch name	2026-07-27T08:34:40.2798740Z ^[[36;1m  REF_BRANCH=${REF_BRANCH/$INPUTS_STRIP_BRANCH_PREFIX/}^[[0m
Setup	Get branch name	2026-07-27T08:34:40.2800615Z ^[[36;1m  HEAD_REF=${HEAD_REF/$INPUTS_STRIP_BRANCH_PREFIX/}^[[0m
Setup	Get branch name	2026-07-27T08:34:40.2801850Z ^[[36;1m^[[0m
Setup	Get branch name	2026-07-27T08:34:40.2802728Z ^[[36;1m  # Replace slashes with hyphens if enabled^[[0m
Setup	Get branch name	2026-07-27T08:34:40.2804059Z ^[[36;1m  if [[ "$INPUTS_REPLACE_SLASHES" == "true" ]]; then^[[0m
Setup	Get branch name	2026-07-27T08:34:40.2805319Z ^[[36;1m    BASE_REF=${BASE_REF//\//-}^[[0m
Setup	Get branch name	2026-07-27T08:34:40.2806389Z ^[[36;1m    HEAD_REF=${HEAD_REF//\//-}^[[0m
Setup	Get branch name	2026-07-27T08:34:40.2807499Z ^[[36;1m    REF_BRANCH=${REF_BRANCH//\//-}^[[0m
Setup	Get branch name	2026-07-27T08:34:40.2808561Z ^[[36;1m  fi^[[0m
Setup	Get branch name	2026-07-27T08:34:40.2809439Z ^[[36;1m^[[0m
Setup	Get branch name	2026-07-27T08:34:40.2810634Z ^[[36;1m  echo "base_ref_branch=$(eval printf "%s" "$BASE_REF")" >> "$GITHUB_OUTPUT"^[[0m
Setup	Get branch name	2026-07-27T08:34:40.2812578Z ^[[36;1m  echo "head_ref_branch=$(eval printf "%s" "$HEAD_REF")" >> "$GITHUB_OUTPUT"^[[0m
Setup	Get branch name	2026-07-27T08:34:40.2814470Z ^[[36;1m  echo "ref_branch=$(eval printf "%s" "$REF_BRANCH")" >> "$GITHUB_OUTPUT"^[[0m
Setup	Get branch name	2026-07-27T08:34:40.2815903Z ^[[36;1melse^[[0m
Setup	Get branch name	2026-07-27T08:34:40.2816867Z ^[[36;1m  BASE_REF=$(printf "%q" "$GITHUB_EVENT_BASE_REF")^[[0m
Setup	Get branch name	2026-07-27T08:34:40.2818376Z ^[[36;1m  BASE_REF=${BASE_REF/refs\/heads\/$INPUTS_STRIP_TAG_PREFIX/}^[[0m
Setup	Get branch name	2026-07-27T08:34:40.2819815Z ^[[36;1m  ^[[0m
Setup	Get branch name	2026-07-27T08:34:40.2820717Z ^[[36;1m  # Replace slashes with hyphens if enabled^[[0m
Setup	Get branch name	2026-07-27T08:34:40.2822041Z ^[[36;1m  if [[ "$INPUTS_REPLACE_SLASHES" == "true" ]]; then^[[0m
Setup	Get branch name	2026-07-27T08:34:40.2823285Z ^[[36;1m    BASE_REF=${BASE_REF//\//-}^[[0m
Setup	Get branch name	2026-07-27T08:34:40.2824292Z ^[[36;1m  fi^[[0m
Setup	Get branch name	2026-07-27T08:34:40.2825037Z ^[[36;1m  ^[[0m
Setup	Get branch name	2026-07-27T08:34:40.2826230Z ^[[36;1m  echo "base_ref_branch=$(eval printf "%s" "$BASE_REF")" >> "$GITHUB_OUTPUT"^[[0m
Setup	Get branch name	2026-07-27T08:34:40.2827680Z ^[[36;1mfi^[[0m
Setup	Get branch name	2026-07-27T08:34:40.2884708Z shell: /usr/bin/bash --noprofile --norc -e -o pipefail {0}
Setup	Get branch name	2026-07-27T08:34:40.2886069Z env:
Setup	Get branch name	2026-07-27T08:34:40.2886841Z   GITHUB_REF: refs/heads/main
Setup	Get branch name	2026-07-27T08:34:40.2887786Z   GITHUB_BASE_REF: 
Setup	Get branch name	2026-07-27T08:34:40.2888613Z   GITHUB_HEAD_REF: 
Setup	Get branch name	2026-07-27T08:34:40.2889647Z   GITHUB_EVENT_BASE_REF: 
Setup	Get branch name	2026-07-27T08:34:40.2890574Z   INPUTS_STRIP_TAG_PREFIX: 
Setup	Get branch name	2026-07-27T08:34:40.2891528Z   INPUTS_STRIP_BRANCH_PREFIX: 
Setup	Get branch name	2026-07-27T08:34:40.2892513Z   INPUTS_REPLACE_SLASHES: false
Setup	Get branch name	2026-07-27T08:34:40.2893454Z ##[endgroup]
Setup	Get branch name	2026-07-27T08:34:40.3200897Z ##[group]Run # "Set the current branch name..."
Setup	Get branch name	2026-07-27T08:34:40.3202280Z ^[[36;1m# "Set the current branch name..."^[[0m
Setup	Get branch name	2026-07-27T08:34:40.3203520Z ^[[36;1mif [[ "$GITHUB_REF" != "refs/tags/"* ]]; then^[[0m
Setup	Get branch name	2026-07-27T08:34:40.3204929Z ^[[36;1m  if [[ "$GITHUB_EVENT_NAME" == *"pull_request"* ]]; then^[[0m
Setup	Get branch name	2026-07-27T08:34:40.3206501Z ^[[36;1m    echo "current_branch=$HEAD_REF_BRANCH" >> "$GITHUB_OUTPUT"^[[0m
Setup	Get branch name	2026-07-27T08:34:40.3207861Z ^[[36;1m  else^[[0m
Setup	Get branch name	2026-07-27T08:34:40.3208921Z ^[[36;1m    echo "current_branch=$REF_BRANCH" >> "$GITHUB_OUTPUT"^[[0m
Setup	Get branch name	2026-07-27T08:34:40.3210735Z ^[[36;1m  fi^[[0m
Setup	Get branch name	2026-07-27T08:34:40.3211527Z ^[[36;1mfi^[[0m
Setup	Get branch name	2026-07-27T08:34:40.3267026Z shell: /usr/bin/bash --noprofile --norc -e -o pipefail {0}
Setup	Get branch name	2026-07-27T08:34:40.3268551Z env:
Setup	Get branch name	2026-07-27T08:34:40.3269537Z   GITHUB_REF: refs/heads/main
Setup	Get branch name	2026-07-27T08:34:40.3270526Z   GITHUB_EVENT_NAME: push
Setup	Get branch name	2026-07-27T08:34:40.3271432Z   HEAD_REF_BRANCH: 
Setup	Get branch name	2026-07-27T08:34:40.3272269Z   REF_BRANCH: main
Setup	Get branch name	2026-07-27T08:34:40.3273073Z ##[endgroup]
Setup	Get branch name	2026-07-27T08:34:40.3408694Z ##[group]Run # "Set the default branch name..."
Setup	Get branch name	2026-07-27T08:34:40.3410114Z ^[[36;1m# "Set the default branch name..."^[[0m
Setup	Get branch name	2026-07-27T08:34:40.3411333Z ^[[36;1mif [[ "$GITHUB_REF" != "refs/tags/"* ]]; then^[[0m
Setup	Get branch name	2026-07-27T08:34:40.3412861Z ^[[36;1m  if [[ "$CURRENT_BRANCH" == "$DEFAULT_BRANCH" && "$FORK" != "true" ]]; then^[[0m
Setup	Get branch name	2026-07-27T08:34:40.3414429Z ^[[36;1m    echo "is_default=true" >> "$GITHUB_OUTPUT"^[[0m
Setup	Get branch name	2026-07-27T08:34:40.3415955Z ^[[36;1m    echo "default_branch=$DEFAULT_BRANCH" >> "$GITHUB_OUTPUT"^[[0m
Setup	Get branch name	2026-07-27T08:34:40.3417288Z ^[[36;1m  else^[[0m
Setup	Get branch name	2026-07-27T08:34:40.3418235Z ^[[36;1m    echo "is_default=false" >> "$GITHUB_OUTPUT"^[[0m
Setup	Get branch name	2026-07-27T08:34:40.3420208Z ^[[36;1m    echo "default_branch=$DEFAULT_BRANCH" >> "$GITHUB_OUTPUT"^[[0m
Setup	Get branch name	2026-07-27T08:34:40.3421533Z ^[[36;1m  fi^[[0m
Setup	Get branch name	2026-07-27T08:34:40.3422308Z ^[[36;1mfi^[[0m
Setup	Get branch name	2026-07-27T08:34:40.3471851Z shell: /usr/bin/bash --noprofile --norc -e -o pipefail {0}
Setup	Get branch name	2026-07-27T08:34:40.3473157Z env:
Setup	Get branch name	2026-07-27T08:34:40.3473943Z   GITHUB_REF: refs/heads/main
Setup	Get branch name	2026-07-27T08:34:40.3474903Z   CURRENT_BRANCH: main
Setup	Get branch name	2026-07-27T08:34:40.3475774Z   DEFAULT_BRANCH: main
Setup	Get branch name	2026-07-27T08:34:40.3476614Z   FORK: 
Setup	Get branch name	2026-07-27T08:34:40.3477342Z ##[endgroup]
Setup	Get branch name	2026-07-27T08:34:40.3608987Z ##[group]Run # "Set the tag name..."
Setup	Get branch name	2026-07-27T08:34:40.3610483Z ^[[36;1m# "Set the tag name..."^[[0m
Setup	Get branch name	2026-07-27T08:34:40.3611604Z ^[[36;1mif [[ "$GITHUB_REF" == "refs/tags/"* ]]; then^[[0m
Setup	Get branch name	2026-07-27T08:34:40.3612835Z ^[[36;1m  REF=$(printf "%q" "$GITHUB_REF")^[[0m
Setup	Get branch name	2026-07-27T08:34:40.3614108Z ^[[36;1m  TAG="${REF/refs\/tags\/$INPUTS_STRIP_TAG_PREFIX/}"^[[0m
Setup	Get branch name	2026-07-27T08:34:40.3615334Z ^[[36;1m^[[0m
Setup	Get branch name	2026-07-27T08:34:40.3616226Z ^[[36;1m  # Replace slashes with hyphens if enabled^[[0m
Setup	Get branch name	2026-07-27T08:34:40.3617569Z ^[[36;1m  if [[ "$INPUTS_REPLACE_SLASHES" == "true" ]]; then^[[0m
Setup	Get branch name	2026-07-27T08:34:40.3618781Z ^[[36;1m    TAG=${TAG//\//-}^[[0m
Setup	Get branch name	2026-07-27T08:34:40.3619925Z ^[[36;1m  fi^[[0m
Setup	Get branch name	2026-07-27T08:34:40.3620708Z ^[[36;1m^[[0m
Setup	Get branch name	2026-07-27T08:34:40.3621738Z ^[[36;1m  echo "tag=$(eval printf "%s" "$TAG")" >> "$GITHUB_OUTPUT"^[[0m
Setup	Get branch name	2026-07-27T08:34:40.3623146Z ^[[36;1m  echo "is_tag=true" >> "$GITHUB_OUTPUT"^[[0m
Setup	Get branch name	2026-07-27T08:34:40.3624252Z ^[[36;1melse^[[0m
Setup	Get branch name	2026-07-27T08:34:40.3625145Z ^[[36;1m  echo "is_tag=false" >> "$GITHUB_OUTPUT"^[[0m
Setup	Get branch name	2026-07-27T08:34:40.3626245Z ^[[36;1mfi^[[0m
Setup	Get branch name	2026-07-27T08:34:40.3676495Z shell: /usr/bin/bash --noprofile --norc -e -o pipefail {0}
Setup	Get branch name	2026-07-27T08:34:40.3677754Z env:
Setup	Get branch name	2026-07-27T08:34:40.3678526Z   GITHUB_REF: refs/heads/main
Setup	Get branch name	2026-07-27T08:34:40.3679729Z   INPUTS_STRIP_TAG_PREFIX: 
Setup	Get branch name	2026-07-27T08:34:40.3680710Z   INPUTS_REPLACE_SLASHES: false
Setup	Get branch name	2026-07-27T08:34:40.3681653Z ##[endgroup]
Setup	Post Run actions/checkout@34e114876b0b11c390a56381ad16ebd13914f8d5	﻿2026-07-27T08:34:40.4026905Z Node 20 is being deprecated. This workflow is running with Node 24 by default. If you need to temporarily use Node 20, you can set the ACTIONS_ALLOW_USE_UNSECURE_NODE_VERSION=true environment variable. For more information see: https://github.blog/changelog/2025-09-19-deprecation-of-node-20-on-github-actions-runners/
Setup	Post Run actions/checkout@34e114876b0b11c390a56381ad16ebd13914f8d5	2026-07-27T08:34:40.4033180Z Post job cleanup.
Setup	Post Run actions/checkout@34e114876b0b11c390a56381ad16ebd13914f8d5	2026-07-27T08:34:40.4959846Z [command]/usr/bin/git version
Setup	Post Run actions/checkout@34e114876b0b11c390a56381ad16ebd13914f8d5	2026-07-27T08:34:40.5006795Z git version 2.54.0
Setup	Post Run actions/checkout@34e114876b0b11c390a56381ad16ebd13914f8d5	2026-07-27T08:34:40.5083135Z Temporarily overriding HOME='/home/runner/work/_temp/5756b51e-403f-4fbc-9b1a-34b907505c83' before making global git config changes
Setup	Post Run actions/checkout@34e114876b0b11c390a56381ad16ebd13914f8d5	2026-07-27T08:34:40.5087232Z Adding repository directory to the temporary git global config as a safe directory
Setup	Post Run actions/checkout@34e114876b0b11c390a56381ad16ebd13914f8d5	2026-07-27T08:34:40.5090450Z [command]/usr/bin/git config --global --add safe.directory /home/runner/work/RUN/RUN
Setup	Post Run actions/checkout@34e114876b0b11c390a56381ad16ebd13914f8d5	2026-07-27T08:34:40.5139788Z [command]/usr/bin/git config --local --name-only --get-regexp core\.sshCommand
Setup	Post Run actions/checkout@34e114876b0b11c390a56381ad16ebd13914f8d5	2026-07-27T08:34:40.5188758Z [command]/usr/bin/git submodule foreach --recursive sh -c "git config --local --name-only --get-regexp 'core\.sshCommand' && git config --local --unset-all 'core.sshCommand' || :"
Setup	Post Run actions/checkout@34e114876b0b11c390a56381ad16ebd13914f8d5	2026-07-27T08:34:40.5477056Z [command]/usr/bin/git config --local --name-only --get-regexp http\.https\:\/\/github\.com\/\.extraheader
Setup	Post Run actions/checkout@34e114876b0b11c390a56381ad16ebd13914f8d5	2026-07-27T08:34:40.5521010Z http.https://github.com/.extraheader
Setup	Post Run actions/checkout@34e114876b0b11c390a56381ad16ebd13914f8d5	2026-07-27T08:34:40.5534067Z [command]/usr/bin/git config --local --unset-all http.https://github.com/.extraheader
Setup	Post Run actions/checkout@34e114876b0b11c390a56381ad16ebd13914f8d5	2026-07-27T08:34:40.5574457Z [command]/usr/bin/git submodule foreach --recursive sh -c "git config --local --name-only --get-regexp 'http\.https\:\/\/github\.com\/\.extraheader' && git config --local --unset-all 'http.https://github.com/.extraheader' || :"
Setup	Post Run actions/checkout@34e114876b0b11c390a56381ad16ebd13914f8d5	2026-07-27T08:34:40.5854969Z [command]/usr/bin/git config --local --name-only --get-regexp ^includeIf\.gitdir:
Setup	Post Run actions/checkout@34e114876b0b11c390a56381ad16ebd13914f8d5	2026-07-27T08:34:40.5905252Z [command]/usr/bin/git submodule foreach --recursive git config --local --show-origin --name-only --get-regexp remote.origin.url
Setup	Complete job	﻿2026-07-27T08:34:40.6358958Z Evaluate and set job outputs
Setup	Complete job	2026-07-27T08:34:40.6366802Z Set output 'branch'
Setup	Complete job	2026-07-27T08:34:40.6369739Z Cleaning up orphan processes
Setup	Complete job	2026-07-27T08:34:40.6763756Z ##[warning]Node.js 20 is deprecated. The following actions target Node.js 20 but are being forced to run on Node.js 24: actions/checkout@34e114876b0b11c390a56381ad16ebd13914f8d5. For more information see: https://github.blog/changelog/2025-09-19-deprecation-of-node-20-on-github-actions-runners/
Detect Changes	Set up job	﻿2026-07-27T08:34:37.8049413Z Current runner version: '2.336.0'
Detect Changes	Set up job	2026-07-27T08:34:37.8075977Z ##[group]Runner Image Provisioner
Detect Changes	Set up job	2026-07-27T08:34:37.8076853Z Hosted Compute Agent
Detect Changes	Set up job	2026-07-27T08:34:37.8077426Z Version: 20260707.563
Detect Changes	Set up job	2026-07-27T08:34:37.8078120Z Commit: 02667638d2b423fbc733a8e32a88b44996a3ba6e
Detect Changes	Set up job	2026-07-27T08:34:37.8078848Z Build Date: 2026-07-07T19:33:50Z
Detect Changes	Set up job	2026-07-27T08:34:37.8079605Z Worker ID: {c1f972b1-0b9b-43af-b769-723d34f0127b}
Detect Changes	Set up job	2026-07-27T08:34:37.8080347Z Azure Region: eastus
Detect Changes	Set up job	2026-07-27T08:34:37.8080920Z ##[endgroup]
Detect Changes	Set up job	2026-07-27T08:34:37.8082739Z ##[group]Operating System
Detect Changes	Set up job	2026-07-27T08:34:37.8083402Z Ubuntu
Detect Changes	Set up job	2026-07-27T08:34:37.8083946Z 24.04.4
Detect Changes	Set up job	2026-07-27T08:34:37.8084686Z LTS
Detect Changes	Set up job	2026-07-27T08:34:37.8085488Z ##[endgroup]
Detect Changes	Set up job	2026-07-27T08:34:37.8086494Z ##[group]Runner Image
Detect Changes	Set up job	2026-07-27T08:34:37.8087615Z Image: ubuntu-24.04
Detect Changes	Set up job	2026-07-27T08:34:37.8088632Z Version: 20260720.247.2
Detect Changes	Set up job	2026-07-27T08:34:37.8090715Z Included Software: https://github.com/actions/runner-images/blob/ubuntu24/20260720.247/images/ubuntu/Ubuntu2404-Readme.md
Detect Changes	Set up job	2026-07-27T08:34:37.8094003Z Image Release: https://github.com/actions/runner-images/releases/tag/ubuntu24%2F20260720.247
Detect Changes	Set up job	2026-07-27T08:34:37.8095923Z ##[endgroup]
Detect Changes	Set up job	2026-07-27T08:34:37.8097983Z ##[group]GITHUB_TOKEN Permissions
Detect Changes	Set up job	2026-07-27T08:34:37.8100981Z Contents: read
Detect Changes	Set up job	2026-07-27T08:34:37.8102254Z Metadata: read
Detect Changes	Set up job	2026-07-27T08:34:37.8103320Z ##[endgroup]
Detect Changes	Set up job	2026-07-27T08:34:37.8106246Z Secret source: Actions
Detect Changes	Set up job	2026-07-27T08:34:37.8108010Z Prepare workflow directory
Detect Changes	Set up job	2026-07-27T08:34:37.8597360Z Prepare all required actions
Detect Changes	Set up job	2026-07-27T08:34:37.8662957Z Getting action download info
Detect Changes	Set up job	2026-07-27T08:34:38.0836900Z Download action repository 'actions/checkout@34e114876b0b11c390a56381ad16ebd13914f8d5' (SHA:34e114876b0b11c390a56381ad16ebd13914f8d5)
Detect Changes	Set up job	2026-07-27T08:34:38.2599079Z Download action repository 'dorny/paths-filter@de90cc6fb38fc0963ad72b210f1f284cd68cea36' (SHA:de90cc6fb38fc0963ad72b210f1f284cd68cea36)
Detect Changes	Set up job	2026-07-27T08:34:38.4880053Z Complete job name: Detect Changes
Detect Changes	Run actions/checkout@34e114876b0b11c390a56381ad16ebd13914f8d5	﻿2026-07-27T08:34:38.5729424Z Node 20 is being deprecated. This workflow is running with Node 24 by default. If you need to temporarily use Node 20, you can set the ACTIONS_ALLOW_USE_UNSECURE_NODE_VERSION=true environment variable. For more information see: https://github.blog/changelog/2025-09-19-deprecation-of-node-20-on-github-actions-runners/
Detect Changes	Run actions/checkout@34e114876b0b11c390a56381ad16ebd13914f8d5	2026-07-27T08:34:38.5739159Z ##[group]Run actions/checkout@34e114876b0b11c390a56381ad16ebd13914f8d5
Detect Changes	Run actions/checkout@34e114876b0b11c390a56381ad16ebd13914f8d5	2026-07-27T08:34:38.5740124Z with:
Detect Changes	Run actions/checkout@34e114876b0b11c390a56381ad16ebd13914f8d5	2026-07-27T08:34:38.5740582Z   repository: hateem2121/RUN
Detect Changes	Run actions/checkout@34e114876b0b11c390a56381ad16ebd13914f8d5	2026-07-27T08:34:38.5744497Z   token: ***
Detect Changes	Run actions/checkout@34e114876b0b11c390a56381ad16ebd13914f8d5	2026-07-27T08:34:38.5744949Z   ssh-strict: true
Detect Changes	Run actions/checkout@34e114876b0b11c390a56381ad16ebd13914f8d5	2026-07-27T08:34:38.5745415Z   ssh-user: git
Detect Changes	Run actions/checkout@34e114876b0b11c390a56381ad16ebd13914f8d5	2026-07-27T08:34:38.5745881Z   persist-credentials: true
Detect Changes	Run actions/checkout@34e114876b0b11c390a56381ad16ebd13914f8d5	2026-07-27T08:34:38.5746367Z   clean: true
Detect Changes	Run actions/checkout@34e114876b0b11c390a56381ad16ebd13914f8d5	2026-07-27T08:34:38.5746825Z   sparse-checkout-cone-mode: true
Detect Changes	Run actions/checkout@34e114876b0b11c390a56381ad16ebd13914f8d5	2026-07-27T08:34:38.5747357Z   fetch-depth: 1
Detect Changes	Run actions/checkout@34e114876b0b11c390a56381ad16ebd13914f8d5	2026-07-27T08:34:38.5747791Z   fetch-tags: false
Detect Changes	Run actions/checkout@34e114876b0b11c390a56381ad16ebd13914f8d5	2026-07-27T08:34:38.5748239Z   show-progress: true
Detect Changes	Run actions/checkout@34e114876b0b11c390a56381ad16ebd13914f8d5	2026-07-27T08:34:38.5748688Z   lfs: false
Detect Changes	Run actions/checkout@34e114876b0b11c390a56381ad16ebd13914f8d5	2026-07-27T08:34:38.5749410Z   submodules: false
Detect Changes	Run actions/checkout@34e114876b0b11c390a56381ad16ebd13914f8d5	2026-07-27T08:34:38.5750221Z   set-safe-directory: true
Detect Changes	Run actions/checkout@34e114876b0b11c390a56381ad16ebd13914f8d5	2026-07-27T08:34:38.5751646Z ##[endgroup]
Detect Changes	Run actions/checkout@34e114876b0b11c390a56381ad16ebd13914f8d5	2026-07-27T08:34:38.6814755Z Syncing repository: hateem2121/RUN
Detect Changes	Run actions/checkout@34e114876b0b11c390a56381ad16ebd13914f8d5	2026-07-27T08:34:38.6817464Z ##[group]Getting Git version info
Detect Changes	Run actions/checkout@34e114876b0b11c390a56381ad16ebd13914f8d5	2026-07-27T08:34:38.6818641Z Working directory is '/home/runner/work/RUN/RUN'
Detect Changes	Run actions/checkout@34e114876b0b11c390a56381ad16ebd13914f8d5	2026-07-27T08:34:38.6820173Z [command]/usr/bin/git version
Detect Changes	Run actions/checkout@34e114876b0b11c390a56381ad16ebd13914f8d5	2026-07-27T08:34:38.6865627Z git version 2.54.0
Detect Changes	Run actions/checkout@34e114876b0b11c390a56381ad16ebd13914f8d5	2026-07-27T08:34:38.6891330Z ##[endgroup]
Detect Changes	Run actions/checkout@34e114876b0b11c390a56381ad16ebd13914f8d5	2026-07-27T08:34:38.6908026Z Temporarily overriding HOME='/home/runner/work/_temp/98c58b94-3b5d-438d-89ab-78824f53e61d' before making global git config changes
Detect Changes	Run actions/checkout@34e114876b0b11c390a56381ad16ebd13914f8d5	2026-07-27T08:34:38.6909529Z Adding repository directory to the temporary git global config as a safe directory
Detect Changes	Run actions/checkout@34e114876b0b11c390a56381ad16ebd13914f8d5	2026-07-27T08:34:38.6914312Z [command]/usr/bin/git config --global --add safe.directory /home/runner/work/RUN/RUN
Detect Changes	Run actions/checkout@34e114876b0b11c390a56381ad16ebd13914f8d5	2026-07-27T08:34:38.6975707Z Deleting the contents of '/home/runner/work/RUN/RUN'
Detect Changes	Run actions/checkout@34e114876b0b11c390a56381ad16ebd13914f8d5	2026-07-27T08:34:38.6985349Z ##[group]Initializing the repository
Detect Changes	Run actions/checkout@34e114876b0b11c390a56381ad16ebd13914f8d5	2026-07-27T08:34:38.6986795Z [command]/usr/bin/git init /home/runner/work/RUN/RUN
Detect Changes	Run actions/checkout@34e114876b0b11c390a56381ad16ebd13914f8d5	2026-07-27T08:34:38.7101282Z hint: Using 'master' as the name for the initial branch. This default branch name
Detect Changes	Run actions/checkout@34e114876b0b11c390a56381ad16ebd13914f8d5	2026-07-27T08:34:38.7103524Z hint: will change to "main" in Git 3.0. To configure the initial branch name
Detect Changes	Run actions/checkout@34e114876b0b11c390a56381ad16ebd13914f8d5	2026-07-27T08:34:38.7105141Z hint: to use in all of your new repositories, which will suppress this warning,
Detect Changes	Run actions/checkout@34e114876b0b11c390a56381ad16ebd13914f8d5	2026-07-27T08:34:38.7106428Z hint: call:
Detect Changes	Run actions/checkout@34e114876b0b11c390a56381ad16ebd13914f8d5	2026-07-27T08:34:38.7107567Z hint:
Detect Changes	Run actions/checkout@34e114876b0b11c390a56381ad16ebd13914f8d5	2026-07-27T08:34:38.7108397Z hint: 	git config --global init.defaultBranch <name>
Detect Changes	Run actions/checkout@34e114876b0b11c390a56381ad16ebd13914f8d5	2026-07-27T08:34:38.7119385Z hint:
Detect Changes	Run actions/checkout@34e114876b0b11c390a56381ad16ebd13914f8d5	2026-07-27T08:34:38.7120893Z hint: Names commonly chosen instead of 'master' are 'main', 'trunk' and
Detect Changes	Run actions/checkout@34e114876b0b11c390a56381ad16ebd13914f8d5	2026-07-27T08:34:38.7123203Z hint: 'development'. The just-created branch can be renamed via this command:
Detect Changes	Run actions/checkout@34e114876b0b11c390a56381ad16ebd13914f8d5	2026-07-27T08:34:38.7124736Z hint:
Detect Changes	Run actions/checkout@34e114876b0b11c390a56381ad16ebd13914f8d5	2026-07-27T08:34:38.7125698Z hint: 	git branch -m <name>
Detect Changes	Run actions/checkout@34e114876b0b11c390a56381ad16ebd13914f8d5	2026-07-27T08:34:38.7126781Z hint:
Detect Changes	Run actions/checkout@34e114876b0b11c390a56381ad16ebd13914f8d5	2026-07-27T08:34:38.7128529Z hint: Disable this message with "git config set advice.defaultBranchName false"
Detect Changes	Run actions/checkout@34e114876b0b11c390a56381ad16ebd13914f8d5	2026-07-27T08:34:38.7130192Z Initialized empty Git repository in /home/runner/work/RUN/RUN/.git/
Detect Changes	Run actions/checkout@34e114876b0b11c390a56381ad16ebd13914f8d5	2026-07-27T08:34:38.7132942Z [command]/usr/bin/git remote add origin https://github.com/hateem2121/RUN
Detect Changes	Run actions/checkout@34e114876b0b11c390a56381ad16ebd13914f8d5	2026-07-27T08:34:38.7206795Z ##[endgroup]
Detect Changes	Run actions/checkout@34e114876b0b11c390a56381ad16ebd13914f8d5	2026-07-27T08:34:38.7208212Z ##[group]Disabling automatic garbage collection
Detect Changes	Run actions/checkout@34e114876b0b11c390a56381ad16ebd13914f8d5	2026-07-27T08:34:38.7211506Z [command]/usr/bin/git config --local gc.auto 0
Detect Changes	Run actions/checkout@34e114876b0b11c390a56381ad16ebd13914f8d5	2026-07-27T08:34:38.7248702Z ##[endgroup]
Detect Changes	Run actions/checkout@34e114876b0b11c390a56381ad16ebd13914f8d5	2026-07-27T08:34:38.7250327Z ##[group]Setting up auth
Detect Changes	Run actions/checkout@34e114876b0b11c390a56381ad16ebd13914f8d5	2026-07-27T08:34:38.7258868Z [command]/usr/bin/git config --local --name-only --get-regexp core\.sshCommand
Detect Changes	Run actions/checkout@34e114876b0b11c390a56381ad16ebd13914f8d5	2026-07-27T08:34:38.7300488Z [command]/usr/bin/git submodule foreach --recursive sh -c "git config --local --name-only --get-regexp 'core\.sshCommand' && git config --local --unset-all 'core.sshCommand' || :"
Detect Changes	Run actions/checkout@34e114876b0b11c390a56381ad16ebd13914f8d5	2026-07-27T08:34:38.7695825Z [command]/usr/bin/git config --local --name-only --get-regexp http\.https\:\/\/github\.com\/\.extraheader
Detect Changes	Run actions/checkout@34e114876b0b11c390a56381ad16ebd13914f8d5	2026-07-27T08:34:38.7773751Z [command]/usr/bin/git submodule foreach --recursive sh -c "git config --local --name-only --get-regexp 'http\.https\:\/\/github\.com\/\.extraheader' && git config --local --unset-all 'http.https://github.com/.extraheader' || :"
Detect Changes	Run actions/checkout@34e114876b0b11c390a56381ad16ebd13914f8d5	2026-07-27T08:34:38.8025827Z [command]/usr/bin/git config --local --name-only --get-regexp ^includeIf\.gitdir:
Detect Changes	Run actions/checkout@34e114876b0b11c390a56381ad16ebd13914f8d5	2026-07-27T08:34:38.8072904Z [command]/usr/bin/git submodule foreach --recursive git config --local --show-origin --name-only --get-regexp remote.origin.url
Detect Changes	Run actions/checkout@34e114876b0b11c390a56381ad16ebd13914f8d5	2026-07-27T08:34:38.8326964Z [command]/usr/bin/git config --local http.https://github.com/.extraheader AUTHORIZATION: basic ***
Detect Changes	Run actions/checkout@34e114876b0b11c390a56381ad16ebd13914f8d5	2026-07-27T08:34:38.8390615Z ##[endgroup]
Detect Changes	Run actions/checkout@34e114876b0b11c390a56381ad16ebd13914f8d5	2026-07-27T08:34:38.8392533Z ##[group]Fetching the repository
Detect Changes	Run actions/checkout@34e114876b0b11c390a56381ad16ebd13914f8d5	2026-07-27T08:34:38.8403562Z [command]/usr/bin/git -c protocol.version=2 fetch --no-tags --prune --no-recurse-submodules --depth=1 origin +26f0cf27e4528a1005b56c4ef6500a9d1b44b418:refs/remotes/origin/main
Detect Changes	Run actions/checkout@34e114876b0b11c390a56381ad16ebd13914f8d5	2026-07-27T08:34:40.2744757Z From https://github.com/hateem2121/RUN
Detect Changes	Run actions/checkout@34e114876b0b11c390a56381ad16ebd13914f8d5	2026-07-27T08:34:40.2747148Z  * [new ref]         26f0cf27e4528a1005b56c4ef6500a9d1b44b418 -> origin/main
Detect Changes	Run actions/checkout@34e114876b0b11c390a56381ad16ebd13914f8d5	2026-07-27T08:34:40.2770756Z ##[endgroup]
Detect Changes	Run actions/checkout@34e114876b0b11c390a56381ad16ebd13914f8d5	2026-07-27T08:34:40.2772266Z ##[group]Determining the checkout info
Detect Changes	Run actions/checkout@34e114876b0b11c390a56381ad16ebd13914f8d5	2026-07-27T08:34:40.2773964Z ##[endgroup]
Detect Changes	Run actions/checkout@34e114876b0b11c390a56381ad16ebd13914f8d5	2026-07-27T08:34:40.2781839Z [command]/usr/bin/git sparse-checkout disable
Detect Changes	Run actions/checkout@34e114876b0b11c390a56381ad16ebd13914f8d5	2026-07-27T08:34:40.2837449Z [command]/usr/bin/git config --local --unset-all extensions.worktreeConfig
Detect Changes	Run actions/checkout@34e114876b0b11c390a56381ad16ebd13914f8d5	2026-07-27T08:34:40.2875129Z ##[group]Checking out the ref
Detect Changes	Run actions/checkout@34e114876b0b11c390a56381ad16ebd13914f8d5	2026-07-27T08:34:40.2880694Z [command]/usr/bin/git checkout --progress --force -B main refs/remotes/origin/main
Detect Changes	Run actions/checkout@34e114876b0b11c390a56381ad16ebd13914f8d5	2026-07-27T08:34:40.6117396Z Switched to a new branch 'main'
Detect Changes	Run actions/checkout@34e114876b0b11c390a56381ad16ebd13914f8d5	2026-07-27T08:34:40.6118763Z branch 'main' set up to track 'origin/main'.
Detect Changes	Run actions/checkout@34e114876b0b11c390a56381ad16ebd13914f8d5	2026-07-27T08:34:40.6143474Z ##[endgroup]
Detect Changes	Run actions/checkout@34e114876b0b11c390a56381ad16ebd13914f8d5	2026-07-27T08:34:40.6191329Z [command]/usr/bin/git log -1 --format=%H
Detect Changes	Run actions/checkout@34e114876b0b11c390a56381ad16ebd13914f8d5	2026-07-27T08:34:40.6219451Z 26f0cf27e4528a1005b56c4ef6500a9d1b44b418
Detect Changes	Run dorny/paths-filter@de90cc6fb38fc0963ad72b210f1f284cd68cea36	﻿2026-07-27T08:34:40.6470540Z Node 20 is being deprecated. This workflow is running with Node 24 by default. If you need to temporarily use Node 20, you can set the ACTIONS_ALLOW_USE_UNSECURE_NODE_VERSION=true environment variable. For more information see: https://github.blog/changelog/2025-09-19-deprecation-of-node-20-on-github-actions-runners/
Detect Changes	Run dorny/paths-filter@de90cc6fb38fc0963ad72b210f1f284cd68cea36	2026-07-27T08:34:40.6472872Z ##[group]Run dorny/paths-filter@de90cc6fb38fc0963ad72b210f1f284cd68cea36
Detect Changes	Run dorny/paths-filter@de90cc6fb38fc0963ad72b210f1f284cd68cea36	2026-07-27T08:34:40.6473304Z with:
Detect Changes	Run dorny/paths-filter@de90cc6fb38fc0963ad72b210f1f284cd68cea36	2026-07-27T08:34:40.6473765Z   filters: db:
Detect Changes	Run dorny/paths-filter@de90cc6fb38fc0963ad72b210f1f284cd68cea36	  - 'server/db/**'
Detect Changes	Run dorny/paths-filter@de90cc6fb38fc0963ad72b210f1f284cd68cea36	  - 'shared/schemas/**'
Detect Changes	Run dorny/paths-filter@de90cc6fb38fc0963ad72b210f1f284cd68cea36	  - 'drizzle/**'
Detect Changes	Run dorny/paths-filter@de90cc6fb38fc0963ad72b210f1f284cd68cea36	  - 'server/scripts/migrate.ts'
Detect Changes	Run dorny/paths-filter@de90cc6fb38fc0963ad72b210f1f284cd68cea36	
Detect Changes	Run dorny/paths-filter@de90cc6fb38fc0963ad72b210f1f284cd68cea36	2026-07-27T08:34:40.6476482Z   token: ***
Detect Changes	Run dorny/paths-filter@de90cc6fb38fc0963ad72b210f1f284cd68cea36	2026-07-27T08:34:40.6476730Z   list-files: none
Detect Changes	Run dorny/paths-filter@de90cc6fb38fc0963ad72b210f1f284cd68cea36	2026-07-27T08:34:40.6476988Z   initial-fetch-depth: 100
Detect Changes	Run dorny/paths-filter@de90cc6fb38fc0963ad72b210f1f284cd68cea36	2026-07-27T08:34:40.6477266Z ##[endgroup]
Detect Changes	Run dorny/paths-filter@de90cc6fb38fc0963ad72b210f1f284cd68cea36	2026-07-27T08:34:40.7280395Z ##[group]Get current git ref
Detect Changes	Run dorny/paths-filter@de90cc6fb38fc0963ad72b210f1f284cd68cea36	2026-07-27T08:34:40.7329968Z [command]/usr/bin/git branch --show-current
Detect Changes	Run dorny/paths-filter@de90cc6fb38fc0963ad72b210f1f284cd68cea36	2026-07-27T08:34:40.7405086Z main
Detect Changes	Run dorny/paths-filter@de90cc6fb38fc0963ad72b210f1f284cd68cea36	2026-07-27T08:34:40.7426787Z ##[endgroup]
Detect Changes	Run dorny/paths-filter@de90cc6fb38fc0963ad72b210f1f284cd68cea36	2026-07-27T08:34:40.7427976Z Changes will be detected between 510982053416a9cbc51dc2002b274d1c5da585ef and main
Detect Changes	Run dorny/paths-filter@de90cc6fb38fc0963ad72b210f1f284cd68cea36	2026-07-27T08:34:40.7430025Z ##[group]Ensuring 510982053416a9cbc51dc2002b274d1c5da585ef is fetched from origin
Detect Changes	Run dorny/paths-filter@de90cc6fb38fc0963ad72b210f1f284cd68cea36	2026-07-27T08:34:40.7447685Z [command]/usr/bin/git cat-file -e 510982053416a9cbc51dc2002b274d1c5da585ef^{commit}
Detect Changes	Run dorny/paths-filter@de90cc6fb38fc0963ad72b210f1f284cd68cea36	2026-07-27T08:34:40.7480161Z fatal: Not a valid object name 510982053416a9cbc51dc2002b274d1c5da585ef^{commit}
Detect Changes	Run dorny/paths-filter@de90cc6fb38fc0963ad72b210f1f284cd68cea36	2026-07-27T08:34:40.7498056Z [command]/usr/bin/git fetch --depth=1 --no-tags origin 510982053416a9cbc51dc2002b274d1c5da585ef
Detect Changes	Run dorny/paths-filter@de90cc6fb38fc0963ad72b210f1f284cd68cea36	2026-07-27T08:34:40.9826668Z From https://github.com/hateem2121/RUN
Detect Changes	Run dorny/paths-filter@de90cc6fb38fc0963ad72b210f1f284cd68cea36	2026-07-27T08:34:40.9828210Z  * branch            510982053416a9cbc51dc2002b274d1c5da585ef -> FETCH_HEAD
Detect Changes	Run dorny/paths-filter@de90cc6fb38fc0963ad72b210f1f284cd68cea36	2026-07-27T08:34:40.9868822Z [command]/usr/bin/git cat-file -e 510982053416a9cbc51dc2002b274d1c5da585ef^{commit}
Detect Changes	Run dorny/paths-filter@de90cc6fb38fc0963ad72b210f1f284cd68cea36	2026-07-27T08:34:40.9905004Z ##[endgroup]
Detect Changes	Run dorny/paths-filter@de90cc6fb38fc0963ad72b210f1f284cd68cea36	2026-07-27T08:34:40.9905951Z ##[group]Ensuring main is fetched from origin
Detect Changes	Run dorny/paths-filter@de90cc6fb38fc0963ad72b210f1f284cd68cea36	2026-07-27T08:34:40.9920453Z [command]/usr/bin/git show-ref main
Detect Changes	Run dorny/paths-filter@de90cc6fb38fc0963ad72b210f1f284cd68cea36	2026-07-27T08:34:40.9949285Z 26f0cf27e4528a1005b56c4ef6500a9d1b44b418 refs/heads/main
Detect Changes	Run dorny/paths-filter@de90cc6fb38fc0963ad72b210f1f284cd68cea36	2026-07-27T08:34:40.9950237Z 26f0cf27e4528a1005b56c4ef6500a9d1b44b418 refs/remotes/origin/main
Detect Changes	Run dorny/paths-filter@de90cc6fb38fc0963ad72b210f1f284cd68cea36	2026-07-27T08:34:40.9958720Z ##[endgroup]
Detect Changes	Run dorny/paths-filter@de90cc6fb38fc0963ad72b210f1f284cd68cea36	2026-07-27T08:34:40.9959459Z ##[group]Change detection 510982053416a9cbc51dc2002b274d1c5da585ef..main
Detect Changes	Run dorny/paths-filter@de90cc6fb38fc0963ad72b210f1f284cd68cea36	2026-07-27T08:34:40.9973869Z [command]/usr/bin/git diff --no-renames --name-status -z 510982053416a9cbc51dc2002b274d1c5da585ef..refs/remotes/origin/main
Detect Changes	Run dorny/paths-filter@de90cc6fb38fc0963ad72b210f1f284cd68cea36	2026-07-27T08:34:41.0026687Z M^@.github/workflows/ci.yml^@M^@AGENTS.md^@M^@CHANGELOG.md^@M^@CONTRIBUTING.md^@M^@client/app/components/public/manufacturing/PublicCTASection.tsx^@M^@client/app/components/ui/bento-cards/expandable-card.tsx^@M^@client/package.json^@M^@docs/core/dependency-graph.md^@M^@docs/security/penetration-testing-policy.md^@M^@graphify-out/.graphify_analysis.json^@M^@graphify-out/.graphify_labels.json^@M^@graphify-out/cache/ast/v0.9.27/03d0f7853c06b4ab77dfab2cf129b48f04c02a58515099f565ce573d7352b248.json^@M^@graphify-out/cache/ast/v0.9.27/053e5f13edd702fe2bf348bccc294186250bd1610ab0d17128210a5420519182.json^@M^@graphify-out/cache/ast/v0.9.27/1b139bd6a80010d14c2763bb2d113d16deede48c18eb13bf4696b73b38d51b1c.json^@M^@graphify-out/cache/ast/v0.9.27/1fa0b3f658bb5a9ba6ff3d0eeb8eff37a032d184dc7e12b6e5c6c5f4f4d0560c.json^@M^@graphify-out/cache/ast/v0.9.27/3df16b93503205cc91806747dfea0fd27204cb15684665e628dbaa9b6c04d54d.json^@M^@graphify-out/cache/ast/v0.9.27/43024fa6e57e33e18f80aa180525d5f68bb4091e4a549131b9e4c1e022a28eac.json^@M^@graphify-out/cache/ast/v0.9.27/5ff9c22edb77a64977097c4bcb481a3f0b78e6de6867361d611ee9ecc597f0ff.json^@M^@graphify-out/cache/ast/v0.9.27/61e11bae04c0ad8d43e96fc41ce65a1065d07694fcfc0492828b81a82455778b.json^@M^@graphify-out/cache/ast/v0.9.27/68acd54b0aa8285f85545e6baf7307871574bbdc85dc137e7e067b0337f79b19.json^@M^@graphify-out/cache/ast/v0.9.27/69b39d28338492e9846b5c4cfa65e05f67b522417b8f97cd62a3926854672dc5.json^@M^@graphify-out/cache/ast/v0.9.27/6f1f7b762a4c0a6ef20a7435c1133e1eee68ec635fd8b915233c565967c8c9af.json^@M^@graphify-out/cache/ast/v0.9.27/91a1ec389bb76c239c3c65a6992753a82867b73952af3dc0cfa071ceca91874a.json^@M^@graphify-out/cache/ast/v0.9.27/926959460fc80fae86af478bf75e0fc933f2b3d6d94dc9bf74564d4931764453.json^@M^@graphify-out/cache/ast/v0.9.27/92a7ca55a5d0d9fd799b70e909807df44cf2a37d41797f678648a91730340ed0.json^@M^@graphify-out/cache/ast/v0.9.27/a318a618b95ce27db38baed4bf9f4b51122e6cb539516b89c7abfc23d244d438.json^@M^@graphify-out/cache/ast/v0.9.27/ab4e78b6912d90d62d09e6a3ef37a37ea6c78ab30a61a19eb1a442aed3883022.json^@M^@graphify-out/cache/ast/v0.9.27/b2c1fb3e38e44794dd2816a4e6463de254907810226e8955d155d9c5a3684d29.json^@M^@graphify-out/cache/ast/v0.9.27/cb756ec46b9b1c21f73a76305311f206a469b005d40bf0f58973c7880b2615dd.json^@M^@graphify-out/cache/ast/v0.9.27/d899b376ffb3eb93e6e821e0b88420e7bf5b7cc10244c542d141308f3d25315a.json^@M^@graphify-out/cache/ast/v0.9.27/dae6f29933fb945a13ec2a098514ee20b25eb159d5b3b6bb1bd37c5bf5e3b7df.json^@M^@graphify-out/cache/ast/v0.9.27/e1c78fda1ce467bee36b293033beba1ed8fd0bae9ae1ffe7b550fced6ac1dc2d.json^@M^@graphify-out/cache/ast/v0.9.27/e608e489352d7fa3cd811186d550f5bb286705f00ae68982379281ad1740352e.json^@M^@graphify-out/cache/stat-index.json^@M^@graphify-out/manifest.json^@M^@package.json^@
Detect Changes	Run dorny/paths-filter@de90cc6fb38fc0963ad72b210f1f284cd68cea36	2026-07-27T08:34:41.0038447Z ##[endgroup]
Detect Changes	Run dorny/paths-filter@de90cc6fb38fc0963ad72b210f1f284cd68cea36	2026-07-27T08:34:41.0038732Z Detected 36 changed files
Detect Changes	Run dorny/paths-filter@de90cc6fb38fc0963ad72b210f1f284cd68cea36	2026-07-27T08:34:41.0038995Z Results:
Detect Changes	Run dorny/paths-filter@de90cc6fb38fc0963ad72b210f1f284cd68cea36	2026-07-27T08:34:41.0039422Z ##[group]Filter db = false
Detect Changes	Run dorny/paths-filter@de90cc6fb38fc0963ad72b210f1f284cd68cea36	2026-07-27T08:34:41.0039679Z Matching files: none
Detect Changes	Run dorny/paths-filter@de90cc6fb38fc0963ad72b210f1f284cd68cea36	2026-07-27T08:34:41.0040138Z ##[endgroup]
Detect Changes	Run dorny/paths-filter@de90cc6fb38fc0963ad72b210f1f284cd68cea36	2026-07-27T08:34:41.0040368Z Changes output set to []
Detect Changes	Post Run actions/checkout@34e114876b0b11c390a56381ad16ebd13914f8d5	﻿2026-07-27T08:34:41.0240576Z Node 20 is being deprecated. This workflow is running with Node 24 by default. If you need to temporarily use Node 20, you can set the ACTIONS_ALLOW_USE_UNSECURE_NODE_VERSION=true environment variable. For more information see: https://github.blog/changelog/2025-09-19-deprecation-of-node-20-on-github-actions-runners/
Detect Changes	Post Run actions/checkout@34e114876b0b11c390a56381ad16ebd13914f8d5	2026-07-27T08:34:41.0242122Z Post job cleanup.
Detect Changes	Post Run actions/checkout@34e114876b0b11c390a56381ad16ebd13914f8d5	2026-07-27T08:34:41.1201900Z [command]/usr/bin/git version
Detect Changes	Post Run actions/checkout@34e114876b0b11c390a56381ad16ebd13914f8d5	2026-07-27T08:34:41.1244710Z git version 2.54.0
Detect Changes	Post Run actions/checkout@34e114876b0b11c390a56381ad16ebd13914f8d5	2026-07-27T08:34:41.1287760Z Temporarily overriding HOME='/home/runner/work/_temp/e2cbf7d2-5c46-459c-8330-1eb28496abf2' before making global git config changes
Detect Changes	Post Run actions/checkout@34e114876b0b11c390a56381ad16ebd13914f8d5	2026-07-27T08:34:41.1289079Z Adding repository directory to the temporary git global config as a safe directory
Detect Changes	Post Run actions/checkout@34e114876b0b11c390a56381ad16ebd13914f8d5	2026-07-27T08:34:41.1295052Z [command]/usr/bin/git config --global --add safe.directory /home/runner/work/RUN/RUN
Detect Changes	Post Run actions/checkout@34e114876b0b11c390a56381ad16ebd13914f8d5	2026-07-27T08:34:41.1336321Z [command]/usr/bin/git config --local --name-only --get-regexp core\.sshCommand
Detect Changes	Post Run actions/checkout@34e114876b0b11c390a56381ad16ebd13914f8d5	2026-07-27T08:34:41.1373641Z [command]/usr/bin/git submodule foreach --recursive sh -c "git config --local --name-only --get-regexp 'core\.sshCommand' && git config --local --unset-all 'core.sshCommand' || :"
Detect Changes	Post Run actions/checkout@34e114876b0b11c390a56381ad16ebd13914f8d5	2026-07-27T08:34:41.1628295Z [command]/usr/bin/git config --local --name-only --get-regexp http\.https\:\/\/github\.com\/\.extraheader
Detect Changes	Post Run actions/checkout@34e114876b0b11c390a56381ad16ebd13914f8d5	2026-07-27T08:34:41.1666680Z http.https://github.com/.extraheader
Detect Changes	Post Run actions/checkout@34e114876b0b11c390a56381ad16ebd13914f8d5	2026-07-27T08:34:41.1683779Z [command]/usr/bin/git config --local --unset-all http.https://github.com/.extraheader
Detect Changes	Post Run actions/checkout@34e114876b0b11c390a56381ad16ebd13914f8d5	2026-07-27T08:34:41.1724863Z [command]/usr/bin/git submodule foreach --recursive sh -c "git config --local --name-only --get-regexp 'http\.https\:\/\/github\.com\/\.extraheader' && git config --local --unset-all 'http.https://github.com/.extraheader' || :"
Detect Changes	Post Run actions/checkout@34e114876b0b11c390a56381ad16ebd13914f8d5	2026-07-27T08:34:41.1979002Z [command]/usr/bin/git config --local --name-only --get-regexp ^includeIf\.gitdir:
Detect Changes	Post Run actions/checkout@34e114876b0b11c390a56381ad16ebd13914f8d5	2026-07-27T08:34:41.2018899Z [command]/usr/bin/git submodule foreach --recursive git config --local --show-origin --name-only --get-regexp remote.origin.url
Detect Changes	Complete job	﻿2026-07-27T08:34:41.2417735Z Evaluate and set job outputs
Detect Changes	Complete job	2026-07-27T08:34:41.2425219Z Set output 'db'
Detect Changes	Complete job	2026-07-27T08:34:41.2426982Z Cleaning up orphan processes
Detect Changes	Complete job	2026-07-27T08:34:41.2761921Z ##[warning]Node.js 20 is deprecated. The following actions target Node.js 20 but are being forced to run on Node.js 24: actions/checkout@34e114876b0b11c390a56381ad16ebd13914f8d5, dorny/paths-filter@de90cc6fb38fc0963ad72b210f1f284cd68cea36. For more information see: https://github.blog/changelog/2025-09-19-deprecation-of-node-20-on-github-actions-runners/
Lint (Biome)	Set up job	﻿2026-07-27T08:35:37.0881834Z Current runner version: '2.336.0'
Lint (Biome)	Set up job	2026-07-27T08:35:37.0906015Z ##[group]Runner Image Provisioner
Lint (Biome)	Set up job	2026-07-27T08:35:37.0906935Z Hosted Compute Agent
Lint (Biome)	Set up job	2026-07-27T08:35:37.0907463Z Version: 20260707.563
Lint (Biome)	Set up job	2026-07-27T08:35:37.0908264Z Commit: 02667638d2b423fbc733a8e32a88b44996a3ba6e
Lint (Biome)	Set up job	2026-07-27T08:35:37.0908954Z Build Date: 2026-07-07T19:33:50Z
Lint (Biome)	Set up job	2026-07-27T08:35:37.0909556Z Worker ID: {648685d1-47b2-4dd5-a667-59e01f622d08}
Lint (Biome)	Set up job	2026-07-27T08:35:37.0910251Z Azure Region: westcentralus
Lint (Biome)	Set up job	2026-07-27T08:35:37.0910800Z ##[endgroup]
Lint (Biome)	Set up job	2026-07-27T08:35:37.0912054Z ##[group]Operating System
Lint (Biome)	Set up job	2026-07-27T08:35:37.0912635Z Ubuntu
Lint (Biome)	Set up job	2026-07-27T08:35:37.0913108Z 24.04.4
Lint (Biome)	Set up job	2026-07-27T08:35:37.0913592Z LTS
Lint (Biome)	Set up job	2026-07-27T08:35:37.0914052Z ##[endgroup]
Lint (Biome)	Set up job	2026-07-27T08:35:37.0914529Z ##[group]Runner Image
Lint (Biome)	Set up job	2026-07-27T08:35:37.0915138Z Image: ubuntu-24.04
Lint (Biome)	Set up job	2026-07-27T08:35:37.0915643Z Version: 20260720.247.2
Lint (Biome)	Set up job	2026-07-27T08:35:37.0916598Z Included Software: https://github.com/actions/runner-images/blob/ubuntu24/20260720.247/images/ubuntu/Ubuntu2404-Readme.md
Lint (Biome)	Set up job	2026-07-27T08:35:37.0918357Z Image Release: https://github.com/actions/runner-images/releases/tag/ubuntu24%2F20260720.247
Lint (Biome)	Set up job	2026-07-27T08:35:37.0919282Z ##[endgroup]
Lint (Biome)	Set up job	2026-07-27T08:35:37.0920255Z ##[group]GITHUB_TOKEN Permissions
Lint (Biome)	Set up job	2026-07-27T08:35:37.0922220Z Contents: read
Lint (Biome)	Set up job	2026-07-27T08:35:37.0922740Z Metadata: read
Lint (Biome)	Set up job	2026-07-27T08:35:37.0923629Z ##[endgroup]
Lint (Biome)	Set up job	2026-07-27T08:35:37.0925603Z Secret source: Actions
Lint (Biome)	Set up job	2026-07-27T08:35:37.0926538Z Prepare workflow directory
Lint (Biome)	Set up job	2026-07-27T08:35:37.1243008Z Prepare all required actions
Lint (Biome)	Set up job	2026-07-27T08:35:37.1287349Z Getting action download info
Lint (Biome)	Set up job	2026-07-27T08:35:37.4304852Z Download action repository 'actions/checkout@34e114876b0b11c390a56381ad16ebd13914f8d5' (SHA:34e114876b0b11c390a56381ad16ebd13914f8d5)
Lint (Biome)	Set up job	2026-07-27T08:35:37.5681066Z Download action repository 'actions/setup-node@49933ea5288caeca8642d1e84afbd3f7d6820020' (SHA:49933ea5288caeca8642d1e84afbd3f7d6820020)
Lint (Biome)	Set up job	2026-07-27T08:35:37.7597184Z Complete job name: Lint (Biome)
Lint (Biome)	Run actions/checkout@34e114876b0b11c390a56381ad16ebd13914f8d5	﻿2026-07-27T08:35:37.8307184Z Node 20 is being deprecated. This workflow is running with Node 24 by default. If you need to temporarily use Node 20, you can set the ACTIONS_ALLOW_USE_UNSECURE_NODE_VERSION=true environment variable. For more information see: https://github.blog/changelog/2025-09-19-deprecation-of-node-20-on-github-actions-runners/
Lint (Biome)	Run actions/checkout@34e114876b0b11c390a56381ad16ebd13914f8d5	2026-07-27T08:35:37.8315647Z ##[group]Run actions/checkout@34e114876b0b11c390a56381ad16ebd13914f8d5
Lint (Biome)	Run actions/checkout@34e114876b0b11c390a56381ad16ebd13914f8d5	2026-07-27T08:35:37.8316546Z with:
Lint (Biome)	Run actions/checkout@34e114876b0b11c390a56381ad16ebd13914f8d5	2026-07-27T08:35:37.8317077Z   repository: hateem2121/RUN
Lint (Biome)	Run actions/checkout@34e114876b0b11c390a56381ad16ebd13914f8d5	2026-07-27T08:35:37.8321109Z   token: ***
Lint (Biome)	Run actions/checkout@34e114876b0b11c390a56381ad16ebd13914f8d5	2026-07-27T08:35:37.8321572Z   ssh-strict: true
Lint (Biome)	Run actions/checkout@34e114876b0b11c390a56381ad16ebd13914f8d5	2026-07-27T08:35:37.8322118Z   ssh-user: git
Lint (Biome)	Run actions/checkout@34e114876b0b11c390a56381ad16ebd13914f8d5	2026-07-27T08:35:37.8322600Z   persist-credentials: true
Lint (Biome)	Run actions/checkout@34e114876b0b11c390a56381ad16ebd13914f8d5	2026-07-27T08:35:37.8323123Z   clean: true
Lint (Biome)	Run actions/checkout@34e114876b0b11c390a56381ad16ebd13914f8d5	2026-07-27T08:35:37.8323617Z   sparse-checkout-cone-mode: true
Lint (Biome)	Run actions/checkout@34e114876b0b11c390a56381ad16ebd13914f8d5	2026-07-27T08:35:37.8324155Z   fetch-depth: 1
Lint (Biome)	Run actions/checkout@34e114876b0b11c390a56381ad16ebd13914f8d5	2026-07-27T08:35:37.8324636Z   fetch-tags: false
Lint (Biome)	Run actions/checkout@34e114876b0b11c390a56381ad16ebd13914f8d5	2026-07-27T08:35:37.8325134Z   show-progress: true
Lint (Biome)	Run actions/checkout@34e114876b0b11c390a56381ad16ebd13914f8d5	2026-07-27T08:35:37.8325597Z   lfs: false
Lint (Biome)	Run actions/checkout@34e114876b0b11c390a56381ad16ebd13914f8d5	2026-07-27T08:35:37.8326429Z   submodules: false
Lint (Biome)	Run actions/checkout@34e114876b0b11c390a56381ad16ebd13914f8d5	2026-07-27T08:35:37.8326903Z   set-safe-directory: true
Lint (Biome)	Run actions/checkout@34e114876b0b11c390a56381ad16ebd13914f8d5	2026-07-27T08:35:37.8327619Z ##[endgroup]
Lint (Biome)	Run actions/checkout@34e114876b0b11c390a56381ad16ebd13914f8d5	2026-07-27T08:35:37.9326622Z Syncing repository: hateem2121/RUN
Lint (Biome)	Run actions/checkout@34e114876b0b11c390a56381ad16ebd13914f8d5	2026-07-27T08:35:37.9329300Z ##[group]Getting Git version info
Lint (Biome)	Run actions/checkout@34e114876b0b11c390a56381ad16ebd13914f8d5	2026-07-27T08:35:37.9330473Z Working directory is '/home/runner/work/RUN/RUN'
Lint (Biome)	Run actions/checkout@34e114876b0b11c390a56381ad16ebd13914f8d5	2026-07-27T08:35:37.9331537Z [command]/usr/bin/git version
Lint (Biome)	Run actions/checkout@34e114876b0b11c390a56381ad16ebd13914f8d5	2026-07-27T08:35:37.9386756Z git version 2.54.0
Lint (Biome)	Run actions/checkout@34e114876b0b11c390a56381ad16ebd13914f8d5	2026-07-27T08:35:37.9408558Z ##[endgroup]
Lint (Biome)	Run actions/checkout@34e114876b0b11c390a56381ad16ebd13914f8d5	2026-07-27T08:35:37.9422908Z Temporarily overriding HOME='/home/runner/work/_temp/718ca11f-72e5-4dc3-8000-0179a1533467' before making global git config changes
Lint (Biome)	Run actions/checkout@34e114876b0b11c390a56381ad16ebd13914f8d5	2026-07-27T08:35:37.9424441Z Adding repository directory to the temporary git global config as a safe directory
Lint (Biome)	Run actions/checkout@34e114876b0b11c390a56381ad16ebd13914f8d5	2026-07-27T08:35:37.9429569Z [command]/usr/bin/git config --global --add safe.directory /home/runner/work/RUN/RUN
Lint (Biome)	Run actions/checkout@34e114876b0b11c390a56381ad16ebd13914f8d5	2026-07-27T08:35:37.9483491Z Deleting the contents of '/home/runner/work/RUN/RUN'
Lint (Biome)	Run actions/checkout@34e114876b0b11c390a56381ad16ebd13914f8d5	2026-07-27T08:35:37.9487525Z ##[group]Initializing the repository
Lint (Biome)	Run actions/checkout@34e114876b0b11c390a56381ad16ebd13914f8d5	2026-07-27T08:35:37.9493238Z [command]/usr/bin/git init /home/runner/work/RUN/RUN
Lint (Biome)	Run actions/checkout@34e114876b0b11c390a56381ad16ebd13914f8d5	2026-07-27T08:35:37.9574653Z hint: Using 'master' as the name for the initial branch. This default branch name
Lint (Biome)	Run actions/checkout@34e114876b0b11c390a56381ad16ebd13914f8d5	2026-07-27T08:35:37.9575792Z hint: will change to "main" in Git 3.0. To configure the initial branch name
Lint (Biome)	Run actions/checkout@34e114876b0b11c390a56381ad16ebd13914f8d5	2026-07-27T08:35:37.9576855Z hint: to use in all of your new repositories, which will suppress this warning,
Lint (Biome)	Run actions/checkout@34e114876b0b11c390a56381ad16ebd13914f8d5	2026-07-27T08:35:37.9577611Z hint: call:
Lint (Biome)	Run actions/checkout@34e114876b0b11c390a56381ad16ebd13914f8d5	2026-07-27T08:35:37.9578365Z hint:
Lint (Biome)	Run actions/checkout@34e114876b0b11c390a56381ad16ebd13914f8d5	2026-07-27T08:35:37.9580191Z hint: 	git config --global init.defaultBranch <name>
Lint (Biome)	Run actions/checkout@34e114876b0b11c390a56381ad16ebd13914f8d5	2026-07-27T08:35:37.9580973Z hint:
Lint (Biome)	Run actions/checkout@34e114876b0b11c390a56381ad16ebd13914f8d5	2026-07-27T08:35:37.9581781Z hint: Names commonly chosen instead of 'master' are 'main', 'trunk' and
Lint (Biome)	Run actions/checkout@34e114876b0b11c390a56381ad16ebd13914f8d5	2026-07-27T08:35:37.9582735Z hint: 'development'. The just-created branch can be renamed via this command:
Lint (Biome)	Run actions/checkout@34e114876b0b11c390a56381ad16ebd13914f8d5	2026-07-27T08:35:37.9583496Z hint:
Lint (Biome)	Run actions/checkout@34e114876b0b11c390a56381ad16ebd13914f8d5	2026-07-27T08:35:37.9583964Z hint: 	git branch -m <name>
Lint (Biome)	Run actions/checkout@34e114876b0b11c390a56381ad16ebd13914f8d5	2026-07-27T08:35:37.9584481Z hint:
Lint (Biome)	Run actions/checkout@34e114876b0b11c390a56381ad16ebd13914f8d5	2026-07-27T08:35:37.9585108Z hint: Disable this message with "git config set advice.defaultBranchName false"
Lint (Biome)	Run actions/checkout@34e114876b0b11c390a56381ad16ebd13914f8d5	2026-07-27T08:35:37.9586084Z Initialized empty Git repository in /home/runner/work/RUN/RUN/.git/
Lint (Biome)	Run actions/checkout@34e114876b0b11c390a56381ad16ebd13914f8d5	2026-07-27T08:35:37.9597398Z [command]/usr/bin/git remote add origin https://github.com/hateem2121/RUN
Lint (Biome)	Run actions/checkout@34e114876b0b11c390a56381ad16ebd13914f8d5	2026-07-27T08:35:37.9639853Z ##[endgroup]
Lint (Biome)	Run actions/checkout@34e114876b0b11c390a56381ad16ebd13914f8d5	2026-07-27T08:35:37.9641373Z ##[group]Disabling automatic garbage collection
Lint (Biome)	Run actions/checkout@34e114876b0b11c390a56381ad16ebd13914f8d5	2026-07-27T08:35:37.9642519Z [command]/usr/bin/git config --local gc.auto 0
Lint (Biome)	Run actions/checkout@34e114876b0b11c390a56381ad16ebd13914f8d5	2026-07-27T08:35:37.9728542Z ##[endgroup]
Lint (Biome)	Run actions/checkout@34e114876b0b11c390a56381ad16ebd13914f8d5	2026-07-27T08:35:37.9729961Z ##[group]Setting up auth
Lint (Biome)	Run actions/checkout@34e114876b0b11c390a56381ad16ebd13914f8d5	2026-07-27T08:35:37.9735844Z [command]/usr/bin/git config --local --name-only --get-regexp core\.sshCommand
Lint (Biome)	Run actions/checkout@34e114876b0b11c390a56381ad16ebd13914f8d5	2026-07-27T08:35:37.9767416Z [command]/usr/bin/git submodule foreach --recursive sh -c "git config --local --name-only --get-regexp 'core\.sshCommand' && git config --local --unset-all 'core.sshCommand' || :"
Lint (Biome)	Run actions/checkout@34e114876b0b11c390a56381ad16ebd13914f8d5	2026-07-27T08:35:38.0148370Z [command]/usr/bin/git config --local --name-only --get-regexp http\.https\:\/\/github\.com\/\.extraheader
Lint (Biome)	Run actions/checkout@34e114876b0b11c390a56381ad16ebd13914f8d5	2026-07-27T08:35:38.0181457Z [command]/usr/bin/git submodule foreach --recursive sh -c "git config --local --name-only --get-regexp 'http\.https\:\/\/github\.com\/\.extraheader' && git config --local --unset-all 'http.https://github.com/.extraheader' || :"
Lint (Biome)	Run actions/checkout@34e114876b0b11c390a56381ad16ebd13914f8d5	2026-07-27T08:35:38.0366156Z [command]/usr/bin/git config --local --name-only --get-regexp ^includeIf\.gitdir:
Lint (Biome)	Run actions/checkout@34e114876b0b11c390a56381ad16ebd13914f8d5	2026-07-27T08:35:38.0393526Z [command]/usr/bin/git submodule foreach --recursive git config --local --show-origin --name-only --get-regexp remote.origin.url
Lint (Biome)	Run actions/checkout@34e114876b0b11c390a56381ad16ebd13914f8d5	2026-07-27T08:35:38.0573711Z [command]/usr/bin/git config --local http.https://github.com/.extraheader AUTHORIZATION: basic ***
Lint (Biome)	Run actions/checkout@34e114876b0b11c390a56381ad16ebd13914f8d5	2026-07-27T08:35:38.0609704Z ##[endgroup]
Lint (Biome)	Run actions/checkout@34e114876b0b11c390a56381ad16ebd13914f8d5	2026-07-27T08:35:38.0610592Z ##[group]Fetching the repository
Lint (Biome)	Run actions/checkout@34e114876b0b11c390a56381ad16ebd13914f8d5	2026-07-27T08:35:38.0622762Z [command]/usr/bin/git -c protocol.version=2 fetch --no-tags --prune --no-recurse-submodules --depth=1 origin +26f0cf27e4528a1005b56c4ef6500a9d1b44b418:refs/remotes/origin/main
Lint (Biome)	Run actions/checkout@34e114876b0b11c390a56381ad16ebd13914f8d5	2026-07-27T08:35:40.1370343Z From https://github.com/hateem2121/RUN
Lint (Biome)	Run actions/checkout@34e114876b0b11c390a56381ad16ebd13914f8d5	2026-07-27T08:35:40.1373373Z  * [new ref]         26f0cf27e4528a1005b56c4ef6500a9d1b44b418 -> origin/main
Lint (Biome)	Run actions/checkout@34e114876b0b11c390a56381ad16ebd13914f8d5	2026-07-27T08:35:40.1404099Z ##[endgroup]
Lint (Biome)	Run actions/checkout@34e114876b0b11c390a56381ad16ebd13914f8d5	2026-07-27T08:35:40.1406505Z ##[group]Determining the checkout info
Lint (Biome)	Run actions/checkout@34e114876b0b11c390a56381ad16ebd13914f8d5	2026-07-27T08:35:40.1409584Z ##[endgroup]
Lint (Biome)	Run actions/checkout@34e114876b0b11c390a56381ad16ebd13914f8d5	2026-07-27T08:35:40.1411402Z [command]/usr/bin/git sparse-checkout disable
Lint (Biome)	Run actions/checkout@34e114876b0b11c390a56381ad16ebd13914f8d5	2026-07-27T08:35:40.1456194Z [command]/usr/bin/git config --local --unset-all extensions.worktreeConfig
Lint (Biome)	Run actions/checkout@34e114876b0b11c390a56381ad16ebd13914f8d5	2026-07-27T08:35:40.1483851Z ##[group]Checking out the ref
Lint (Biome)	Run actions/checkout@34e114876b0b11c390a56381ad16ebd13914f8d5	2026-07-27T08:35:40.1486412Z [command]/usr/bin/git checkout --progress --force -B main refs/remotes/origin/main
Lint (Biome)	Run actions/checkout@34e114876b0b11c390a56381ad16ebd13914f8d5	2026-07-27T08:35:40.4918564Z Switched to a new branch 'main'
Lint (Biome)	Run actions/checkout@34e114876b0b11c390a56381ad16ebd13914f8d5	2026-07-27T08:35:40.4919676Z branch 'main' set up to track 'origin/main'.
Lint (Biome)	Run actions/checkout@34e114876b0b11c390a56381ad16ebd13914f8d5	2026-07-27T08:35:40.4932650Z ##[endgroup]
Lint (Biome)	Run actions/checkout@34e114876b0b11c390a56381ad16ebd13914f8d5	2026-07-27T08:35:40.4981034Z [command]/usr/bin/git log -1 --format=%H
Lint (Biome)	Run actions/checkout@34e114876b0b11c390a56381ad16ebd13914f8d5	2026-07-27T08:35:40.5003139Z 26f0cf27e4528a1005b56c4ef6500a9d1b44b418
Lint (Biome)	Run actions/setup-node@49933ea5288caeca8642d1e84afbd3f7d6820020	﻿2026-07-27T08:35:40.5246915Z Node 20 is being deprecated. This workflow is running with Node 24 by default. If you need to temporarily use Node 20, you can set the ACTIONS_ALLOW_USE_UNSECURE_NODE_VERSION=true environment variable. For more information see: https://github.blog/changelog/2025-09-19-deprecation-of-node-20-on-github-actions-runners/
Lint (Biome)	Run actions/setup-node@49933ea5288caeca8642d1e84afbd3f7d6820020	2026-07-27T08:35:40.5249133Z ##[group]Run actions/setup-node@49933ea5288caeca8642d1e84afbd3f7d6820020
Lint (Biome)	Run actions/setup-node@49933ea5288caeca8642d1e84afbd3f7d6820020	2026-07-27T08:35:40.5249619Z with:
Lint (Biome)	Run actions/setup-node@49933ea5288caeca8642d1e84afbd3f7d6820020	2026-07-27T08:35:40.5249966Z   node-version: 24
Lint (Biome)	Run actions/setup-node@49933ea5288caeca8642d1e84afbd3f7d6820020	2026-07-27T08:35:40.5250285Z   cache: npm
Lint (Biome)	Run actions/setup-node@49933ea5288caeca8642d1e84afbd3f7d6820020	2026-07-27T08:35:40.5250586Z   always-auth: false
Lint (Biome)	Run actions/setup-node@49933ea5288caeca8642d1e84afbd3f7d6820020	2026-07-27T08:35:40.5250974Z   check-latest: false
Lint (Biome)	Run actions/setup-node@49933ea5288caeca8642d1e84afbd3f7d6820020	2026-07-27T08:35:40.5253545Z   token: ***
Lint (Biome)	Run actions/setup-node@49933ea5288caeca8642d1e84afbd3f7d6820020	2026-07-27T08:35:40.5253880Z ##[endgroup]
Lint (Biome)	Run actions/setup-node@49933ea5288caeca8642d1e84afbd3f7d6820020	2026-07-27T08:35:40.6599669Z Found in cache @ /opt/hostedtoolcache/node/24.18.0/x64
Lint (Biome)	Run actions/setup-node@49933ea5288caeca8642d1e84afbd3f7d6820020	2026-07-27T08:35:40.6603708Z (node:2366) [DEP0040] DeprecationWarning: The `punycode` module is deprecated. Please use a userland alternative instead.
Lint (Biome)	Run actions/setup-node@49933ea5288caeca8642d1e84afbd3f7d6820020	2026-07-27T08:35:40.6604513Z (Use `node --trace-deprecation ...` to show where the warning was created)
Lint (Biome)	Run actions/setup-node@49933ea5288caeca8642d1e84afbd3f7d6820020	2026-07-27T08:35:40.6606553Z ##[group]Environment details
Lint (Biome)	Run actions/setup-node@49933ea5288caeca8642d1e84afbd3f7d6820020	2026-07-27T08:35:41.0267271Z node: v24.18.0
Lint (Biome)	Run actions/setup-node@49933ea5288caeca8642d1e84afbd3f7d6820020	2026-07-27T08:35:41.0268489Z npm: 11.16.0
Lint (Biome)	Run actions/setup-node@49933ea5288caeca8642d1e84afbd3f7d6820020	2026-07-27T08:35:41.0269092Z yarn: 1.22.22
Lint (Biome)	Run actions/setup-node@49933ea5288caeca8642d1e84afbd3f7d6820020	2026-07-27T08:35:41.0270686Z ##[endgroup]
Lint (Biome)	Run actions/setup-node@49933ea5288caeca8642d1e84afbd3f7d6820020	2026-07-27T08:35:41.0290643Z [command]/opt/hostedtoolcache/node/24.18.0/x64/bin/npm config get cache
Lint (Biome)	Run actions/setup-node@49933ea5288caeca8642d1e84afbd3f7d6820020	2026-07-27T08:35:41.1318962Z /home/runner/.npm
Lint (Biome)	Run actions/setup-node@49933ea5288caeca8642d1e84afbd3f7d6820020	2026-07-27T08:35:41.3415383Z Cache hit for: node-cache-Linux-x64-npm-c58d906b01e082c52cec98a405d7736653b10234b5336d059e7e115a6d4c3c05
Lint (Biome)	Run actions/setup-node@49933ea5288caeca8642d1e84afbd3f7d6820020	2026-07-27T08:35:41.3550223Z (node:2366) [DEP0169] DeprecationWarning: `url.parse()` behavior is not standardized and prone to errors that have security implications. Use the WHATWG URL API instead. CVEs are not issued for `url.parse()` vulnerabilities.
Lint (Biome)	Run actions/setup-node@49933ea5288caeca8642d1e84afbd3f7d6820020	2026-07-27T08:35:42.5567566Z Received 37748736 of 365303004 (10.3%), 36.0 MBs/sec
Lint (Biome)	Run actions/setup-node@49933ea5288caeca8642d1e84afbd3f7d6820020	2026-07-27T08:35:43.5567587Z Received 197132288 of 365303004 (54.0%), 94.0 MBs/sec
Lint (Biome)	Run actions/setup-node@49933ea5288caeca8642d1e84afbd3f7d6820020	2026-07-27T08:35:44.4863330Z Received 365303004 of 365303004 (100.0%), 118.9 MBs/sec
Lint (Biome)	Run actions/setup-node@49933ea5288caeca8642d1e84afbd3f7d6820020	2026-07-27T08:35:44.4864607Z Cache Size: ~348 MB (365303004 B)
Lint (Biome)	Run actions/setup-node@49933ea5288caeca8642d1e84afbd3f7d6820020	2026-07-27T08:35:44.4991052Z [command]/usr/bin/tar -xf /home/runner/work/_temp/3405d73d-c955-4947-ba0c-752ad957f401/cache.tzst -P -C /home/runner/work/RUN/RUN --use-compress-program unzstd
Lint (Biome)	Run actions/setup-node@49933ea5288caeca8642d1e84afbd3f7d6820020	2026-07-27T08:35:45.1808401Z Cache restored successfully
Lint (Biome)	Run actions/setup-node@49933ea5288caeca8642d1e84afbd3f7d6820020	2026-07-27T08:35:45.7067891Z Cache restored from key: node-cache-Linux-x64-npm-c58d906b01e082c52cec98a405d7736653b10234b5336d059e7e115a6d4c3c05
Lint (Biome)	Run npm ci	﻿2026-07-27T08:35:45.7222083Z ##[group]Run npm ci
Lint (Biome)	Run npm ci	2026-07-27T08:35:45.7222583Z ^[[36;1mnpm ci^[[0m
Lint (Biome)	Run npm ci	2026-07-27T08:35:45.7573708Z shell: /usr/bin/bash -e {0}
Lint (Biome)	Run npm ci	2026-07-27T08:35:45.7574152Z ##[endgroup]
Lint (Biome)	Run npm ci	2026-07-27T08:36:15.1789257Z 
Lint (Biome)	Run npm ci	2026-07-27T08:36:15.1795833Z > run-remix-monorepo@4.1.2 prepare
Lint (Biome)	Run npm ci	2026-07-27T08:36:15.1796482Z > husky
Lint (Biome)	Run npm ci	2026-07-27T08:36:15.1796693Z 
Lint (Biome)	Run npm ci	2026-07-27T08:36:15.3237091Z 
Lint (Biome)	Run npm ci	2026-07-27T08:36:15.3238821Z added 1242 packages, and audited 1247 packages in 29s
Lint (Biome)	Run npm ci	2026-07-27T08:36:15.3239327Z 
Lint (Biome)	Run npm ci	2026-07-27T08:36:15.3239693Z 260 packages are looking for funding
Lint (Biome)	Run npm ci	2026-07-27T08:36:15.3240264Z   run `npm fund` for details
Lint (Biome)	Run npm ci	2026-07-27T08:36:15.3443247Z 
Lint (Biome)	Run npm ci	2026-07-27T08:36:15.3444394Z 16 vulnerabilities (2 low, 14 high)
Lint (Biome)	Run npm ci	2026-07-27T08:36:15.3444881Z 
Lint (Biome)	Run npm ci	2026-07-27T08:36:15.3445327Z To address issues that do not require attention, run:
Lint (Biome)	Run npm ci	2026-07-27T08:36:15.3446143Z   npm audit fix
Lint (Biome)	Run npm ci	2026-07-27T08:36:15.3446365Z 
Lint (Biome)	Run npm ci	2026-07-27T08:36:15.3446632Z To address all issues (including breaking changes), run:
Lint (Biome)	Run npm ci	2026-07-27T08:36:15.3447205Z   npm audit fix --force
Lint (Biome)	Run npm ci	2026-07-27T08:36:15.3447606Z 
Lint (Biome)	Run npm ci	2026-07-27T08:36:15.3447864Z Run `npm audit` for details.
Lint (Biome)	Run npm ci	2026-07-27T08:36:15.3456962Z npm warn allow-scripts 3 packages have install scripts not yet covered by allowScripts:
Lint (Biome)	Run npm ci	2026-07-27T08:36:15.3458060Z npm warn allow-scripts   esbuild@0.25.12 (postinstall: node install.js)
Lint (Biome)	Run npm ci	2026-07-27T08:36:15.3459032Z npm warn allow-scripts   protobufjs@7.6.5 (postinstall: node scripts/postinstall)
Lint (Biome)	Run npm ci	2026-07-27T08:36:15.3459865Z npm warn allow-scripts   sharp@0.34.5 (install: node install/check.js || npm run build)
Lint (Biome)	Run npm ci	2026-07-27T08:36:15.3460360Z npm warn allow-scripts
Lint (Biome)	Run npm ci	2026-07-27T08:36:15.3461076Z npm warn allow-scripts Run `npm approve-scripts --allow-scripts-pending` to review, or `npm approve-scripts <pkg>` to allow.
Lint (Biome)	Build Shared Declarations	﻿2026-07-27T08:36:15.5141017Z ##[group]Run npm run build --prefix shared
Lint (Biome)	Build Shared Declarations	2026-07-27T08:36:15.5141463Z ^[[36;1mnpm run build --prefix shared^[[0m
Lint (Biome)	Build Shared Declarations	2026-07-27T08:36:15.5172894Z shell: /usr/bin/bash -e {0}
Lint (Biome)	Build Shared Declarations	2026-07-27T08:36:15.5173388Z ##[endgroup]
Lint (Biome)	Build Shared Declarations	2026-07-27T08:36:15.6067535Z 
Lint (Biome)	Build Shared Declarations	2026-07-27T08:36:15.6068340Z > @run-remix/shared@4.1.2 build
Lint (Biome)	Build Shared Declarations	2026-07-27T08:36:15.6069123Z > tsc -b
Lint (Biome)	Build Shared Declarations	2026-07-27T08:36:15.6069330Z 
Lint (Biome)	Build Server Declarations	﻿2026-07-27T08:36:19.6499969Z ##[group]Run npx tsc -b server/tsconfig.json
Lint (Biome)	Build Server Declarations	2026-07-27T08:36:19.6500403Z ^[[36;1mnpx tsc -b server/tsconfig.json^[[0m
Lint (Biome)	Build Server Declarations	2026-07-27T08:36:19.6529154Z shell: /usr/bin/bash -e {0}
Lint (Biome)	Build Server Declarations	2026-07-27T08:36:19.6529570Z ##[endgroup]
Lint (Biome)	Run Biome Check	﻿2026-07-27T08:36:32.4805464Z ##[group]Run npm run check
Lint (Biome)	Run Biome Check	2026-07-27T08:36:32.4805822Z ^[[36;1mnpm run check^[[0m
Lint (Biome)	Run Biome Check	2026-07-27T08:36:32.4834787Z shell: /usr/bin/bash -e {0}
Lint (Biome)	Run Biome Check	2026-07-27T08:36:32.4835235Z ##[endgroup]
Lint (Biome)	Run Biome Check	2026-07-27T08:36:32.5750998Z 
Lint (Biome)	Run Biome Check	2026-07-27T08:36:32.5751878Z > run-remix-monorepo@4.1.2 check
Lint (Biome)	Run Biome Check	2026-07-27T08:36:32.5752522Z > npm run typecheck && npm run lint
Lint (Biome)	Run Biome Check	2026-07-27T08:36:32.5752856Z 
Lint (Biome)	Run Biome Check	2026-07-27T08:36:32.6616960Z 
Lint (Biome)	Run Biome Check	2026-07-27T08:36:32.6618068Z > run-remix-monorepo@4.1.2 typecheck
Lint (Biome)	Run Biome Check	2026-07-27T08:36:33.4346843Z ^[[31mfailed to load config from /home/runner/work/RUN/RUN/client/vite.config.ts^[[39m
Lint (Biome)	Run Biome Check	2026-07-27T08:36:33.4348226Z > npm exec -w @run-remix/client -- react-router typegen && tsc --noEmit -p client/tsconfig.json && tsc --noEmit -p server/tsconfig.json
Lint (Biome)	Run Biome Check	2026-07-27T08:36:33.4349275Z 
Lint (Biome)	Run Biome Check	2026-07-27T08:36:33.4356729Z Error: Cannot find native binding. npm has a bug related to optional dependencies (https://github.com/npm/cli/issues/4828). Please try `npm i` again after removing both package-lock.json and node_modules directory.
Lint (Biome)	Run Biome Check	2026-07-27T08:36:33.4358849Z     at Object.<anonymous> (/home/runner/work/RUN/RUN/node_modules/@tailwindcss/oxide/index.js:573:11)
Lint (Biome)	Run Biome Check	2026-07-27T08:36:33.4359746Z     at Module._compile (node:internal/modules/cjs/loader:1871:14)
Lint (Biome)	Run Biome Check	2026-07-27T08:36:33.4360234Z     at Object..js (node:internal/modules/cjs/loader:2002:10)
Lint (Biome)	Run Biome Check	2026-07-27T08:36:33.4360790Z     at Module.load (node:internal/modules/cjs/loader:1594:32)
Lint (Biome)	Run Biome Check	2026-07-27T08:36:33.4361322Z     at Module._load (node:internal/modules/cjs/loader:1396:12)
Lint (Biome)	Run Biome Check	2026-07-27T08:36:33.4361852Z     at wrapModuleLoad (node:internal/modules/cjs/loader:255:19)
Lint (Biome)	Run Biome Check	2026-07-27T08:36:33.4362438Z     at loadCJSModuleWithModuleLoad (node:internal/modules/esm/translators:372:15)
Lint (Biome)	Run Biome Check	2026-07-27T08:36:33.4363064Z     at ModuleWrap.<anonymous> (node:internal/modules/esm/translators:244:9)
Lint (Biome)	Run Biome Check	2026-07-27T08:36:33.4363612Z     at ModuleJob.run (node:internal/modules/esm/module_job:439:25)
Lint (Biome)	Run Biome Check	2026-07-27T08:36:33.4364104Z     at async node:internal/modules/esm/loader:643:26 {
Lint (Biome)	Run Biome Check	2026-07-27T08:36:33.4364652Z   [cause]: Error: Cannot find module '@tailwindcss/oxide-linux-x64-gnu'
Lint (Biome)	Run Biome Check	2026-07-27T08:36:33.4365081Z   Require stack:
Lint (Biome)	Run Biome Check	2026-07-27T08:36:33.4365520Z   - /home/runner/work/RUN/RUN/node_modules/@tailwindcss/oxide/index.js
Lint (Biome)	Run Biome Check	2026-07-27T08:36:33.4366088Z       at Module._resolveFilename (node:internal/modules/cjs/loader:1517:15)
Lint (Biome)	Run Biome Check	2026-07-27T08:36:33.4366615Z       ... 8 lines matching cause stack trace ...
Lint (Biome)	Run Biome Check	2026-07-27T08:36:33.4367085Z       at Module._load (node:internal/modules/cjs/loader:1294:5) {
Lint (Biome)	Run Biome Check	2026-07-27T08:36:33.4367490Z     code: 'MODULE_NOT_FOUND',
Lint (Biome)	Run Biome Check	2026-07-27T08:36:33.4367857Z     requireStack: [
Lint (Biome)	Run Biome Check	2026-07-27T08:36:33.4368913Z       '/home/runner/work/RUN/RUN/node_modules/@tailwindcss/oxide/index.js'
Lint (Biome)	Run Biome Check	2026-07-27T08:36:33.4369392Z     ],
Lint (Biome)	Run Biome Check	2026-07-27T08:36:33.4369848Z     cause: Error: Cannot find module './tailwindcss-oxide.linux-x64-gnu.node'
Lint (Biome)	Run Biome Check	2026-07-27T08:36:33.4370387Z     Require stack:
Lint (Biome)	Run Biome Check	2026-07-27T08:36:33.4370852Z     - /home/runner/work/RUN/RUN/node_modules/@tailwindcss/oxide/index.js
Lint (Biome)	Run Biome Check	2026-07-27T08:36:33.4371420Z         at Module._resolveFilename (node:internal/modules/cjs/loader:1517:15)
Lint (Biome)	Run Biome Check	2026-07-27T08:36:33.4371957Z         at wrapResolveFilename (node:internal/modules/cjs/loader:1071:27)
Lint (Biome)	Run Biome Check	2026-07-27T08:36:33.4372574Z         at defaultResolveImplForCJSLoading (node:internal/modules/cjs/loader:1095:10)
Lint (Biome)	Run Biome Check	2026-07-27T08:36:33.4373438Z         at defaultResolve (node:internal/modules/cjs/loader:1152:20)
Lint (Biome)	Run Biome Check	2026-07-27T08:36:33.4373960Z         at nextStep (node:internal/modules/customization_hooks:189:26)
Lint (Biome)	Run Biome Check	2026-07-27T08:36:33.4374586Z         at De (file:///home/runner/work/RUN/RUN/node_modules/@tailwindcss/node/dist/index.mjs:1:539)
Lint (Biome)	Run Biome Check	2026-07-27T08:36:33.4375163Z         at nextStep (node:internal/modules/customization_hooks:189:26)
Lint (Biome)	Run Biome Check	2026-07-27T08:36:33.4375767Z         at resolveWithHooks (node:internal/modules/customization_hooks:417:10)
Lint (Biome)	Run Biome Check	2026-07-27T08:36:33.4376329Z         at resolveForCJSWithHooks (node:internal/modules/cjs/loader:1165:25)
Lint (Biome)	Run Biome Check	2026-07-27T08:36:33.4376860Z         at Module._load (node:internal/modules/cjs/loader:1294:5) {
Lint (Biome)	Run Biome Check	2026-07-27T08:36:33.4377443Z       code: 'MODULE_NOT_FOUND',
Lint (Biome)	Run Biome Check	2026-07-27T08:36:33.4377824Z       requireStack: [Array]
Lint (Biome)	Run Biome Check	2026-07-27T08:36:33.4379983Z     }
Lint (Biome)	Run Biome Check	2026-07-27T08:36:33.4380360Z   }
Lint (Biome)	Run Biome Check	2026-07-27T08:36:33.4380824Z }
Lint (Biome)	Run Biome Check	2026-07-27T08:36:33.4678816Z ##[error]Process completed with exit code 1.
Lint (Biome)	Post Run actions/checkout@34e114876b0b11c390a56381ad16ebd13914f8d5	﻿2026-07-27T08:36:33.4821390Z Node 20 is being deprecated. This workflow is running with Node 24 by default. If you need to temporarily use Node 20, you can set the ACTIONS_ALLOW_USE_UNSECURE_NODE_VERSION=true environment variable. For more information see: https://github.blog/changelog/2025-09-19-deprecation-of-node-20-on-github-actions-runners/
Lint (Biome)	Post Run actions/checkout@34e114876b0b11c390a56381ad16ebd13914f8d5	2026-07-27T08:36:33.4822647Z Post job cleanup.
Lint (Biome)	Post Run actions/checkout@34e114876b0b11c390a56381ad16ebd13914f8d5	2026-07-27T08:36:33.5629234Z [command]/usr/bin/git version
Lint (Biome)	Post Run actions/checkout@34e114876b0b11c390a56381ad16ebd13914f8d5	2026-07-27T08:36:33.5641318Z git version 2.54.0
Lint (Biome)	Post Run actions/checkout@34e114876b0b11c390a56381ad16ebd13914f8d5	2026-07-27T08:36:33.5676195Z Temporarily overriding HOME='/home/runner/work/_temp/30cd3117-a743-418a-9451-c9d34ba1013c' before making global git config changes
Lint (Biome)	Post Run actions/checkout@34e114876b0b11c390a56381ad16ebd13914f8d5	2026-07-27T08:36:33.5677588Z Adding repository directory to the temporary git global config as a safe directory
Lint (Biome)	Post Run actions/checkout@34e114876b0b11c390a56381ad16ebd13914f8d5	2026-07-27T08:36:33.5681448Z [command]/usr/bin/git config --global --add safe.directory /home/runner/work/RUN/RUN
Lint (Biome)	Post Run actions/checkout@34e114876b0b11c390a56381ad16ebd13914f8d5	2026-07-27T08:36:33.5716735Z [command]/usr/bin/git config --local --name-only --get-regexp core\.sshCommand
Lint (Biome)	Post Run actions/checkout@34e114876b0b11c390a56381ad16ebd13914f8d5	2026-07-27T08:36:33.5746164Z [command]/usr/bin/git submodule foreach --recursive sh -c "git config --local --name-only --get-regexp 'core\.sshCommand' && git config --local --unset-all 'core.sshCommand' || :"
Lint (Biome)	Post Run actions/checkout@34e114876b0b11c390a56381ad16ebd13914f8d5	2026-07-27T08:36:33.5963966Z [command]/usr/bin/git config --local --name-only --get-regexp http\.https\:\/\/github\.com\/\.extraheader
Lint (Biome)	Post Run actions/checkout@34e114876b0b11c390a56381ad16ebd13914f8d5	2026-07-27T08:36:33.5987458Z http.https://github.com/.extraheader
Lint (Biome)	Post Run actions/checkout@34e114876b0b11c390a56381ad16ebd13914f8d5	2026-07-27T08:36:33.5997199Z [command]/usr/bin/git config --local --unset-all http.https://github.com/.extraheader
Lint (Biome)	Post Run actions/checkout@34e114876b0b11c390a56381ad16ebd13914f8d5	2026-07-27T08:36:33.6024417Z [command]/usr/bin/git submodule foreach --recursive sh -c "git config --local --name-only --get-regexp 'http\.https\:\/\/github\.com\/\.extraheader' && git config --local --unset-all 'http.https://github.com/.extraheader' || :"
Lint (Biome)	Post Run actions/checkout@34e114876b0b11c390a56381ad16ebd13914f8d5	2026-07-27T08:36:33.6222637Z [command]/usr/bin/git config --local --name-only --get-regexp ^includeIf\.gitdir:
Lint (Biome)	Post Run actions/checkout@34e114876b0b11c390a56381ad16ebd13914f8d5	2026-07-27T08:36:33.6253053Z [command]/usr/bin/git submodule foreach --recursive git config --local --show-origin --name-only --get-regexp remote.origin.url
Lint (Biome)	Complete job	﻿2026-07-27T08:36:33.6597829Z Cleaning up orphan processes
Lint (Biome)	Complete job	2026-07-27T08:36:33.6888874Z ##[warning]Node.js 20 is deprecated. The following actions target Node.js 20 but are being forced to run on Node.js 24: actions/checkout@34e114876b0b11c390a56381ad16ebd13914f8d5, actions/setup-node@49933ea5288caeca8642d1e84afbd3f7d6820020. For more information see: https://github.blog/changelog/2025-09-19-deprecation-of-node-20-on-github-actions-runners/
Test & Verify	Set up job	﻿2026-07-27T08:35:36.8367982Z Current runner version: '2.335.1'
Test & Verify	Set up job	2026-07-27T08:35:36.8393694Z ##[group]Runner Image Provisioner
Test & Verify	Set up job	2026-07-27T08:35:36.8394546Z Hosted Compute Agent
Test & Verify	Set up job	2026-07-27T08:35:36.8395231Z Version: 20260707.563
Test & Verify	Set up job	2026-07-27T08:35:36.8395894Z Commit: 02667638d2b423fbc733a8e32a88b44996a3ba6e
Test & Verify	Set up job	2026-07-27T08:35:36.8396698Z Build Date: 2026-07-07T19:33:50Z
Test & Verify	Set up job	2026-07-27T08:35:36.8397377Z Worker ID: {8c770e75-6534-4058-9841-7e8c7b6cb8af}
Test & Verify	Set up job	2026-07-27T08:35:36.8398048Z Azure Region: westus
Test & Verify	Set up job	2026-07-27T08:35:36.8398682Z ##[endgroup]
Test & Verify	Set up job	2026-07-27T08:35:36.8400587Z ##[group]Operating System
Test & Verify	Set up job	2026-07-27T08:35:36.8401321Z Ubuntu
Test & Verify	Set up job	2026-07-27T08:35:36.8401855Z 24.04.4
Test & Verify	Set up job	2026-07-27T08:35:36.8402358Z LTS
Test & Verify	Set up job	2026-07-27T08:35:36.8402953Z ##[endgroup]
Test & Verify	Set up job	2026-07-27T08:35:36.8403606Z ##[group]Runner Image
Test & Verify	Set up job	2026-07-27T08:35:36.8404227Z Image: ubuntu-24.04
Test & Verify	Set up job	2026-07-27T08:35:36.8404806Z Version: 20260720.247.2
Test & Verify	Set up job	2026-07-27T08:35:36.8405886Z Included Software: https://github.com/actions/runner-images/blob/ubuntu24/20260720.247/images/ubuntu/Ubuntu2404-Readme.md
Test & Verify	Set up job	2026-07-27T08:35:36.8407690Z Image Release: https://github.com/actions/runner-images/releases/tag/ubuntu24%2F20260720.247
Test & Verify	Set up job	2026-07-27T08:35:36.8408668Z ##[endgroup]
Test & Verify	Set up job	2026-07-27T08:35:36.8410088Z ##[group]GITHUB_TOKEN Permissions
Test & Verify	Set up job	2026-07-27T08:35:36.8412037Z Contents: read
Test & Verify	Set up job	2026-07-27T08:35:36.8412709Z Metadata: read
Test & Verify	Set up job	2026-07-27T08:35:36.8413285Z ##[endgroup]
Test & Verify	Set up job	2026-07-27T08:35:36.8415417Z Secret source: Actions
Test & Verify	Set up job	2026-07-27T08:35:36.8416173Z Prepare workflow directory
Test & Verify	Set up job	2026-07-27T08:35:36.8748803Z Prepare all required actions
Test & Verify	Set up job	2026-07-27T08:35:36.8787671Z Getting action download info
Test & Verify	Set up job	2026-07-27T08:35:37.2410891Z Download action repository 'actions/checkout@34e114876b0b11c390a56381ad16ebd13914f8d5' (SHA:34e114876b0b11c390a56381ad16ebd13914f8d5)
Test & Verify	Set up job	2026-07-27T08:35:37.3690982Z Download action repository 'neondatabase/create-branch-action@fb620d43d4c565abaf088b848a4e28e5c4ea4d9c' (SHA:fb620d43d4c565abaf088b848a4e28e5c4ea4d9c)
Test & Verify	Set up job	2026-07-27T08:35:37.7991279Z Download action repository 'actions/setup-node@49933ea5288caeca8642d1e84afbd3f7d6820020' (SHA:49933ea5288caeca8642d1e84afbd3f7d6820020)
Test & Verify	Set up job	2026-07-27T08:35:37.8878392Z Download action repository 'actions/upload-artifact@ea165f8d65b6e75b540449e92b4886f43607fa02' (SHA:ea165f8d65b6e75b540449e92b4886f43607fa02)
Test & Verify	Set up job	2026-07-27T08:35:38.0007523Z Download action repository 'codecov/codecov-action@b9fd7d16f6d7d1b5d2bec1a2887e65ceed900238' (SHA:b9fd7d16f6d7d1b5d2bec1a2887e65ceed900238)
Test & Verify	Set up job	2026-07-27T08:35:38.4918746Z Complete job name: Test & Verify
Test & Verify	Run actions/checkout@34e114876b0b11c390a56381ad16ebd13914f8d5	﻿2026-07-27T08:35:38.5870203Z Node 20 is being deprecated. This workflow is running with Node 24 by default. If you need to temporarily use Node 20, you can set the ACTIONS_ALLOW_USE_UNSECURE_NODE_VERSION=true environment variable. For more information see: https://github.blog/changelog/2025-09-19-deprecation-of-node-20-on-github-actions-runners/
Test & Verify	Run actions/checkout@34e114876b0b11c390a56381ad16ebd13914f8d5	2026-07-27T08:35:38.5882101Z ##[group]Run actions/checkout@34e114876b0b11c390a56381ad16ebd13914f8d5
Test & Verify	Run actions/checkout@34e114876b0b11c390a56381ad16ebd13914f8d5	2026-07-27T08:35:38.5883813Z with:
Test & Verify	Run actions/checkout@34e114876b0b11c390a56381ad16ebd13914f8d5	2026-07-27T08:35:38.5884696Z   repository: hateem2121/RUN
Test & Verify	Run actions/checkout@34e114876b0b11c390a56381ad16ebd13914f8d5	2026-07-27T08:35:38.5893456Z   token: ***
Test & Verify	Run actions/checkout@34e114876b0b11c390a56381ad16ebd13914f8d5	2026-07-27T08:35:38.5894330Z   ssh-strict: true
Test & Verify	Run actions/checkout@34e114876b0b11c390a56381ad16ebd13914f8d5	2026-07-27T08:35:38.5895222Z   ssh-user: git
Test & Verify	Run actions/checkout@34e114876b0b11c390a56381ad16ebd13914f8d5	2026-07-27T08:35:38.5896138Z   persist-credentials: true
Test & Verify	Run actions/checkout@34e114876b0b11c390a56381ad16ebd13914f8d5	2026-07-27T08:35:38.5897134Z   clean: true
Test & Verify	Run actions/checkout@34e114876b0b11c390a56381ad16ebd13914f8d5	2026-07-27T08:35:38.5898041Z   sparse-checkout-cone-mode: true
Test & Verify	Run actions/checkout@34e114876b0b11c390a56381ad16ebd13914f8d5	2026-07-27T08:35:38.5899115Z   fetch-depth: 1
Test & Verify	Run actions/checkout@34e114876b0b11c390a56381ad16ebd13914f8d5	2026-07-27T08:35:38.5900138Z   fetch-tags: false
Test & Verify	Run actions/checkout@34e114876b0b11c390a56381ad16ebd13914f8d5	2026-07-27T08:35:38.5901044Z   show-progress: true
Test & Verify	Run actions/checkout@34e114876b0b11c390a56381ad16ebd13914f8d5	2026-07-27T08:35:38.5901955Z   lfs: false
Test & Verify	Run actions/checkout@34e114876b0b11c390a56381ad16ebd13914f8d5	2026-07-27T08:35:38.5902838Z   submodules: false
Test & Verify	Run actions/checkout@34e114876b0b11c390a56381ad16ebd13914f8d5	2026-07-27T08:35:38.5903755Z   set-safe-directory: true
Test & Verify	Run actions/checkout@34e114876b0b11c390a56381ad16ebd13914f8d5	2026-07-27T08:35:38.5905061Z ##[endgroup]
Test & Verify	Run actions/checkout@34e114876b0b11c390a56381ad16ebd13914f8d5	2026-07-27T08:35:38.7001002Z Syncing repository: hateem2121/RUN
Test & Verify	Run actions/checkout@34e114876b0b11c390a56381ad16ebd13914f8d5	2026-07-27T08:35:38.7004877Z ##[group]Getting Git version info
Test & Verify	Run actions/checkout@34e114876b0b11c390a56381ad16ebd13914f8d5	2026-07-27T08:35:38.7006893Z Working directory is '/home/runner/work/RUN/RUN'
Test & Verify	Run actions/checkout@34e114876b0b11c390a56381ad16ebd13914f8d5	2026-07-27T08:35:38.7010220Z [command]/usr/bin/git version
Test & Verify	Run actions/checkout@34e114876b0b11c390a56381ad16ebd13914f8d5	2026-07-27T08:35:38.7011920Z git version 2.54.0
Test & Verify	Run actions/checkout@34e114876b0b11c390a56381ad16ebd13914f8d5	2026-07-27T08:35:38.7017016Z ##[endgroup]
Test & Verify	Run actions/checkout@34e114876b0b11c390a56381ad16ebd13914f8d5	2026-07-27T08:35:38.7030730Z Temporarily overriding HOME='/home/runner/work/_temp/0e367325-d839-446c-be2e-44358c0b618a' before making global git config changes
Test & Verify	Run actions/checkout@34e114876b0b11c390a56381ad16ebd13914f8d5	2026-07-27T08:35:38.7035898Z Adding repository directory to the temporary git global config as a safe directory
Test & Verify	Run actions/checkout@34e114876b0b11c390a56381ad16ebd13914f8d5	2026-07-27T08:35:38.7042074Z [command]/usr/bin/git config --global --add safe.directory /home/runner/work/RUN/RUN
Test & Verify	Run actions/checkout@34e114876b0b11c390a56381ad16ebd13914f8d5	2026-07-27T08:35:38.7088632Z Deleting the contents of '/home/runner/work/RUN/RUN'
Test & Verify	Run actions/checkout@34e114876b0b11c390a56381ad16ebd13914f8d5	2026-07-27T08:35:38.7096415Z ##[group]Initializing the repository
Test & Verify	Run actions/checkout@34e114876b0b11c390a56381ad16ebd13914f8d5	2026-07-27T08:35:38.7102469Z [command]/usr/bin/git init /home/runner/work/RUN/RUN
Test & Verify	Run actions/checkout@34e114876b0b11c390a56381ad16ebd13914f8d5	2026-07-27T08:35:38.7206537Z hint: Using 'master' as the name for the initial branch. This default branch name
Test & Verify	Run actions/checkout@34e114876b0b11c390a56381ad16ebd13914f8d5	2026-07-27T08:35:38.7208968Z hint: will change to "main" in Git 3.0. To configure the initial branch name
Test & Verify	Run actions/checkout@34e114876b0b11c390a56381ad16ebd13914f8d5	2026-07-27T08:35:38.7211634Z hint: to use in all of your new repositories, which will suppress this warning,
Test & Verify	Run actions/checkout@34e114876b0b11c390a56381ad16ebd13914f8d5	2026-07-27T08:35:38.7213197Z hint: call:
Test & Verify	Run actions/checkout@34e114876b0b11c390a56381ad16ebd13914f8d5	2026-07-27T08:35:38.7214005Z hint:
Test & Verify	Run actions/checkout@34e114876b0b11c390a56381ad16ebd13914f8d5	2026-07-27T08:35:38.7215708Z hint: 	git config --global init.defaultBranch <name>
Test & Verify	Run actions/checkout@34e114876b0b11c390a56381ad16ebd13914f8d5	2026-07-27T08:35:38.7217906Z hint:
Test & Verify	Run actions/checkout@34e114876b0b11c390a56381ad16ebd13914f8d5	2026-07-27T08:35:38.7220192Z hint: Names commonly chosen instead of 'master' are 'main', 'trunk' and
Test & Verify	Run actions/checkout@34e114876b0b11c390a56381ad16ebd13914f8d5	2026-07-27T08:35:38.7223598Z hint: 'development'. The just-created branch can be renamed via this command:
Test & Verify	Run actions/checkout@34e114876b0b11c390a56381ad16ebd13914f8d5	2026-07-27T08:35:38.7226318Z hint:
Test & Verify	Run actions/checkout@34e114876b0b11c390a56381ad16ebd13914f8d5	2026-07-27T08:35:38.7227790Z hint: 	git branch -m <name>
Test & Verify	Run actions/checkout@34e114876b0b11c390a56381ad16ebd13914f8d5	2026-07-27T08:35:38.7230058Z hint:
Test & Verify	Run actions/checkout@34e114876b0b11c390a56381ad16ebd13914f8d5	2026-07-27T08:35:38.7232355Z hint: Disable this message with "git config set advice.defaultBranchName false"
Test & Verify	Run actions/checkout@34e114876b0b11c390a56381ad16ebd13914f8d5	2026-07-27T08:35:38.7234817Z Initialized empty Git repository in /home/runner/work/RUN/RUN/.git/
Test & Verify	Run actions/checkout@34e114876b0b11c390a56381ad16ebd13914f8d5	2026-07-27T08:35:38.7237889Z [command]/usr/bin/git remote add origin https://github.com/hateem2121/RUN
Test & Verify	Run actions/checkout@34e114876b0b11c390a56381ad16ebd13914f8d5	2026-07-27T08:35:38.7284007Z ##[endgroup]
Test & Verify	Run actions/checkout@34e114876b0b11c390a56381ad16ebd13914f8d5	2026-07-27T08:35:38.7286722Z ##[group]Disabling automatic garbage collection
Test & Verify	Run actions/checkout@34e114876b0b11c390a56381ad16ebd13914f8d5	2026-07-27T08:35:38.7289508Z [command]/usr/bin/git config --local gc.auto 0
Test & Verify	Run actions/checkout@34e114876b0b11c390a56381ad16ebd13914f8d5	2026-07-27T08:35:38.7321804Z ##[endgroup]
Test & Verify	Run actions/checkout@34e114876b0b11c390a56381ad16ebd13914f8d5	2026-07-27T08:35:38.7324417Z ##[group]Setting up auth
Test & Verify	Run actions/checkout@34e114876b0b11c390a56381ad16ebd13914f8d5	2026-07-27T08:35:38.7329427Z [command]/usr/bin/git config --local --name-only --get-regexp core\.sshCommand
Test & Verify	Run actions/checkout@34e114876b0b11c390a56381ad16ebd13914f8d5	2026-07-27T08:35:38.7366561Z [command]/usr/bin/git submodule foreach --recursive sh -c "git config --local --name-only --get-regexp 'core\.sshCommand' && git config --local --unset-all 'core.sshCommand' || :"
Test & Verify	Run actions/checkout@34e114876b0b11c390a56381ad16ebd13914f8d5	2026-07-27T08:35:38.7739379Z [command]/usr/bin/git config --local --name-only --get-regexp http\.https\:\/\/github\.com\/\.extraheader
Test & Verify	Run actions/checkout@34e114876b0b11c390a56381ad16ebd13914f8d5	2026-07-27T08:35:38.7779663Z [command]/usr/bin/git submodule foreach --recursive sh -c "git config --local --name-only --get-regexp 'http\.https\:\/\/github\.com\/\.extraheader' && git config --local --unset-all 'http.https://github.com/.extraheader' || :"
Test & Verify	Run actions/checkout@34e114876b0b11c390a56381ad16ebd13914f8d5	2026-07-27T08:35:38.8003709Z [command]/usr/bin/git config --local --name-only --get-regexp ^includeIf\.gitdir:
Test & Verify	Run actions/checkout@34e114876b0b11c390a56381ad16ebd13914f8d5	2026-07-27T08:35:38.8041683Z [command]/usr/bin/git submodule foreach --recursive git config --local --show-origin --name-only --get-regexp remote.origin.url
Test & Verify	Run actions/checkout@34e114876b0b11c390a56381ad16ebd13914f8d5	2026-07-27T08:35:38.8280346Z [command]/usr/bin/git config --local http.https://github.com/.extraheader AUTHORIZATION: basic ***
Test & Verify	Run actions/checkout@34e114876b0b11c390a56381ad16ebd13914f8d5	2026-07-27T08:35:38.8318780Z ##[endgroup]
Test & Verify	Run actions/checkout@34e114876b0b11c390a56381ad16ebd13914f8d5	2026-07-27T08:35:38.8320566Z ##[group]Fetching the repository
Test & Verify	Run actions/checkout@34e114876b0b11c390a56381ad16ebd13914f8d5	2026-07-27T08:35:38.8329265Z [command]/usr/bin/git -c protocol.version=2 fetch --no-tags --prune --no-recurse-submodules --depth=1 origin +26f0cf27e4528a1005b56c4ef6500a9d1b44b418:refs/remotes/origin/main
Test & Verify	Run actions/checkout@34e114876b0b11c390a56381ad16ebd13914f8d5	2026-07-27T08:35:40.9172664Z From https://github.com/hateem2121/RUN
Test & Verify	Run actions/checkout@34e114876b0b11c390a56381ad16ebd13914f8d5	2026-07-27T08:35:40.9173379Z  * [new ref]         26f0cf27e4528a1005b56c4ef6500a9d1b44b418 -> origin/main
Test & Verify	Run actions/checkout@34e114876b0b11c390a56381ad16ebd13914f8d5	2026-07-27T08:35:40.9211935Z ##[endgroup]
Test & Verify	Run actions/checkout@34e114876b0b11c390a56381ad16ebd13914f8d5	2026-07-27T08:35:40.9212787Z ##[group]Determining the checkout info
Test & Verify	Run actions/checkout@34e114876b0b11c390a56381ad16ebd13914f8d5	2026-07-27T08:35:40.9214617Z ##[endgroup]
Test & Verify	Run actions/checkout@34e114876b0b11c390a56381ad16ebd13914f8d5	2026-07-27T08:35:40.9221266Z [command]/usr/bin/git sparse-checkout disable
Test & Verify	Run actions/checkout@34e114876b0b11c390a56381ad16ebd13914f8d5	2026-07-27T08:35:40.9276302Z [command]/usr/bin/git config --local --unset-all extensions.worktreeConfig
Test & Verify	Run actions/checkout@34e114876b0b11c390a56381ad16ebd13914f8d5	2026-07-27T08:35:40.9307192Z ##[group]Checking out the ref
Test & Verify	Run actions/checkout@34e114876b0b11c390a56381ad16ebd13914f8d5	2026-07-27T08:35:40.9312147Z [command]/usr/bin/git checkout --progress --force -B main refs/remotes/origin/main
Test & Verify	Run actions/checkout@34e114876b0b11c390a56381ad16ebd13914f8d5	2026-07-27T08:35:41.2523155Z Switched to a new branch 'main'
Test & Verify	Run actions/checkout@34e114876b0b11c390a56381ad16ebd13914f8d5	2026-07-27T08:35:41.2524924Z branch 'main' set up to track 'origin/main'.
Test & Verify	Run actions/checkout@34e114876b0b11c390a56381ad16ebd13914f8d5	2026-07-27T08:35:41.2555849Z ##[endgroup]
Test & Verify	Run actions/checkout@34e114876b0b11c390a56381ad16ebd13914f8d5	2026-07-27T08:35:41.2610658Z [command]/usr/bin/git log -1 --format=%H
Test & Verify	Run actions/checkout@34e114876b0b11c390a56381ad16ebd13914f8d5	2026-07-27T08:35:41.2638952Z 26f0cf27e4528a1005b56c4ef6500a9d1b44b418
Test & Verify	Get branch expiration date	﻿2026-07-27T08:35:41.2853223Z ##[group]Run echo "EXPIRES_AT=$(date -u -v+24h +'%Y-%m-%dT%H:%M:%SZ')" >> "$GITHUB_ENV"
Test & Verify	Get branch expiration date	2026-07-27T08:35:41.2853912Z ^[[36;1mecho "EXPIRES_AT=$(date -u -v+24h +'%Y-%m-%dT%H:%M:%SZ')" >> "$GITHUB_ENV"^[[0m
Test & Verify	Get branch expiration date	2026-07-27T08:35:41.2901800Z shell: /usr/bin/bash -e {0}
Test & Verify	Get branch expiration date	2026-07-27T08:35:41.2902102Z ##[endgroup]
Test & Verify	Get branch expiration date	2026-07-27T08:35:41.2996288Z date: invalid option -- 'v'
Test & Verify	Get branch expiration date	2026-07-27T08:35:41.2996842Z Try 'date --help' for more information.
Test & Verify	Run actions/setup-node@49933ea5288caeca8642d1e84afbd3f7d6820020	﻿2026-07-27T08:35:41.3121712Z Node 20 is being deprecated. This workflow is running with Node 24 by default. If you need to temporarily use Node 20, you can set the ACTIONS_ALLOW_USE_UNSECURE_NODE_VERSION=true environment variable. For more information see: https://github.blog/changelog/2025-09-19-deprecation-of-node-20-on-github-actions-runners/
Test & Verify	Run actions/setup-node@49933ea5288caeca8642d1e84afbd3f7d6820020	2026-07-27T08:35:41.3123402Z ##[group]Run actions/setup-node@49933ea5288caeca8642d1e84afbd3f7d6820020
Test & Verify	Run actions/setup-node@49933ea5288caeca8642d1e84afbd3f7d6820020	2026-07-27T08:35:41.3123780Z with:
Test & Verify	Run actions/setup-node@49933ea5288caeca8642d1e84afbd3f7d6820020	2026-07-27T08:35:41.3123978Z   node-version: 24
Test & Verify	Run actions/setup-node@49933ea5288caeca8642d1e84afbd3f7d6820020	2026-07-27T08:35:41.3124186Z   cache: npm
Test & Verify	Run actions/setup-node@49933ea5288caeca8642d1e84afbd3f7d6820020	2026-07-27T08:35:41.3124382Z   always-auth: false
Test & Verify	Run actions/setup-node@49933ea5288caeca8642d1e84afbd3f7d6820020	2026-07-27T08:35:41.3124606Z   check-latest: false
Test & Verify	Run actions/setup-node@49933ea5288caeca8642d1e84afbd3f7d6820020	2026-07-27T08:35:41.3127001Z   token: ***
Test & Verify	Run actions/setup-node@49933ea5288caeca8642d1e84afbd3f7d6820020	2026-07-27T08:35:41.3127199Z env:
Test & Verify	Run actions/setup-node@49933ea5288caeca8642d1e84afbd3f7d6820020	2026-07-27T08:35:41.3127396Z   EXPIRES_AT: 
Test & Verify	Run actions/setup-node@49933ea5288caeca8642d1e84afbd3f7d6820020	2026-07-27T08:35:41.3127619Z ##[endgroup]
Test & Verify	Run actions/setup-node@49933ea5288caeca8642d1e84afbd3f7d6820020	2026-07-27T08:35:41.4512443Z Found in cache @ /opt/hostedtoolcache/node/24.18.0/x64
Test & Verify	Run actions/setup-node@49933ea5288caeca8642d1e84afbd3f7d6820020	2026-07-27T08:35:41.4517324Z (node:2265) [DEP0040] DeprecationWarning: The `punycode` module is deprecated. Please use a userland alternative instead.
Test & Verify	Run actions/setup-node@49933ea5288caeca8642d1e84afbd3f7d6820020	2026-07-27T08:35:41.4518568Z (Use `node --trace-deprecation ...` to show where the warning was created)
Test & Verify	Run actions/setup-node@49933ea5288caeca8642d1e84afbd3f7d6820020	2026-07-27T08:35:41.4520362Z ##[group]Environment details
Test & Verify	Run actions/setup-node@49933ea5288caeca8642d1e84afbd3f7d6820020	2026-07-27T08:35:41.8588903Z node: v24.18.0
Test & Verify	Run actions/setup-node@49933ea5288caeca8642d1e84afbd3f7d6820020	2026-07-27T08:35:41.8589344Z npm: 11.16.0
Test & Verify	Run actions/setup-node@49933ea5288caeca8642d1e84afbd3f7d6820020	2026-07-27T08:35:41.8589557Z yarn: 1.22.22
Test & Verify	Run actions/setup-node@49933ea5288caeca8642d1e84afbd3f7d6820020	2026-07-27T08:35:41.8590678Z ##[endgroup]
Test & Verify	Run actions/setup-node@49933ea5288caeca8642d1e84afbd3f7d6820020	2026-07-27T08:35:41.8613514Z [command]/opt/hostedtoolcache/node/24.18.0/x64/bin/npm config get cache
Test & Verify	Run actions/setup-node@49933ea5288caeca8642d1e84afbd3f7d6820020	2026-07-27T08:35:41.9862376Z /home/runner/.npm
Test & Verify	Run actions/setup-node@49933ea5288caeca8642d1e84afbd3f7d6820020	2026-07-27T08:35:42.2520113Z Cache hit for: node-cache-Linux-x64-npm-c58d906b01e082c52cec98a405d7736653b10234b5336d059e7e115a6d4c3c05
Test & Verify	Run actions/setup-node@49933ea5288caeca8642d1e84afbd3f7d6820020	2026-07-27T08:35:42.2637232Z (node:2265) [DEP0169] DeprecationWarning: `url.parse()` behavior is not standardized and prone to errors that have security implications. Use the WHATWG URL API instead. CVEs are not issued for `url.parse()` vulnerabilities.
Test & Verify	Run actions/setup-node@49933ea5288caeca8642d1e84afbd3f7d6820020	2026-07-27T08:35:43.5432105Z Received 0 of 365303004 (0.0%), 0.0 MBs/sec
Test & Verify	Run actions/setup-node@49933ea5288caeca8642d1e84afbd3f7d6820020	2026-07-27T08:35:44.5444887Z Received 125829120 of 365303004 (34.4%), 59.9 MBs/sec
Test & Verify	Run actions/setup-node@49933ea5288caeca8642d1e84afbd3f7d6820020	2026-07-27T08:35:45.5455948Z Received 272629760 of 365303004 (74.6%), 86.6 MBs/sec
Test & Verify	Run actions/setup-node@49933ea5288caeca8642d1e84afbd3f7d6820020	2026-07-27T08:35:46.1058375Z Received 365303004 of 365303004 (100.0%), 97.8 MBs/sec
Test & Verify	Run actions/setup-node@49933ea5288caeca8642d1e84afbd3f7d6820020	2026-07-27T08:35:46.1060227Z Cache Size: ~348 MB (365303004 B)
Test & Verify	Run actions/setup-node@49933ea5288caeca8642d1e84afbd3f7d6820020	2026-07-27T08:35:46.1174307Z [command]/usr/bin/tar -xf /home/runner/work/_temp/0a764038-7eb8-409e-a99d-3ec71696a88e/cache.tzst -P -C /home/runner/work/RUN/RUN --use-compress-program unzstd
Test & Verify	Run actions/setup-node@49933ea5288caeca8642d1e84afbd3f7d6820020	2026-07-27T08:35:47.1646332Z Cache restored successfully
Test & Verify	Run actions/setup-node@49933ea5288caeca8642d1e84afbd3f7d6820020	2026-07-27T08:35:47.1808013Z Cache restored from key: node-cache-Linux-x64-npm-c58d906b01e082c52cec98a405d7736653b10234b5336d059e7e115a6d4c3c05
Test & Verify	Run npm ci	﻿2026-07-27T08:35:47.1977109Z ##[group]Run npm ci
Test & Verify	Run npm ci	2026-07-27T08:35:47.1977392Z ^[[36;1mnpm ci^[[0m
Test & Verify	Run npm ci	2026-07-27T08:35:47.2028867Z shell: /usr/bin/bash -e {0}
Test & Verify	Run npm ci	2026-07-27T08:35:47.2029134Z env:
Test & Verify	Run npm ci	2026-07-27T08:35:47.2029321Z   EXPIRES_AT: 
Test & Verify	Run npm ci	2026-07-27T08:35:47.2029528Z ##[endgroup]
Test & Verify	Run npm ci	2026-07-27T08:36:21.3802795Z 
Test & Verify	Run npm ci	2026-07-27T08:36:21.3809251Z > run-remix-monorepo@4.1.2 prepare
Test & Verify	Run npm ci	2026-07-27T08:36:21.3809649Z > husky
Test & Verify	Run npm ci	2026-07-27T08:36:21.3810058Z 
Test & Verify	Run npm ci	2026-07-27T08:36:21.5644664Z 
Test & Verify	Run npm ci	2026-07-27T08:36:21.5645548Z added 1242 packages, and audited 1247 packages in 34s
Test & Verify	Run npm ci	2026-07-27T08:36:21.5646116Z 
Test & Verify	Run npm ci	2026-07-27T08:36:21.5647140Z 260 packages are looking for funding
Test & Verify	Run npm ci	2026-07-27T08:36:21.5648101Z   run `npm fund` for details
Test & Verify	Run npm ci	2026-07-27T08:36:21.5901035Z 
Test & Verify	Run npm ci	2026-07-27T08:36:21.5902233Z 16 vulnerabilities (2 low, 14 high)
Test & Verify	Run npm ci	2026-07-27T08:36:21.5902910Z 
Test & Verify	Run npm ci	2026-07-27T08:36:21.5914060Z npm warn allow-scripts 3 packages have install scripts not yet covered by allowScripts:
Test & Verify	Run npm ci	2026-07-27T08:36:21.5915686Z npm warn allow-scripts   esbuild@0.25.12 (postinstall: node install.js)
Test & Verify	Run npm ci	2026-07-27T08:36:21.5917449Z npm warn allow-scripts   protobufjs@7.6.5 (postinstall: node scripts/postinstall)
Test & Verify	Run npm ci	2026-07-27T08:36:21.5918937Z npm warn allow-scripts   sharp@0.34.5 (install: node install/check.js || npm run build)
Test & Verify	Run npm ci	2026-07-27T08:36:21.5920421Z npm warn allow-scripts
Test & Verify	Run npm ci	2026-07-27T08:36:21.5921093Z To address issues that do not require attention, run:
Test & Verify	Run npm ci	2026-07-27T08:36:21.5922649Z npm warn allow-scripts Run `npm approve-scripts --allow-scripts-pending` to review, or `npm approve-scripts <pkg>` to allow.
Test & Verify	Run npm ci	2026-07-27T08:36:21.5936473Z   npm audit fix
Test & Verify	Run npm ci	2026-07-27T08:36:21.5936862Z 
Test & Verify	Run npm ci	2026-07-27T08:36:21.5937753Z To address all issues (including breaking changes), run:
Test & Verify	Run npm ci	2026-07-27T08:36:21.5938427Z   npm audit fix --force
Test & Verify	Run npm ci	2026-07-27T08:36:21.5938716Z 
Test & Verify	Run npm ci	2026-07-27T08:36:21.5938953Z Run `npm audit` for details.
Test & Verify	Build Shared Locally	﻿2026-07-27T08:36:21.7817407Z ##[group]Run npm run build --prefix shared
Test & Verify	Build Shared Locally	2026-07-27T08:36:21.7817793Z ^[[36;1mnpm run build --prefix shared^[[0m
Test & Verify	Build Shared Locally	2026-07-27T08:36:21.7866573Z shell: /usr/bin/bash -e {0}
Test & Verify	Build Shared Locally	2026-07-27T08:36:21.7866839Z env:
Test & Verify	Build Shared Locally	2026-07-27T08:36:21.7867027Z   EXPIRES_AT: 
Test & Verify	Build Shared Locally	2026-07-27T08:36:21.7867234Z ##[endgroup]
Test & Verify	Build Shared Locally	2026-07-27T08:36:21.8983743Z 
Test & Verify	Build Shared Locally	2026-07-27T08:36:21.8984430Z > @run-remix/shared@4.1.2 build
Test & Verify	Build Shared Locally	2026-07-27T08:36:21.8984991Z > tsc -b
Test & Verify	Build Shared Locally	2026-07-27T08:36:21.8985199Z 
Test & Verify	Push Database Schema	﻿2026-07-27T08:36:26.5102556Z ##[group]Run npm run db:push
Test & Verify	Push Database Schema	2026-07-27T08:36:26.5102880Z ^[[36;1mnpm run db:push^[[0m
Test & Verify	Push Database Schema	2026-07-27T08:36:26.5146885Z shell: /usr/bin/bash -e {0}
Test & Verify	Push Database Schema	2026-07-27T08:36:26.5147149Z env:
Test & Verify	Push Database Schema	2026-07-27T08:36:26.5147351Z   EXPIRES_AT: 
Test & Verify	Push Database Schema	2026-07-27T08:36:26.5147555Z   DATABASE_URL: 
Test & Verify	Push Database Schema	2026-07-27T08:36:26.5147791Z   CLOUD_TASKS_AUDIENCE: placeholder
Test & Verify	Push Database Schema	2026-07-27T08:36:26.5148149Z   CLOUD_TASKS_SERVICE_ACCOUNT_EMAIL: placeholder@example.com
Test & Verify	Push Database Schema	2026-07-27T08:36:26.5148480Z ##[endgroup]
Test & Verify	Push Database Schema	2026-07-27T08:36:26.6135862Z 
Test & Verify	Push Database Schema	2026-07-27T08:36:26.6136560Z > run-remix-monorepo@4.1.2 db:push
Test & Verify	Push Database Schema	2026-07-27T08:36:26.6137100Z > npm run --workspace=@run-remix/server db:push
Test & Verify	Push Database Schema	2026-07-27T08:36:26.6137351Z 
Test & Verify	Push Database Schema	2026-07-27T08:36:26.7389847Z 
Test & Verify	Push Database Schema	2026-07-27T08:36:26.7390616Z > @run-remix/server@4.1.2 db:push
Test & Verify	Push Database Schema	2026-07-27T08:36:26.7391453Z > drizzle-kit push
Test & Verify	Push Database Schema	2026-07-27T08:36:26.7391751Z 
Test & Verify	Push Database Schema	2026-07-27T08:36:26.9025010Z No config path provided, using default 'drizzle.config.ts'
Test & Verify	Push Database Schema	2026-07-27T08:36:26.9027464Z Reading config file '/home/runner/work/RUN/RUN/server/drizzle.config.ts'
Test & Verify	Push Database Schema	2026-07-27T08:36:26.9995647Z [Drizzle] ⚠️ DATABASE_URL is not set. Database operations will fail.
Test & Verify	Push Database Schema	2026-07-27T08:36:27.3831195Z Using 'pg' driver for database querying
Test & Verify	Push Database Schema	2026-07-27T08:36:28.0154114Z [⣷] Pulling schema from database...
Test & Verify	Push Database Schema	2026-07-27T08:36:28.0219945Z ^[[2K^[[1G[⣷] Pulling schema from database...
Test & Verify	Push Database Schema	2026-07-27T08:36:28.0607857Z npm error Lifecycle script `db:push` failed with error:
Test & Verify	Push Database Schema	2026-07-27T08:36:28.0609288Z npm error code 1
Test & Verify	Push Database Schema	2026-07-27T08:36:28.0618778Z npm error path /home/runner/work/RUN/RUN/server
Test & Verify	Push Database Schema	2026-07-27T08:36:28.0620776Z npm error workspace @run-remix/server@4.1.2
Test & Verify	Push Database Schema	2026-07-27T08:36:28.0621941Z npm error location /home/runner/work/RUN/RUN/server
Test & Verify	Push Database Schema	2026-07-27T08:36:28.0622992Z npm error command failed
Test & Verify	Push Database Schema	2026-07-27T08:36:28.0624001Z npm error command sh -c drizzle-kit push
Test & Verify	Push Database Schema	2026-07-27T08:36:28.0839248Z ##[error]Process completed with exit code 1.
Test & Verify	Upload Coverage Report	﻿2026-07-27T08:36:28.0973609Z Node 20 is being deprecated. This workflow is running with Node 24 by default. If you need to temporarily use Node 20, you can set the ACTIONS_ALLOW_USE_UNSECURE_NODE_VERSION=true environment variable. For more information see: https://github.blog/changelog/2025-09-19-deprecation-of-node-20-on-github-actions-runners/
Test & Verify	Upload Coverage Report	2026-07-27T08:36:28.0975088Z ##[group]Run actions/upload-artifact@ea165f8d65b6e75b540449e92b4886f43607fa02
Test & Verify	Upload Coverage Report	2026-07-27T08:36:28.0975755Z with:
Test & Verify	Upload Coverage Report	2026-07-27T08:36:28.0976100Z   name: coverage-report
Test & Verify	Upload Coverage Report	2026-07-27T08:36:28.0976477Z   path: coverage/
Test & Verify	Upload Coverage Report	2026-07-27T08:36:28.0976832Z   retention-days: 7
Test & Verify	Upload Coverage Report	2026-07-27T08:36:28.0977190Z   if-no-files-found: warn
Test & Verify	Upload Coverage Report	2026-07-27T08:36:28.0977578Z   compression-level: 6
Test & Verify	Upload Coverage Report	2026-07-27T08:36:28.0977940Z   overwrite: false
Test & Verify	Upload Coverage Report	2026-07-27T08:36:28.0978308Z   include-hidden-files: false
Test & Verify	Upload Coverage Report	2026-07-27T08:36:28.0978705Z env:
Test & Verify	Upload Coverage Report	2026-07-27T08:36:28.0979003Z   EXPIRES_AT: 
Test & Verify	Upload Coverage Report	2026-07-27T08:36:28.0979303Z ##[endgroup]
Test & Verify	Upload Coverage Report	2026-07-27T08:36:28.2898275Z (node:2454) [DEP0040] DeprecationWarning: The `punycode` module is deprecated. Please use a userland alternative instead.
Test & Verify	Upload Coverage Report	2026-07-27T08:36:28.2899194Z (Use `node --trace-deprecation ...` to show where the warning was created)
Test & Verify	Upload Coverage Report	2026-07-27T08:36:28.2932029Z ##[warning]No files were found with the provided path: coverage/. No artifacts will be uploaded.
Test & Verify	Upload to Codecov	﻿2026-07-27T08:36:28.3196862Z Node 20 is being deprecated. This workflow is running with Node 24 by default. If you need to temporarily use Node 20, you can set the ACTIONS_ALLOW_USE_UNSECURE_NODE_VERSION=true environment variable. For more information see: https://github.blog/changelog/2025-09-19-deprecation-of-node-20-on-github-actions-runners/
Test & Verify	Upload to Codecov	2026-07-27T08:36:28.3198376Z ##[group]Run codecov/codecov-action@b9fd7d16f6d7d1b5d2bec1a2887e65ceed900238
Test & Verify	Upload to Codecov	2026-07-27T08:36:28.3198784Z with:
Test & Verify	Upload to Codecov	2026-07-27T08:36:28.3198989Z   files: ./coverage/lcov.info
Test & Verify	Upload to Codecov	2026-07-27T08:36:28.3199243Z   fail_ci_if_error: false
Test & Verify	Upload to Codecov	2026-07-27T08:36:28.3199471Z   verbose: true
Test & Verify	Upload to Codecov	2026-07-27T08:36:28.3199675Z env:
Test & Verify	Upload to Codecov	2026-07-27T08:36:28.3200104Z   EXPIRES_AT: 
Test & Verify	Upload to Codecov	2026-07-27T08:36:28.3200303Z   CODECOV_TOKEN: 
Test & Verify	Upload to Codecov	2026-07-27T08:36:28.3200506Z ##[endgroup]
Test & Verify	Upload to Codecov	2026-07-27T08:36:28.4182773Z eventName: push
Test & Verify	Upload to Codecov	2026-07-27T08:36:28.4192963Z ==> linux OS detected
Test & Verify	Upload to Codecov	2026-07-27T08:36:28.5511204Z https://cli.codecov.io/latest/linux/codecov.SHA256SUM
Test & Verify	Upload to Codecov	2026-07-27T08:36:28.5766738Z Received SHA256SUM ca1d64196d2d34771084afe76ea657d581bf628e31d993ff8e52ea09cc88a56d  codecov
Test & Verify	Upload to Codecov	2026-07-27T08:36:28.5918285Z Received SHA256SUM signature -----BEGIN PGP SIGNATURE-----
Test & Verify	Upload to Codecov	2026-07-27T08:36:28.5918826Z 
Test & Verify	Upload to Codecov	2026-07-27T08:36:28.5919398Z iQIzBAABCgAdFiEEJwNOf9uFDgu8LGL/gGuyiu13mGkFAmpO+3UACgkQgGuyiu13
Test & Verify	Upload to Codecov	2026-07-27T08:36:28.5920629Z mGm0UxAAne5/lA7YQHQlWt455twIGwZgcSX13LTQw45+goIfZC7IGDQ7J6/kLyJG
Test & Verify	Upload to Codecov	2026-07-27T08:36:28.5921654Z sGvkfSmYEODgsgo6474CWcm16VPMZa3QWa4z6EdfyNHhDo5nNe358ZPA1dOemMKZ
Test & Verify	Upload to Codecov	2026-07-27T08:36:28.5922645Z eV2/9WpDcIEIAhsCj8HKjNjsLBcGrAQRbOw2tABg2dbE8Yg94SMdEqjMCswOQn3i
Test & Verify	Upload to Codecov	2026-07-27T08:36:28.5923620Z OPsybWDjbAdqUVIWylUXbned5/hVnzNAMeo6WvC5+LNw1iS+8rzSIUu5iSxCz9jV
Test & Verify	Upload to Codecov	2026-07-27T08:36:28.5924812Z XBe0ZNZ/z1jLZ0NHQXWoOWVT6aHI3Aml/V+ttduuSPwVqWUtqT+XWnnxXJlkt3fQ
Test & Verify	Upload to Codecov	2026-07-27T08:36:28.5925939Z uB8Fy9NBkj5qkls81pUyt0Z9QuMvnI/OxWiUZ6jOEItiZMkK87ryPiheBoaU4kuf
Test & Verify	Upload to Codecov	2026-07-27T08:36:28.5927059Z fcpoRz/EVNsAgcrHBFQCiam7I32h5R5O9orDiU4pKzahSdgelnvOPIZQzSKT5m/M
Test & Verify	Upload to Codecov	2026-07-27T08:36:28.5928162Z 50tuts7npVQib2op7XCv+6d3t8ZnUHzXnqiej6n/vWxE3nWJiw39a5ww7RDO1RQB
Test & Verify	Upload to Codecov	2026-07-27T08:36:28.5929314Z 8oNPX3qvPGpNmspXSf57oLyJqiSs4t7B9yIacCMPnlVDZt3MseXP/UHH7cXMmRuX
Test & Verify	Upload to Codecov	2026-07-27T08:36:28.5930632Z bU2mkdieBgkGtkNkB76sp/ob5FWQmynW1+Q3ZcDGrGeysnRgDGWD2Yy92lcABZDc
Test & Verify	Upload to Codecov	2026-07-27T08:36:28.5931658Z DXolC9kpvP+UrUXG5XSTIKksMbH4YacgNIKHzwyhOgViMLWBA4g=
Test & Verify	Upload to Codecov	2026-07-27T08:36:28.5932348Z =fH2Y
Test & Verify	Upload to Codecov	2026-07-27T08:36:28.5932867Z -----END PGP SIGNATURE-----
Test & Verify	Upload to Codecov	2026-07-27T08:36:28.5933182Z 
Test & Verify	Upload to Codecov	2026-07-27T08:36:28.7130826Z gpg: directory '/home/runner/.gnupg' created
Test & Verify	Upload to Codecov	2026-07-27T08:36:28.7140888Z gpg: keybox '/home/runner/.gnupg/pubring.kbx' created
Test & Verify	Upload to Codecov	2026-07-27T08:36:28.7174855Z gpg: /home/runner/.gnupg/trustdb.gpg: trustdb created
Test & Verify	Upload to Codecov	2026-07-27T08:36:28.7176255Z gpg: key 806BB28AED779869: public key "Codecov Uploader (Codecov Uploader Verification Key) <security@codecov.io>" imported
Test & Verify	Upload to Codecov	2026-07-27T08:36:28.7627342Z gpg: Total number processed: 1
Test & Verify	Upload to Codecov	2026-07-27T08:36:28.7628025Z gpg:               imported: 1
Test & Verify	Upload to Codecov	2026-07-27T08:36:28.7734259Z gpg: Signature made Thu Jul  9 01:37:57 2026 UTC
Test & Verify	Upload to Codecov	2026-07-27T08:36:28.7735396Z gpg:                using RSA key 27034E7FDB850E0BBC2C62FF806BB28AED779869
Test & Verify	Upload to Codecov	2026-07-27T08:36:28.7737726Z gpg: Good signature from "Codecov Uploader (Codecov Uploader Verification Key) <security@codecov.io>" [unknown]
Test & Verify	Upload to Codecov	2026-07-27T08:36:28.7739310Z gpg: WARNING: This key is not certified with a trusted signature!
Test & Verify	Upload to Codecov	2026-07-27T08:36:28.7741388Z gpg:          There is no indication that the signature belongs to the owner.
Test & Verify	Upload to Codecov	2026-07-27T08:36:28.7742761Z Primary key fingerprint: 2703 4E7F DB85 0E0B BC2C  62FF 806B B28A ED77 9869
Test & Verify	Upload to Codecov	2026-07-27T08:36:28.8041657Z ==> Uploader SHASUM verified (ca1d64196d2d34771084afe76ea657d581bf628e31d993ff8e52ea09cc88a56d  codecov)
Test & Verify	Upload to Codecov	2026-07-27T08:36:28.8042751Z ==> Running version latest
Test & Verify	Upload to Codecov	2026-07-27T08:36:28.8730390Z Could not pull latest version information: SyntaxError: Unexpected token '<', "<!DOCTYPE "... is not valid JSON
Test & Verify	Upload to Codecov	2026-07-27T08:36:28.8731865Z ==> Running git config --global --add safe.directory /home/runner/work/RUN/RUN
Test & Verify	Upload to Codecov	2026-07-27T08:36:28.8769312Z [command]/usr/bin/git config --global --add safe.directory /home/runner/work/RUN/RUN
Test & Verify	Upload to Codecov	2026-07-27T08:36:28.8840523Z ==> Running command '/home/runner/work/_actions/codecov/codecov-action/b9fd7d16f6d7d1b5d2bec1a2887e65ceed900238/dist/codecov -v create-commit'
Test & Verify	Upload to Codecov	2026-07-27T08:36:28.8844239Z [command]/home/runner/work/_actions/codecov/codecov-action/b9fd7d16f6d7d1b5d2bec1a2887e65ceed900238/dist/codecov -v create-commit --git-service github
Test & Verify	Upload to Codecov	2026-07-27T08:36:29.3140299Z info - 2026-07-27 08:36:29,313 -- ci service found: github-actions
Test & Verify	Upload to Codecov	2026-07-27T08:36:29.3173300Z debug - 2026-07-27 08:36:29,316 -- versioning system found: <class 'codecov_cli.helpers.versioning_systems.GitVersioningSystem'>
Test & Verify	Upload to Codecov	2026-07-27T08:36:29.3203307Z debug - 2026-07-27 08:36:29,319 -- versioning system found: <class 'codecov_cli.helpers.versioning_systems.GitVersioningSystem'>
Test & Verify	Upload to Codecov	2026-07-27T08:36:29.3235360Z debug - 2026-07-27 08:36:29,323 -- Loading config from /home/runner/work/RUN/RUN/codecov.yml
Test & Verify	Upload to Codecov	2026-07-27T08:36:29.3582445Z debug - 2026-07-27 08:36:29,357 -- Starting create commit process --- {"verbose": true, "auto_load_params_from": null, "codecov_yml_path": null, "enterprise_url": null, "disable_telem": false, "version": "cli-11.3.1", "command": "create-commit", "git_service": "github", "parent_sha": null, "pull_request_number": null, "branch": "main", "commit_sha": "26f0cf27e4528a1005b56c4ef6500a9d1b44b418", "fail_on_error": false, "slug": "hateem2121/RUN"}
Test & Verify	Upload to Codecov	2026-07-27T08:36:29.3584995Z warning - 2026-07-27 08:36:29,357 -- Branch `main` is protected but no token was provided
Test & Verify	Upload to Codecov	2026-07-27T08:36:29.3586254Z warning - 2026-07-27 08:36:29,357 -- For information on Codecov upload tokens, see https://docs.codecov.com/docs/codecov-tokens
Test & Verify	Upload to Codecov	2026-07-27T08:36:29.7434435Z info - 2026-07-27 08:36:29,742 -- Commit creating complete
Test & Verify	Upload to Codecov	2026-07-27T08:36:29.7436916Z debug - 2026-07-27 08:36:29,743 -- Commit creating result --- {"result": "RequestResult(error=RequestError(code='HTTP Error 400', params={}, description='{\"message\":\"Token required - not valid tokenless upload\"}\\n'), warnings=[], status_code=400, text='{\"message\":\"Token required - not valid tokenless upload\"}\\n')"}
Test & Verify	Upload to Codecov	2026-07-27T08:36:29.7438640Z error - 2026-07-27 08:36:29,743 -- Commit creating failed: {"message":"Token required - not valid tokenless upload"}
Test & Verify	Upload to Codecov	2026-07-27T08:36:29.8495973Z Sentry is attempting to send 1 pending events
Test & Verify	Upload to Codecov	2026-07-27T08:36:29.8496488Z Waiting up to 2 seconds
Test & Verify	Upload to Codecov	2026-07-27T08:36:29.8994896Z Press Ctrl-C to quit
Test & Verify	Upload to Codecov	2026-07-27T08:36:29.8996335Z ==> Running command '/home/runner/work/_actions/codecov/codecov-action/b9fd7d16f6d7d1b5d2bec1a2887e65ceed900238/dist/codecov -v create-report'
Test & Verify	Upload to Codecov	2026-07-27T08:36:29.8998511Z [command]/home/runner/work/_actions/codecov/codecov-action/b9fd7d16f6d7d1b5d2bec1a2887e65ceed900238/dist/codecov -v create-report --git-service github
Test & Verify	Upload to Codecov	2026-07-27T08:36:30.2483875Z info - 2026-07-27 08:36:30,247 -- ci service found: github-actions
Test & Verify	Upload to Codecov	2026-07-27T08:36:30.2516334Z debug - 2026-07-27 08:36:30,251 -- versioning system found: <class 'codecov_cli.helpers.versioning_systems.GitVersioningSystem'>
Test & Verify	Upload to Codecov	2026-07-27T08:36:30.2546538Z debug - 2026-07-27 08:36:30,254 -- versioning system found: <class 'codecov_cli.helpers.versioning_systems.GitVersioningSystem'>
Test & Verify	Upload to Codecov	2026-07-27T08:36:30.2577616Z debug - 2026-07-27 08:36:30,257 -- Loading config from /home/runner/work/RUN/RUN/codecov.yml
Test & Verify	Upload to Codecov	2026-07-27T08:36:30.2920065Z debug - 2026-07-27 08:36:30,291 -- Starting create report process --- {"verbose": true, "auto_load_params_from": null, "codecov_yml_path": null, "enterprise_url": null, "disable_telem": false, "version": "cli-11.3.1", "command": "create-report", "git_service": "github", "code": "default", "pull_request_number": null, "commit_sha": "26f0cf27e4528a1005b56c4ef6500a9d1b44b418", "fail_on_error": false, "slug": "hateem2121/RUN"}
Test & Verify	Upload to Codecov	2026-07-27T08:36:30.5891214Z info - 2026-07-27 08:36:30,588 -- Report creating complete
Test & Verify	Upload to Codecov	2026-07-27T08:36:30.5898607Z debug - 2026-07-27 08:36:30,589 -- Report creating result --- {"result": "RequestResult(error=RequestError(code='HTTP Error 400', params={}, description='{\"message\":\"Token required - not valid tokenless upload\"}\\n'), warnings=[], status_code=400, text='{\"message\":\"Token required - not valid tokenless upload\"}\\n')"}
Test & Verify	Upload to Codecov	2026-07-27T08:36:30.5901366Z error - 2026-07-27 08:36:30,589 -- Report creating failed: {"message":"Token required - not valid tokenless upload"}
Test & Verify	Upload to Codecov	2026-07-27T08:36:30.6955465Z Sentry is attempting to send 1 pending events
Test & Verify	Upload to Codecov	2026-07-27T08:36:30.6955970Z Waiting up to 2 seconds
Test & Verify	Upload to Codecov	2026-07-27T08:36:30.6956310Z Press Ctrl-C to quit
Test & Verify	Upload to Codecov	2026-07-27T08:36:30.7451200Z ==> Running command '/home/runner/work/_actions/codecov/codecov-action/b9fd7d16f6d7d1b5d2bec1a2887e65ceed900238/dist/codecov -v do-upload'
Test & Verify	Upload to Codecov	2026-07-27T08:36:30.7453284Z [command]/home/runner/work/_actions/codecov/codecov-action/b9fd7d16f6d7d1b5d2bec1a2887e65ceed900238/dist/codecov -v do-upload -f ./coverage/lcov.info --git-service github
Test & Verify	Upload to Codecov	2026-07-27T08:36:31.0945881Z info - 2026-07-27 08:36:31,094 -- ci service found: github-actions
Test & Verify	Upload to Codecov	2026-07-27T08:36:31.0976660Z debug - 2026-07-27 08:36:31,097 -- versioning system found: <class 'codecov_cli.helpers.versioning_systems.GitVersioningSystem'>
Test & Verify	Upload to Codecov	2026-07-27T08:36:31.1006102Z debug - 2026-07-27 08:36:31,100 -- versioning system found: <class 'codecov_cli.helpers.versioning_systems.GitVersioningSystem'>
Test & Verify	Upload to Codecov	2026-07-27T08:36:31.1036894Z debug - 2026-07-27 08:36:31,103 -- Loading config from /home/runner/work/RUN/RUN/codecov.yml
Test & Verify	Upload to Codecov	2026-07-27T08:36:31.1388162Z debug - 2026-07-27 08:36:31,137 -- Starting upload processing --- {"verbose": true, "auto_load_params_from": null, "codecov_yml_path": null, "enterprise_url": null, "disable_telem": false, "version": "cli-11.3.1", "command": "do-upload", "git_service": "github", "report_code": "default", "network_root_folder": "/home/runner/work/RUN/RUN", "files_search_root_folder": "/home/runner/work/RUN/RUN", "files_search_exclude_folders": [], "recurse_submodules": false, "disable_search": false, "disable_file_fixes": false, "build_code": "30250426954", "build_url": "https://github.com/hateem2121/RUN/actions/runs/30250426954", "job_code": "CI / Neon Preview", "name": "CI / Neon Preview - test", "branch": "main", "pull_request_number": null, "env_vars": {}, "flags": [], "plugin_names": ["xcode", "gcov", "pycoverage"], "dry_run": false, "use_legacy_uploader": false, "handle_no_reports_found": false, "report_type_str": "coverage", "network_filter": null, "network_prefix": null, "gcov_args": null, "gcov_ignore": null, "gcov_include": null, "gcov_executable": null, "swift_project": null, "commit_sha": "26f0cf27e4528a1005b56c4ef6500a9d1b44b418", "fail_on_error": false, "slug": "hateem2121/RUN"}
Test & Verify	Upload to Codecov	2026-07-27T08:36:31.1394608Z debug - 2026-07-27 08:36:31,138 -- Selected preparation plugins --- {"selected_plugins": ["<class 'codecov_cli.plugins.xcode.XcodePlugin'>", "<class 'codecov_cli.plugins.gcov.GcovPlugin'>", "<class 'codecov_cli.plugins.pycoverage.Pycoverage'>"], "cli_config": {}}
Test & Verify	Upload to Codecov	2026-07-27T08:36:31.1396983Z debug - 2026-07-27 08:36:31,138 -- Running preparation plugin: <class 'codecov_cli.plugins.xcode.XcodePlugin'>
Test & Verify	Upload to Codecov	2026-07-27T08:36:31.1398036Z debug - 2026-07-27 08:36:31,138 -- Running xcode plugin...
Test & Verify	Upload to Codecov	2026-07-27T08:36:31.1398982Z warning - 2026-07-27 08:36:31,138 -- xcrun is not installed or can't be found.
Test & Verify	Upload to Codecov	2026-07-27T08:36:31.1401004Z debug - 2026-07-27 08:36:31,139 -- Running preparation plugin: <class 'codecov_cli.plugins.gcov.GcovPlugin'>
Test & Verify	Upload to Codecov	2026-07-27T08:36:31.1402140Z debug - 2026-07-27 08:36:31,139 -- Running gcov plugin...
Test & Verify	Upload to Codecov	2026-07-27T08:36:31.1403111Z debug - 2026-07-27 08:36:31,139 -- Translating `*.gcno` into `(?s:[^/]*\.gcno)\Z`
Test & Verify	Upload to Codecov	2026-07-27T08:36:32.2765574Z warning - 2026-07-27 08:36:32,276 -- No gcov data found.
Test & Verify	Upload to Codecov	2026-07-27T08:36:32.2766511Z debug - 2026-07-27 08:36:32,276 -- Running preparation plugin: <class 'codecov_cli.plugins.pycoverage.Pycoverage'>
Test & Verify	Upload to Codecov	2026-07-27T08:36:32.2769557Z warning - 2026-07-27 08:36:32,276 -- coverage.py is not installed or can't be found.
Test & Verify	Upload to Codecov	2026-07-27T08:36:32.2771069Z debug - 2026-07-27 08:36:32,276 -- Collecting relevant files
Test & Verify	Upload to Codecov	2026-07-27T08:36:32.2863751Z debug - 2026-07-27 08:36:32,286 -- Translating `*.*js` into `(?s:[^/]*\.[^/]*js)\Z`
Test & Verify	Upload to Codecov	2026-07-27T08:36:32.2865373Z debug - 2026-07-27 08:36:32,286 -- Translating `*.SHA256SUM` into `(?s:[^/]*\.SHA256SUM)\Z`
Test & Verify	Upload to Codecov	2026-07-27T08:36:32.2866479Z debug - 2026-07-27 08:36:32,286 -- Translating `*.am` into `(?s:[^/]*\.am)\Z`
Test & Verify	Upload to Codecov	2026-07-27T08:36:32.2867642Z debug - 2026-07-27 08:36:32,286 -- Translating `*.bash` into `(?s:[^/]*\.bash)\Z`
Test & Verify	Upload to Codecov	2026-07-27T08:36:32.2868728Z debug - 2026-07-27 08:36:32,286 -- Translating `*.bat` into `(?s:[^/]*\.bat)\Z`
Test & Verify	Upload to Codecov	2026-07-27T08:36:32.2870006Z debug - 2026-07-27 08:36:32,286 -- Translating `*.bw` into `(?s:[^/]*\.bw)\Z`
Test & Verify	Upload to Codecov	2026-07-27T08:36:32.2871110Z debug - 2026-07-27 08:36:32,286 -- Translating `*.cfg` into `(?s:[^/]*\.cfg)\Z`
Test & Verify	Upload to Codecov	2026-07-27T08:36:32.2872235Z debug - 2026-07-27 08:36:32,286 -- Translating `*.class` into `(?s:[^/]*\.class)\Z`
Test & Verify	Upload to Codecov	2026-07-27T08:36:32.2873365Z debug - 2026-07-27 08:36:32,286 -- Translating `*.cmake` into `(?s:[^/]*\.cmake)\Z`
Test & Verify	Upload to Codecov	2026-07-27T08:36:32.2874511Z debug - 2026-07-27 08:36:32,287 -- Translating `*.conf` into `(?s:[^/]*\.conf)\Z`
Test & Verify	Upload to Codecov	2026-07-27T08:36:32.2875700Z debug - 2026-07-27 08:36:32,287 -- Translating `*.coverage` into `(?s:[^/]*\.coverage)\Z`
Test & Verify	Upload to Codecov	2026-07-27T08:36:32.2876847Z debug - 2026-07-27 08:36:32,287 -- Translating `*.cp` into `(?s:[^/]*\.cp)\Z`
Test & Verify	Upload to Codecov	2026-07-27T08:36:32.2877911Z debug - 2026-07-27 08:36:32,287 -- Translating `*.cpp` into `(?s:[^/]*\.cpp)\Z`
Test & Verify	Upload to Codecov	2026-07-27T08:36:32.2879016Z debug - 2026-07-27 08:36:32,287 -- Translating `*.crt` into `(?s:[^/]*\.crt)\Z`
Test & Verify	Upload to Codecov	2026-07-27T08:36:32.2880357Z debug - 2026-07-27 08:36:32,287 -- Translating `*.csg` into `(?s:[^/]*\.csg)\Z`
Test & Verify	Upload to Codecov	2026-07-27T08:36:32.2881446Z debug - 2026-07-27 08:36:32,287 -- Translating `*.css` into `(?s:[^/]*\.css)\Z`
Test & Verify	Upload to Codecov	2026-07-27T08:36:32.2882556Z debug - 2026-07-27 08:36:32,287 -- Translating `*.csv` into `(?s:[^/]*\.csv)\Z`
Test & Verify	Upload to Codecov	2026-07-27T08:36:32.2883644Z debug - 2026-07-27 08:36:32,287 -- Translating `*.dart` into `(?s:[^/]*\.dart)\Z`
Test & Verify	Upload to Codecov	2026-07-27T08:36:32.2884792Z debug - 2026-07-27 08:36:32,287 -- Translating `*.data` into `(?s:[^/]*\.data)\Z`
Test & Verify	Upload to Codecov	2026-07-27T08:36:32.2885832Z debug - 2026-07-27 08:36:32,287 -- Translating `*.db` into `(?s:[^/]*\.db)\Z`
Test & Verify	Upload to Codecov	2026-07-27T08:36:32.2886920Z debug - 2026-07-27 08:36:32,287 -- Translating `*.dox` into `(?s:[^/]*\.dox)\Z`
Test & Verify	Upload to Codecov	2026-07-27T08:36:32.2888017Z debug - 2026-07-27 08:36:32,288 -- Translating `*.ec` into `(?s:[^/]*\.ec)\Z`
Test & Verify	Upload to Codecov	2026-07-27T08:36:32.2889105Z debug - 2026-07-27 08:36:32,288 -- Translating `*.egg` into `(?s:[^/]*\.egg)\Z`
Test & Verify	Upload to Codecov	2026-07-27T08:36:32.2890472Z debug - 2026-07-27 08:36:32,288 -- Translating `*.egg-info` into `(?s:[^/]*\.egg\-info)\Z`
Test & Verify	Upload to Codecov	2026-07-27T08:36:32.2891443Z debug - 2026-07-27 08:36:32,288 -- Translating `*.el` into `(?s:[^/]*\.el)\Z`
Test & Verify	Upload to Codecov	2026-07-27T08:36:32.2892516Z debug - 2026-07-27 08:36:32,288 -- Translating `*.env` into `(?s:[^/]*\.env)\Z`
Test & Verify	Upload to Codecov	2026-07-27T08:36:32.2893628Z debug - 2026-07-27 08:36:32,288 -- Translating `*.erb` into `(?s:[^/]*\.erb)\Z`
Test & Verify	Upload to Codecov	2026-07-27T08:36:32.2894696Z debug - 2026-07-27 08:36:32,288 -- Translating `*.err` into `(?s:[^/]*\.err)\Z`
Test & Verify	Upload to Codecov	2026-07-27T08:36:32.2895793Z debug - 2026-07-27 08:36:32,288 -- Translating `*.exe` into `(?s:[^/]*\.exe)\Z`
Test & Verify	Upload to Codecov	2026-07-27T08:36:32.2896935Z debug - 2026-07-27 08:36:32,288 -- Translating `*.feature` into `(?s:[^/]*\.feature)\Z`
Test & Verify	Upload to Codecov	2026-07-27T08:36:32.2898366Z debug - 2026-07-27 08:36:32,288 -- Translating `*.ftl` into `(?s:[^/]*\.ftl)\Z`
Test & Verify	Upload to Codecov	2026-07-27T08:36:32.2899454Z debug - 2026-07-27 08:36:32,288 -- Translating `*.gif` into `(?s:[^/]*\.gif)\Z`
Test & Verify	Upload to Codecov	2026-07-27T08:36:32.2900651Z debug - 2026-07-27 08:36:32,288 -- Translating `*.go` into `(?s:[^/]*\.go)\Z`
Test & Verify	Upload to Codecov	2026-07-27T08:36:32.2901781Z debug - 2026-07-27 08:36:32,289 -- Translating `*.gradle` into `(?s:[^/]*\.gradle)\Z`
Test & Verify	Upload to Codecov	2026-07-27T08:36:32.2902873Z debug - 2026-07-27 08:36:32,289 -- Translating `*.gz` into `(?s:[^/]*\.gz)\Z`
Test & Verify	Upload to Codecov	2026-07-27T08:36:32.2903952Z debug - 2026-07-27 08:36:32,289 -- Translating `*.h` into `(?s:[^/]*\.h)\Z`
Test & Verify	Upload to Codecov	2026-07-27T08:36:32.2905059Z debug - 2026-07-27 08:36:32,289 -- Translating `*.html` into `(?s:[^/]*\.html)\Z`
Test & Verify	Upload to Codecov	2026-07-27T08:36:32.2906129Z debug - 2026-07-27 08:36:32,289 -- Translating `*.in` into `(?s:[^/]*\.in)\Z`
Test & Verify	Upload to Codecov	2026-07-27T08:36:32.2907499Z debug - 2026-07-27 08:36:32,289 -- Translating `*.jade` into `(?s:[^/]*\.jade)\Z`
Test & Verify	Upload to Codecov	2026-07-27T08:36:32.2908703Z debug - 2026-07-27 08:36:32,289 -- Translating `*.jar*` into `(?s:[^/]*\.jar[^/]*)\Z`
Test & Verify	Upload to Codecov	2026-07-27T08:36:32.2910394Z debug - 2026-07-27 08:36:32,289 -- Translating `*.jpeg` into `(?s:[^/]*\.jpeg)\Z`
Test & Verify	Upload to Codecov	2026-07-27T08:36:32.2911546Z debug - 2026-07-27 08:36:32,289 -- Translating `*.jpg` into `(?s:[^/]*\.jpg)\Z`
Test & Verify	Upload to Codecov	2026-07-27T08:36:32.2912663Z debug - 2026-07-27 08:36:32,289 -- Translating `*.js` into `(?s:[^/]*\.js)\Z`
Test & Verify	Upload to Codecov	2026-07-27T08:36:32.2913747Z debug - 2026-07-27 08:36:32,289 -- Translating `*.less` into `(?s:[^/]*\.less)\Z`
Test & Verify	Upload to Codecov	2026-07-27T08:36:32.2914910Z debug - 2026-07-27 08:36:32,289 -- Translating `*.library` into `(?s:[^/]*\.library)\Z`
Test & Verify	Upload to Codecov	2026-07-27T08:36:32.2916027Z debug - 2026-07-27 08:36:32,290 -- Translating `*.log` into `(?s:[^/]*\.log)\Z`
Test & Verify	Upload to Codecov	2026-07-27T08:36:32.2917105Z debug - 2026-07-27 08:36:32,290 -- Translating `*.m4` into `(?s:[^/]*\.m4)\Z`
Test & Verify	Upload to Codecov	2026-07-27T08:36:32.2918184Z debug - 2026-07-27 08:36:32,290 -- Translating `*.mak*` into `(?s:[^/]*\.mak[^/]*)\Z`
Test & Verify	Upload to Codecov	2026-07-27T08:36:32.2919287Z debug - 2026-07-27 08:36:32,290 -- Translating `*.map` into `(?s:[^/]*\.map)\Z`
Test & Verify	Upload to Codecov	2026-07-27T08:36:32.2920508Z debug - 2026-07-27 08:36:32,290 -- Translating `*.md` into `(?s:[^/]*\.md)\Z`
Test & Verify	Upload to Codecov	2026-07-27T08:36:32.2921601Z debug - 2026-07-27 08:36:32,290 -- Translating `*.module` into `(?s:[^/]*\.module)\Z`
Test & Verify	Upload to Codecov	2026-07-27T08:36:32.2922723Z debug - 2026-07-27 08:36:32,290 -- Translating `*.mp4` into `(?s:[^/]*\.mp4)\Z`
Test & Verify	Upload to Codecov	2026-07-27T08:36:32.2923787Z debug - 2026-07-27 08:36:32,290 -- Translating `*.o` into `(?s:[^/]*\.o)\Z`
Test & Verify	Upload to Codecov	2026-07-27T08:36:32.2924855Z debug - 2026-07-27 08:36:32,290 -- Translating `*.p12` into `(?s:[^/]*\.p12)\Z`
Test & Verify	Upload to Codecov	2026-07-27T08:36:32.2925937Z debug - 2026-07-27 08:36:32,290 -- Translating `*.pem` into `(?s:[^/]*\.pem)\Z`
Test & Verify	Upload to Codecov	2026-07-27T08:36:32.2927018Z debug - 2026-07-27 08:36:32,290 -- Translating `*.png` into `(?s:[^/]*\.png)\Z`
Test & Verify	Upload to Codecov	2026-07-27T08:36:32.2928115Z debug - 2026-07-27 08:36:32,290 -- Translating `*.pom*` into `(?s:[^/]*\.pom[^/]*)\Z`
Test & Verify	Upload to Codecov	2026-07-27T08:36:32.2929330Z debug - 2026-07-27 08:36:32,290 -- Translating `*.profdata` into `(?s:[^/]*\.profdata)\Z`
Test & Verify	Upload to Codecov	2026-07-27T08:36:32.2930602Z debug - 2026-07-27 08:36:32,291 -- Translating `*.proto` into `(?s:[^/]*\.proto)\Z`
Test & Verify	Upload to Codecov	2026-07-27T08:36:32.2931784Z debug - 2026-07-27 08:36:32,291 -- Translating `*.prototxt` into `(?s:[^/]*\.prototxt)\Z`
Test & Verify	Upload to Codecov	2026-07-27T08:36:32.2932794Z debug - 2026-07-27 08:36:32,291 -- Translating `*.ps1` into `(?s:[^/]*\.ps1)\Z`
Test & Verify	Upload to Codecov	2026-07-27T08:36:32.2933963Z debug - 2026-07-27 08:36:32,291 -- Translating `*.pth` into `(?s:[^/]*\.pth)\Z`
Test & Verify	Upload to Codecov	2026-07-27T08:36:32.2934600Z debug - 2026-07-27 08:36:32,291 -- Translating `*.py` into `(?s:[^/]*\.py)\Z`
Test & Verify	Upload to Codecov	2026-07-27T08:36:32.2935159Z debug - 2026-07-27 08:36:32,291 -- Translating `*.pyc` into `(?s:[^/]*\.pyc)\Z`
Test & Verify	Upload to Codecov	2026-07-27T08:36:32.2935699Z debug - 2026-07-27 08:36:32,291 -- Translating `*.pyo` into `(?s:[^/]*\.pyo)\Z`
Test & Verify	Upload to Codecov	2026-07-27T08:36:32.2936232Z debug - 2026-07-27 08:36:32,291 -- Translating `*.rake` into `(?s:[^/]*\.rake)\Z`
Test & Verify	Upload to Codecov	2026-07-27T08:36:32.2936779Z debug - 2026-07-27 08:36:32,291 -- Translating `*.rb` into `(?s:[^/]*\.rb)\Z`
Test & Verify	Upload to Codecov	2026-07-27T08:36:32.2937919Z debug - 2026-07-27 08:36:32,291 -- Translating `*.rsp` into `(?s:[^/]*\.rsp)\Z`
Test & Verify	Upload to Codecov	2026-07-27T08:36:32.2938976Z debug - 2026-07-27 08:36:32,291 -- Translating `*.rst` into `(?s:[^/]*\.rst)\Z`
Test & Verify	Upload to Codecov	2026-07-27T08:36:32.2940316Z debug - 2026-07-27 08:36:32,291 -- Translating `*.ru` into `(?s:[^/]*\.ru)\Z`
Test & Verify	Upload to Codecov	2026-07-27T08:36:32.2941143Z debug - 2026-07-27 08:36:32,292 -- Translating `*.sbt` into `(?s:[^/]*\.sbt)\Z`
Test & Verify	Upload to Codecov	2026-07-27T08:36:32.2942244Z debug - 2026-07-27 08:36:32,292 -- Translating `*.scss` into `(?s:[^/]*\.scss)\Z`
Test & Verify	Upload to Codecov	2026-07-27T08:36:32.2943435Z debug - 2026-07-27 08:36:32,292 -- Translating `*.serialized` into `(?s:[^/]*\.serialized)\Z`
Test & Verify	Upload to Codecov	2026-07-27T08:36:32.2944603Z debug - 2026-07-27 08:36:32,292 -- Translating `*.sh` into `(?s:[^/]*\.sh)\Z`
Test & Verify	Upload to Codecov	2026-07-27T08:36:32.2945784Z debug - 2026-07-27 08:36:32,292 -- Translating `*.sha256sum` into `(?s:[^/]*\.sha256sum)\Z`
Test & Verify	Upload to Codecov	2026-07-27T08:36:32.2947378Z debug - 2026-07-27 08:36:32,292 -- Translating `*.snapshot` into `(?s:[^/]*\.snapshot)\Z`
Test & Verify	Upload to Codecov	2026-07-27T08:36:32.2968120Z debug - 2026-07-27 08:36:32,292 -- Translating `*.sql` into `(?s:[^/]*\.sql)\Z`
Test & Verify	Upload to Codecov	2026-07-27T08:36:32.2969127Z debug - 2026-07-27 08:36:32,292 -- Translating `*.svg` into `(?s:[^/]*\.svg)\Z`
Test & Verify	Upload to Codecov	2026-07-27T08:36:32.2970401Z debug - 2026-07-27 08:36:32,292 -- Translating `*.tar.tz` into `(?s:[^/]*\.tar\.tz)\Z`
Test & Verify	Upload to Codecov	2026-07-27T08:36:32.2971602Z debug - 2026-07-27 08:36:32,292 -- Translating `*.template` into `(?s:[^/]*\.template)\Z`
Test & Verify	Upload to Codecov	2026-07-27T08:36:32.2972738Z debug - 2026-07-27 08:36:32,292 -- Translating `*.ts` into `(?s:[^/]*\.ts)\Z`
Test & Verify	Upload to Codecov	2026-07-27T08:36:32.2973726Z debug - 2026-07-27 08:36:32,292 -- Translating `*.whl` into `(?s:[^/]*\.whl)\Z`
Test & Verify	Upload to Codecov	2026-07-27T08:36:32.2974468Z debug - 2026-07-27 08:36:32,293 -- Translating `*.xcconfig` into `(?s:[^/]*\.xcconfig)\Z`
Test & Verify	Upload to Codecov	2026-07-27T08:36:32.2975182Z debug - 2026-07-27 08:36:32,293 -- Translating `*.xcoverage.*` into `(?s:[^/]*\.xcoverage\.[^/]*)\Z`
Test & Verify	Upload to Codecov	2026-07-27T08:36:32.2975865Z debug - 2026-07-27 08:36:32,293 -- Translating `*.yaml` into `(?s:[^/]*\.yaml)\Z`
Test & Verify	Upload to Codecov	2026-07-27T08:36:32.2976433Z debug - 2026-07-27 08:36:32,293 -- Translating `*.yml` into `(?s:[^/]*\.yml)\Z`
Test & Verify	Upload to Codecov	2026-07-27T08:36:32.2976973Z debug - 2026-07-27 08:36:32,293 -- Translating `*.zip` into `(?s:[^/]*\.zip)\Z`
Test & Verify	Upload to Codecov	2026-07-27T08:36:32.2977670Z debug - 2026-07-27 08:36:32,293 -- Translating `*/classycle/report.xml` into `(?s:[^/]+/classycle/report\.xml)\Z`
Test & Verify	Upload to Codecov	2026-07-27T08:36:32.2978394Z debug - 2026-07-27 08:36:32,294 -- Translating `*codecov.yml` into `(?s:[^/]*codecov\.yml)\Z`
Test & Verify	Upload to Codecov	2026-07-27T08:36:32.2979001Z debug - 2026-07-27 08:36:32,294 -- Translating `*~` into `(?s:[^/]*\~)\Z`
Test & Verify	Upload to Codecov	2026-07-27T08:36:32.2979596Z debug - 2026-07-27 08:36:32,294 -- Translating `.*coveragerc` into `(?s:\.[^/]*coveragerc)\Z`
Test & Verify	Upload to Codecov	2026-07-27T08:36:32.2980600Z debug - 2026-07-27 08:36:32,294 -- Translating `.coverage*` into `(?s:\.coverage[^/]*)\Z`
Test & Verify	Upload to Codecov	2026-07-27T08:36:32.2981221Z debug - 2026-07-27 08:36:32,294 -- Translating `.ds_store` into `(?s:\.ds_store)\Z`
Test & Verify	Upload to Codecov	2026-07-27T08:36:32.2981790Z debug - 2026-07-27 08:36:32,294 -- Translating `.git*` into `(?s:\.git[^/]*)\Z`
Test & Verify	Upload to Codecov	2026-07-27T08:36:32.2982334Z debug - 2026-07-27 08:36:32,294 -- Translating `.nvmrc` into `(?s:\.nvmrc)\Z`
Test & Verify	Upload to Codecov	2026-07-27T08:36:32.2983006Z debug - 2026-07-27 08:36:32,294 -- Translating `codecov.SHA256SUM` into `(?s:codecov\.SHA256SUM)\Z`
Test & Verify	Upload to Codecov	2026-07-27T08:36:32.2983758Z debug - 2026-07-27 08:36:32,294 -- Translating `codecov.SHA256SUM.sig` into `(?s:codecov\.SHA256SUM\.sig)\Z`
Test & Verify	Upload to Codecov	2026-07-27T08:36:32.2984498Z debug - 2026-07-27 08:36:32,294 -- Translating `codecov.yaml` into `(?s:codecov\.yaml)\Z`
Test & Verify	Upload to Codecov	2026-07-27T08:36:32.2985216Z debug - 2026-07-27 08:36:32,294 -- Translating `coverage-summary.json` into `(?s:coverage\-summary\.json)\Z`
Test & Verify	Upload to Codecov	2026-07-27T08:36:32.2985942Z debug - 2026-07-27 08:36:32,294 -- Translating `createdFiles.lst` into `(?s:createdFiles\.lst)\Z`
Test & Verify	Upload to Codecov	2026-07-27T08:36:32.2986698Z debug - 2026-07-27 08:36:32,295 -- Translating `fullLocaleNames.lst` into `(?s:fullLocaleNames\.lst)\Z`
Test & Verify	Upload to Codecov	2026-07-27T08:36:32.2987375Z debug - 2026-07-27 08:36:32,295 -- Translating `include.lst` into `(?s:include\.lst)\Z`
Test & Verify	Upload to Codecov	2026-07-27T08:36:32.2988218Z debug - 2026-07-27 08:36:32,295 -- Translating `inputFiles.lst` into `(?s:inputFiles\.lst)\Z`
Test & Verify	Upload to Codecov	2026-07-27T08:36:32.2989001Z debug - 2026-07-27 08:36:32,295 -- Translating `phpunit-code-coverage.xml` into `(?s:phpunit\-code\-coverage\.xml)\Z`
Test & Verify	Upload to Codecov	2026-07-27T08:36:32.2990072Z debug - 2026-07-27 08:36:32,295 -- Translating `phpunit-coverage.xml` into `(?s:phpunit\-coverage\.xml)\Z`
Test & Verify	Upload to Codecov	2026-07-27T08:36:32.2991004Z debug - 2026-07-27 08:36:32,295 -- Translating `remapInstanbul.coverage*.json` into `(?s:remapInstanbul\.coverage[^/]*\.json)\Z`
Test & Verify	Upload to Codecov	2026-07-27T08:36:32.2991912Z debug - 2026-07-27 08:36:32,295 -- Translating `scoverage.measurements.*` into `(?s:scoverage\.measurements\.[^/]*)\Z`
Test & Verify	Upload to Codecov	2026-07-27T08:36:32.2992859Z debug - 2026-07-27 08:36:32,296 -- Translating `test-result-*-codecoverage.json` into `(?s:test\-result\-[^/]*\-codecoverage\.json)\Z`
Test & Verify	Upload to Codecov	2026-07-27T08:36:32.2994763Z debug - 2026-07-27 08:36:32,296 -- Translating `test_*_coverage.txt` into `(?s:test_[^/]*_coverage\.txt)\Z`
Test & Verify	Upload to Codecov	2026-07-27T08:36:32.2995609Z debug - 2026-07-27 08:36:32,296 -- Translating `testrunner-coverage*` into `(?s:testrunner\-coverage[^/]*)\Z`
Test & Verify	Upload to Codecov	2026-07-27T08:36:32.3022394Z debug - 2026-07-27 08:36:32,302 -- Translating `lcov.info` into `(?s:lcov\.info)\Z`
Test & Verify	Upload to Codecov	2026-07-27T08:36:32.3026167Z debug - 2026-07-27 08:36:32,302 -- Translating `/home/runner/work/RUN/RUN/coverage/lcov.info` into `(?s:/home/runner/work/RUN/RUN/coverage/lcov\.info)\Z`
Test & Verify	Upload to Codecov	2026-07-27T08:36:33.3978091Z warning - 2026-07-27 08:36:33,397 -- Some files were not found --- {"not_found_files": ["coverage/lcov.info"]}
Test & Verify	Upload to Codecov	2026-07-27T08:36:33.3979546Z debug - 2026-07-27 08:36:33,397 -- Translating `*.clover` into `(?s:[^/]*\.clover)\Z`
Test & Verify	Upload to Codecov	2026-07-27T08:36:33.3981496Z debug - 2026-07-27 08:36:33,397 -- Translating `*.codecov.*` into `(?s:[^/]*\.codecov\.[^/]*)\Z`
Test & Verify	Upload to Codecov	2026-07-27T08:36:33.3982493Z debug - 2026-07-27 08:36:33,397 -- Translating `*.gcov` into `(?s:[^/]*\.gcov)\Z`
Test & Verify	Upload to Codecov	2026-07-27T08:36:33.3991968Z debug - 2026-07-27 08:36:33,397 -- Translating `*.lcov` into `(?s:[^/]*\.lcov)\Z`
Test & Verify	Upload to Codecov	2026-07-27T08:36:33.3993104Z debug - 2026-07-27 08:36:33,398 -- Translating `*.lst` into `(?s:[^/]*\.lst)\Z`
Test & Verify	Upload to Codecov	2026-07-27T08:36:33.3994031Z debug - 2026-07-27 08:36:33,398 -- Translating `*coverage*.*` into `(?s:[^/]*coverage[^/]*\.[^/]*)\Z`
Test & Verify	Upload to Codecov	2026-07-27T08:36:33.3994784Z debug - 2026-07-27 08:36:33,398 -- Translating `*Jacoco*.xml` into `(?s:[^/]*Jacoco[^/]*\.xml)\Z`
Test & Verify	Upload to Codecov	2026-07-27T08:36:33.3995615Z debug - 2026-07-27 08:36:33,398 -- Translating `clover.xml` into `(?s:clover\.xml)\Z`
Test & Verify	Upload to Codecov	2026-07-27T08:36:33.3996265Z debug - 2026-07-27 08:36:33,398 -- Translating `cobertura.xml` into `(?s:cobertura\.xml)\Z`
Test & Verify	Upload to Codecov	2026-07-27T08:36:33.3997187Z debug - 2026-07-27 08:36:33,398 -- Translating `codecov-result.json` into `(?s:codecov\-result\.json)\Z`
Test & Verify	Upload to Codecov	2026-07-27T08:36:33.3997888Z debug - 2026-07-27 08:36:33,398 -- Translating `codecov.*` into `(?s:codecov\.[^/]*)\Z`
Test & Verify	Upload to Codecov	2026-07-27T08:36:33.3998965Z debug - 2026-07-27 08:36:33,398 -- Translating `cover.out` into `(?s:cover\.out)\Z`
Test & Verify	Upload to Codecov	2026-07-27T08:36:33.3999994Z debug - 2026-07-27 08:36:33,398 -- Translating `coverage-final.json` into `(?s:coverage\-final\.json)\Z`
Test & Verify	Upload to Codecov	2026-07-27T08:36:33.4000801Z debug - 2026-07-27 08:36:33,398 -- Translating `excoveralls.json` into `(?s:excoveralls\.json)\Z`
Test & Verify	Upload to Codecov	2026-07-27T08:36:33.4001471Z debug - 2026-07-27 08:36:33,398 -- Translating `gcov.info` into `(?s:gcov\.info)\Z`
Test & Verify	Upload to Codecov	2026-07-27T08:36:33.4002109Z debug - 2026-07-27 08:36:33,398 -- Translating `jacoco*.xml` into `(?s:jacoco[^/]*\.xml)\Z`
Test & Verify	Upload to Codecov	2026-07-27T08:36:33.4002733Z debug - 2026-07-27 08:36:33,398 -- Translating `lcov.dat` into `(?s:lcov\.dat)\Z`
Test & Verify	Upload to Codecov	2026-07-27T08:36:33.4003326Z debug - 2026-07-27 08:36:33,398 -- Translating `pylcov.dat` into `(?s:pylcov\.dat)\Z`
Test & Verify	Upload to Codecov	2026-07-27T08:36:33.4003930Z debug - 2026-07-27 08:36:33,398 -- Translating `lcov.info` into `(?s:lcov\.info)\Z`
Test & Verify	Upload to Codecov	2026-07-27T08:36:33.4004608Z debug - 2026-07-27 08:36:33,399 -- Translating `luacov.report.out` into `(?s:luacov\.report\.out)\Z`
Test & Verify	Upload to Codecov	2026-07-27T08:36:33.4005270Z debug - 2026-07-27 08:36:33,399 -- Translating `naxsi.info` into `(?s:naxsi\.info)\Z`
Test & Verify	Upload to Codecov	2026-07-27T08:36:33.4006662Z debug - 2026-07-27 08:36:33,399 -- Translating `nosetests.xml` into `(?s:nosetests\.xml)\Z`
Test & Verify	Upload to Codecov	2026-07-27T08:36:33.4007342Z debug - 2026-07-27 08:36:33,399 -- Translating `report.xml` into `(?s:report\.xml)\Z`
Test & Verify	Upload to Codecov	2026-07-27T08:36:33.4007979Z debug - 2026-07-27 08:36:33,399 -- Translating `test_cov.xml` into `(?s:test_cov\.xml)\Z`
Test & Verify	Upload to Codecov	2026-07-27T08:36:33.4414530Z info - 2026-07-27 08:36:33,441 -- Found 0 coverage files to report
Test & Verify	Upload to Codecov	2026-07-27T08:36:33.4415840Z debug - 2026-07-27 08:36:33,441 -- Found 2146 network files to report, (2146 without filtering)
Test & Verify	Upload to Codecov	2026-07-27T08:36:33.4450104Z Error: No coverage reports found. Please make sure you're generating reports successfully.
Test & Verify	Upload to Codecov	2026-07-27T08:36:33.5565168Z ##[warning]Codecov:
Test & Verify	Upload to Codecov	                        Failed to properly upload report: The process '/home/runner/work/_actions/codecov/codecov-action/b9fd7d16f6d7d1b5d2bec1a2887e65ceed900238/dist/codecov' failed with exit code 1
Test & Verify	Post Run actions/checkout@34e114876b0b11c390a56381ad16ebd13914f8d5	﻿2026-07-27T08:36:33.5786001Z Node 20 is being deprecated. This workflow is running with Node 24 by default. If you need to temporarily use Node 20, you can set the ACTIONS_ALLOW_USE_UNSECURE_NODE_VERSION=true environment variable. For more information see: https://github.blog/changelog/2025-09-19-deprecation-of-node-20-on-github-actions-runners/
Test & Verify	Post Run actions/checkout@34e114876b0b11c390a56381ad16ebd13914f8d5	2026-07-27T08:36:33.5787269Z Post job cleanup.
Test & Verify	Post Run actions/checkout@34e114876b0b11c390a56381ad16ebd13914f8d5	2026-07-27T08:36:33.6650201Z [command]/usr/bin/git version
Test & Verify	Post Run actions/checkout@34e114876b0b11c390a56381ad16ebd13914f8d5	2026-07-27T08:36:33.6696113Z git version 2.54.0
Test & Verify	Post Run actions/checkout@34e114876b0b11c390a56381ad16ebd13914f8d5	2026-07-27T08:36:33.6762372Z Copying '/home/runner/.gitconfig' to '/home/runner/work/_temp/d5f6fcbf-eec1-4f46-a7eb-6be8c56a83e8/.gitconfig'
Test & Verify	Post Run actions/checkout@34e114876b0b11c390a56381ad16ebd13914f8d5	2026-07-27T08:36:33.6773070Z Temporarily overriding HOME='/home/runner/work/_temp/d5f6fcbf-eec1-4f46-a7eb-6be8c56a83e8' before making global git config changes
Test & Verify	Post Run actions/checkout@34e114876b0b11c390a56381ad16ebd13914f8d5	2026-07-27T08:36:33.6774989Z Adding repository directory to the temporary git global config as a safe directory
Test & Verify	Post Run actions/checkout@34e114876b0b11c390a56381ad16ebd13914f8d5	2026-07-27T08:36:33.6780048Z [command]/usr/bin/git config --global --add safe.directory /home/runner/work/RUN/RUN
Test & Verify	Post Run actions/checkout@34e114876b0b11c390a56381ad16ebd13914f8d5	2026-07-27T08:36:33.6823625Z [command]/usr/bin/git config --local --name-only --get-regexp core\.sshCommand
Test & Verify	Post Run actions/checkout@34e114876b0b11c390a56381ad16ebd13914f8d5	2026-07-27T08:36:33.6861998Z [command]/usr/bin/git submodule foreach --recursive sh -c "git config --local --name-only --get-regexp 'core\.sshCommand' && git config --local --unset-all 'core.sshCommand' || :"
Test & Verify	Post Run actions/checkout@34e114876b0b11c390a56381ad16ebd13914f8d5	2026-07-27T08:36:33.7123579Z [command]/usr/bin/git config --local --name-only --get-regexp http\.https\:\/\/github\.com\/\.extraheader
Test & Verify	Post Run actions/checkout@34e114876b0b11c390a56381ad16ebd13914f8d5	2026-07-27T08:36:33.7151399Z http.https://github.com/.extraheader
Test & Verify	Post Run actions/checkout@34e114876b0b11c390a56381ad16ebd13914f8d5	2026-07-27T08:36:33.7164316Z [command]/usr/bin/git config --local --unset-all http.https://github.com/.extraheader
Test & Verify	Post Run actions/checkout@34e114876b0b11c390a56381ad16ebd13914f8d5	2026-07-27T08:36:33.7202118Z [command]/usr/bin/git submodule foreach --recursive sh -c "git config --local --name-only --get-regexp 'http\.https\:\/\/github\.com\/\.extraheader' && git config --local --unset-all 'http.https://github.com/.extraheader' || :"
Test & Verify	Post Run actions/checkout@34e114876b0b11c390a56381ad16ebd13914f8d5	2026-07-27T08:36:33.7469586Z [command]/usr/bin/git config --local --name-only --get-regexp ^includeIf\.gitdir:
Test & Verify	Post Run actions/checkout@34e114876b0b11c390a56381ad16ebd13914f8d5	2026-07-27T08:36:33.7506277Z [command]/usr/bin/git submodule foreach --recursive git config --local --show-origin --name-only --get-regexp remote.origin.url
Test & Verify	Complete job	﻿2026-07-27T08:36:33.7935510Z Cleaning up orphan processes
Test & Verify	Complete job	2026-07-27T08:36:33.8237678Z ##[warning]Node.js 20 is deprecated. The following actions target Node.js 20 but are being forced to run on Node.js 24: actions/checkout@34e114876b0b11c390a56381ad16ebd13914f8d5, actions/setup-node@49933ea5288caeca8642d1e84afbd3f7d6820020, actions/upload-artifact@ea165f8d65b6e75b540449e92b4886f43607fa02, codecov/codecov-action@b9fd7d16f6d7d1b5d2bec1a2887e65ceed900238. For more information see: https://github.blog/changelog/2025-09-19-deprecation-of-node-20-on-github-actions-runners/
Type Check (TSC)	Set up job	﻿2026-07-27T08:35:36.2708116Z Current runner version: '2.335.1'
Type Check (TSC)	Set up job	2026-07-27T08:35:36.2737469Z ##[group]Runner Image Provisioner
Type Check (TSC)	Set up job	2026-07-27T08:35:36.2738495Z Hosted Compute Agent
Type Check (TSC)	Set up job	2026-07-27T08:35:36.2739128Z Version: 20260707.563
Type Check (TSC)	Set up job	2026-07-27T08:35:36.2739870Z Commit: 02667638d2b423fbc733a8e32a88b44996a3ba6e
Type Check (TSC)	Set up job	2026-07-27T08:35:36.2740640Z Build Date: 2026-07-07T19:33:50Z
Type Check (TSC)	Set up job	2026-07-27T08:35:36.2741342Z Worker ID: {494ddefb-d025-4f26-8cf6-9d13205234e0}
Type Check (TSC)	Set up job	2026-07-27T08:35:36.2742393Z Azure Region: northcentralus
Type Check (TSC)	Set up job	2026-07-27T08:35:36.2743060Z ##[endgroup]
Type Check (TSC)	Set up job	2026-07-27T08:35:36.2744606Z ##[group]Operating System
Type Check (TSC)	Set up job	2026-07-27T08:35:36.2745318Z Ubuntu
Type Check (TSC)	Set up job	2026-07-27T08:35:36.2745881Z 24.04.4
Type Check (TSC)	Set up job	2026-07-27T08:35:36.2746538Z LTS
Type Check (TSC)	Set up job	2026-07-27T08:35:36.2747122Z ##[endgroup]
Type Check (TSC)	Set up job	2026-07-27T08:35:36.2747697Z ##[group]Runner Image
Type Check (TSC)	Set up job	2026-07-27T08:35:36.2748417Z Image: ubuntu-24.04
Type Check (TSC)	Set up job	2026-07-27T08:35:36.2749034Z Version: 20260720.247.2
Type Check (TSC)	Set up job	2026-07-27T08:35:36.2750211Z Included Software: https://github.com/actions/runner-images/blob/ubuntu24/20260720.247/images/ubuntu/Ubuntu2404-Readme.md
Type Check (TSC)	Set up job	2026-07-27T08:35:36.2752362Z Image Release: https://github.com/actions/runner-images/releases/tag/ubuntu24%2F20260720.247
Type Check (TSC)	Set up job	2026-07-27T08:35:36.2753507Z ##[endgroup]
Type Check (TSC)	Set up job	2026-07-27T08:35:36.2754736Z ##[group]GITHUB_TOKEN Permissions
Type Check (TSC)	Set up job	2026-07-27T08:35:36.2757320Z Contents: read
Type Check (TSC)	Set up job	2026-07-27T08:35:36.2757939Z Metadata: read
Type Check (TSC)	Set up job	2026-07-27T08:35:36.2759115Z ##[endgroup]
Type Check (TSC)	Set up job	2026-07-27T08:35:36.2761372Z Secret source: Actions
Type Check (TSC)	Set up job	2026-07-27T08:35:36.2762862Z Prepare workflow directory
Type Check (TSC)	Set up job	2026-07-27T08:35:36.3112729Z Prepare all required actions
Type Check (TSC)	Set up job	2026-07-27T08:35:36.3153161Z Getting action download info
Type Check (TSC)	Set up job	2026-07-27T08:35:36.5463519Z Download action repository 'actions/checkout@34e114876b0b11c390a56381ad16ebd13914f8d5' (SHA:34e114876b0b11c390a56381ad16ebd13914f8d5)
Type Check (TSC)	Set up job	2026-07-27T08:35:36.6897547Z Download action repository 'actions/setup-node@49933ea5288caeca8642d1e84afbd3f7d6820020' (SHA:49933ea5288caeca8642d1e84afbd3f7d6820020)
Type Check (TSC)	Set up job	2026-07-27T08:35:36.9157651Z Complete job name: Type Check (TSC)
Type Check (TSC)	Run actions/checkout@34e114876b0b11c390a56381ad16ebd13914f8d5	﻿2026-07-27T08:35:36.9895893Z Node 20 is being deprecated. This workflow is running with Node 24 by default. If you need to temporarily use Node 20, you can set the ACTIONS_ALLOW_USE_UNSECURE_NODE_VERSION=true environment variable. For more information see: https://github.blog/changelog/2025-09-19-deprecation-of-node-20-on-github-actions-runners/
Type Check (TSC)	Run actions/checkout@34e114876b0b11c390a56381ad16ebd13914f8d5	2026-07-27T08:35:36.9905124Z ##[group]Run actions/checkout@34e114876b0b11c390a56381ad16ebd13914f8d5
Type Check (TSC)	Run actions/checkout@34e114876b0b11c390a56381ad16ebd13914f8d5	2026-07-27T08:35:36.9906048Z with:
Type Check (TSC)	Run actions/checkout@34e114876b0b11c390a56381ad16ebd13914f8d5	2026-07-27T08:35:36.9906505Z   repository: hateem2121/RUN
Type Check (TSC)	Run actions/checkout@34e114876b0b11c390a56381ad16ebd13914f8d5	2026-07-27T08:35:36.9910710Z   token: ***
Type Check (TSC)	Run actions/checkout@34e114876b0b11c390a56381ad16ebd13914f8d5	2026-07-27T08:35:36.9911170Z   ssh-strict: true
Type Check (TSC)	Run actions/checkout@34e114876b0b11c390a56381ad16ebd13914f8d5	2026-07-27T08:35:36.9911978Z   ssh-user: git
Type Check (TSC)	Run actions/checkout@34e114876b0b11c390a56381ad16ebd13914f8d5	2026-07-27T08:35:36.9912508Z   persist-credentials: true
Type Check (TSC)	Run actions/checkout@34e114876b0b11c390a56381ad16ebd13914f8d5	2026-07-27T08:35:36.9913034Z   clean: true
Type Check (TSC)	Run actions/checkout@34e114876b0b11c390a56381ad16ebd13914f8d5	2026-07-27T08:35:36.9913507Z   sparse-checkout-cone-mode: true
Type Check (TSC)	Run actions/checkout@34e114876b0b11c390a56381ad16ebd13914f8d5	2026-07-27T08:35:36.9914047Z   fetch-depth: 1
Type Check (TSC)	Run actions/checkout@34e114876b0b11c390a56381ad16ebd13914f8d5	2026-07-27T08:35:36.9914497Z   fetch-tags: false
Type Check (TSC)	Run actions/checkout@34e114876b0b11c390a56381ad16ebd13914f8d5	2026-07-27T08:35:36.9914967Z   show-progress: true
Type Check (TSC)	Run actions/checkout@34e114876b0b11c390a56381ad16ebd13914f8d5	2026-07-27T08:35:36.9915432Z   lfs: false
Type Check (TSC)	Run actions/checkout@34e114876b0b11c390a56381ad16ebd13914f8d5	2026-07-27T08:35:36.9916169Z   submodules: false
Type Check (TSC)	Run actions/checkout@34e114876b0b11c390a56381ad16ebd13914f8d5	2026-07-27T08:35:36.9916802Z   set-safe-directory: true
Type Check (TSC)	Run actions/checkout@34e114876b0b11c390a56381ad16ebd13914f8d5	2026-07-27T08:35:36.9918057Z ##[endgroup]
Type Check (TSC)	Run actions/checkout@34e114876b0b11c390a56381ad16ebd13914f8d5	2026-07-27T08:35:37.0933189Z Syncing repository: hateem2121/RUN
Type Check (TSC)	Run actions/checkout@34e114876b0b11c390a56381ad16ebd13914f8d5	2026-07-27T08:35:37.0935763Z ##[group]Getting Git version info
Type Check (TSC)	Run actions/checkout@34e114876b0b11c390a56381ad16ebd13914f8d5	2026-07-27T08:35:37.0936818Z Working directory is '/home/runner/work/RUN/RUN'
Type Check (TSC)	Run actions/checkout@34e114876b0b11c390a56381ad16ebd13914f8d5	2026-07-27T08:35:37.0938028Z [command]/usr/bin/git version
Type Check (TSC)	Run actions/checkout@34e114876b0b11c390a56381ad16ebd13914f8d5	2026-07-27T08:35:37.0978019Z git version 2.54.0
Type Check (TSC)	Run actions/checkout@34e114876b0b11c390a56381ad16ebd13914f8d5	2026-07-27T08:35:37.1000248Z ##[endgroup]
Type Check (TSC)	Run actions/checkout@34e114876b0b11c390a56381ad16ebd13914f8d5	2026-07-27T08:35:37.1017467Z Temporarily overriding HOME='/home/runner/work/_temp/f63c23b7-66d0-462e-bbad-b725d9489a38' before making global git config changes
Type Check (TSC)	Run actions/checkout@34e114876b0b11c390a56381ad16ebd13914f8d5	2026-07-27T08:35:37.1019301Z Adding repository directory to the temporary git global config as a safe directory
Type Check (TSC)	Run actions/checkout@34e114876b0b11c390a56381ad16ebd13914f8d5	2026-07-27T08:35:37.1024684Z [command]/usr/bin/git config --global --add safe.directory /home/runner/work/RUN/RUN
Type Check (TSC)	Run actions/checkout@34e114876b0b11c390a56381ad16ebd13914f8d5	2026-07-27T08:35:37.1079107Z Deleting the contents of '/home/runner/work/RUN/RUN'
Type Check (TSC)	Run actions/checkout@34e114876b0b11c390a56381ad16ebd13914f8d5	2026-07-27T08:35:37.1090815Z ##[group]Initializing the repository
Type Check (TSC)	Run actions/checkout@34e114876b0b11c390a56381ad16ebd13914f8d5	2026-07-27T08:35:37.1113169Z [command]/usr/bin/git init /home/runner/work/RUN/RUN
Type Check (TSC)	Run actions/checkout@34e114876b0b11c390a56381ad16ebd13914f8d5	2026-07-27T08:35:37.1180201Z hint: Using 'master' as the name for the initial branch. This default branch name
Type Check (TSC)	Run actions/checkout@34e114876b0b11c390a56381ad16ebd13914f8d5	2026-07-27T08:35:37.1182302Z hint: will change to "main" in Git 3.0. To configure the initial branch name
Type Check (TSC)	Run actions/checkout@34e114876b0b11c390a56381ad16ebd13914f8d5	2026-07-27T08:35:37.1183782Z hint: to use in all of your new repositories, which will suppress this warning,
Type Check (TSC)	Run actions/checkout@34e114876b0b11c390a56381ad16ebd13914f8d5	2026-07-27T08:35:37.1184946Z hint: call:
Type Check (TSC)	Run actions/checkout@34e114876b0b11c390a56381ad16ebd13914f8d5	2026-07-27T08:35:37.1185546Z hint:
Type Check (TSC)	Run actions/checkout@34e114876b0b11c390a56381ad16ebd13914f8d5	2026-07-27T08:35:37.1186315Z hint: 	git config --global init.defaultBranch <name>
Type Check (TSC)	Run actions/checkout@34e114876b0b11c390a56381ad16ebd13914f8d5	2026-07-27T08:35:37.1187273Z hint:
Type Check (TSC)	Run actions/checkout@34e114876b0b11c390a56381ad16ebd13914f8d5	2026-07-27T08:35:37.1188150Z hint: Names commonly chosen instead of 'master' are 'main', 'trunk' and
Type Check (TSC)	Run actions/checkout@34e114876b0b11c390a56381ad16ebd13914f8d5	2026-07-27T08:35:37.1189622Z hint: 'development'. The just-created branch can be renamed via this command:
Type Check (TSC)	Run actions/checkout@34e114876b0b11c390a56381ad16ebd13914f8d5	2026-07-27T08:35:37.1190780Z hint:
Type Check (TSC)	Run actions/checkout@34e114876b0b11c390a56381ad16ebd13914f8d5	2026-07-27T08:35:37.1191398Z hint: 	git branch -m <name>
Type Check (TSC)	Run actions/checkout@34e114876b0b11c390a56381ad16ebd13914f8d5	2026-07-27T08:35:37.1192311Z hint:
Type Check (TSC)	Run actions/checkout@34e114876b0b11c390a56381ad16ebd13914f8d5	2026-07-27T08:35:37.1193273Z hint: Disable this message with "git config set advice.defaultBranchName false"
Type Check (TSC)	Run actions/checkout@34e114876b0b11c390a56381ad16ebd13914f8d5	2026-07-27T08:35:37.1199927Z Initialized empty Git repository in /home/runner/work/RUN/RUN/.git/
Type Check (TSC)	Run actions/checkout@34e114876b0b11c390a56381ad16ebd13914f8d5	2026-07-27T08:35:37.1218635Z [command]/usr/bin/git remote add origin https://github.com/hateem2121/RUN
Type Check (TSC)	Run actions/checkout@34e114876b0b11c390a56381ad16ebd13914f8d5	2026-07-27T08:35:37.1287833Z ##[endgroup]
Type Check (TSC)	Run actions/checkout@34e114876b0b11c390a56381ad16ebd13914f8d5	2026-07-27T08:35:37.1289352Z ##[group]Disabling automatic garbage collection
Type Check (TSC)	Run actions/checkout@34e114876b0b11c390a56381ad16ebd13914f8d5	2026-07-27T08:35:37.1292852Z [command]/usr/bin/git config --local gc.auto 0
Type Check (TSC)	Run actions/checkout@34e114876b0b11c390a56381ad16ebd13914f8d5	2026-07-27T08:35:37.1329169Z ##[endgroup]
Type Check (TSC)	Run actions/checkout@34e114876b0b11c390a56381ad16ebd13914f8d5	2026-07-27T08:35:37.1330320Z ##[group]Setting up auth
Type Check (TSC)	Run actions/checkout@34e114876b0b11c390a56381ad16ebd13914f8d5	2026-07-27T08:35:37.1336932Z [command]/usr/bin/git config --local --name-only --get-regexp core\.sshCommand
Type Check (TSC)	Run actions/checkout@34e114876b0b11c390a56381ad16ebd13914f8d5	2026-07-27T08:35:37.1375894Z [command]/usr/bin/git submodule foreach --recursive sh -c "git config --local --name-only --get-regexp 'core\.sshCommand' && git config --local --unset-all 'core.sshCommand' || :"
Type Check (TSC)	Run actions/checkout@34e114876b0b11c390a56381ad16ebd13914f8d5	2026-07-27T08:35:37.1725974Z [command]/usr/bin/git config --local --name-only --get-regexp http\.https\:\/\/github\.com\/\.extraheader
Type Check (TSC)	Run actions/checkout@34e114876b0b11c390a56381ad16ebd13914f8d5	2026-07-27T08:35:37.1767840Z [command]/usr/bin/git submodule foreach --recursive sh -c "git config --local --name-only --get-regexp 'http\.https\:\/\/github\.com\/\.extraheader' && git config --local --unset-all 'http.https://github.com/.extraheader' || :"
Type Check (TSC)	Run actions/checkout@34e114876b0b11c390a56381ad16ebd13914f8d5	2026-07-27T08:35:37.2030665Z [command]/usr/bin/git config --local --name-only --get-regexp ^includeIf\.gitdir:
Type Check (TSC)	Run actions/checkout@34e114876b0b11c390a56381ad16ebd13914f8d5	2026-07-27T08:35:37.2071608Z [command]/usr/bin/git submodule foreach --recursive git config --local --show-origin --name-only --get-regexp remote.origin.url
Type Check (TSC)	Run actions/checkout@34e114876b0b11c390a56381ad16ebd13914f8d5	2026-07-27T08:35:37.2319483Z [command]/usr/bin/git config --local http.https://github.com/.extraheader AUTHORIZATION: basic ***
Type Check (TSC)	Run actions/checkout@34e114876b0b11c390a56381ad16ebd13914f8d5	2026-07-27T08:35:37.2364480Z ##[endgroup]
Type Check (TSC)	Run actions/checkout@34e114876b0b11c390a56381ad16ebd13914f8d5	2026-07-27T08:35:37.2365701Z ##[group]Fetching the repository
Type Check (TSC)	Run actions/checkout@34e114876b0b11c390a56381ad16ebd13914f8d5	2026-07-27T08:35:37.2384754Z [command]/usr/bin/git -c protocol.version=2 fetch --no-tags --prune --no-recurse-submodules --depth=1 origin +26f0cf27e4528a1005b56c4ef6500a9d1b44b418:refs/remotes/origin/main
Type Check (TSC)	Run actions/checkout@34e114876b0b11c390a56381ad16ebd13914f8d5	2026-07-27T08:35:38.9630190Z From https://github.com/hateem2121/RUN
Type Check (TSC)	Run actions/checkout@34e114876b0b11c390a56381ad16ebd13914f8d5	2026-07-27T08:35:38.9632394Z  * [new ref]         26f0cf27e4528a1005b56c4ef6500a9d1b44b418 -> origin/main
Type Check (TSC)	Run actions/checkout@34e114876b0b11c390a56381ad16ebd13914f8d5	2026-07-27T08:35:38.9666401Z ##[endgroup]
Type Check (TSC)	Run actions/checkout@34e114876b0b11c390a56381ad16ebd13914f8d5	2026-07-27T08:35:38.9667973Z ##[group]Determining the checkout info
Type Check (TSC)	Run actions/checkout@34e114876b0b11c390a56381ad16ebd13914f8d5	2026-07-27T08:35:38.9669716Z ##[endgroup]
Type Check (TSC)	Run actions/checkout@34e114876b0b11c390a56381ad16ebd13914f8d5	2026-07-27T08:35:38.9676870Z [command]/usr/bin/git sparse-checkout disable
Type Check (TSC)	Run actions/checkout@34e114876b0b11c390a56381ad16ebd13914f8d5	2026-07-27T08:35:38.9733204Z [command]/usr/bin/git config --local --unset-all extensions.worktreeConfig
Type Check (TSC)	Run actions/checkout@34e114876b0b11c390a56381ad16ebd13914f8d5	2026-07-27T08:35:38.9772209Z ##[group]Checking out the ref
Type Check (TSC)	Run actions/checkout@34e114876b0b11c390a56381ad16ebd13914f8d5	2026-07-27T08:35:38.9776537Z [command]/usr/bin/git checkout --progress --force -B main refs/remotes/origin/main
Type Check (TSC)	Run actions/checkout@34e114876b0b11c390a56381ad16ebd13914f8d5	2026-07-27T08:35:39.3159004Z Switched to a new branch 'main'
Type Check (TSC)	Run actions/checkout@34e114876b0b11c390a56381ad16ebd13914f8d5	2026-07-27T08:35:39.3163125Z branch 'main' set up to track 'origin/main'.
Type Check (TSC)	Run actions/checkout@34e114876b0b11c390a56381ad16ebd13914f8d5	2026-07-27T08:35:39.3185119Z ##[endgroup]
Type Check (TSC)	Run actions/checkout@34e114876b0b11c390a56381ad16ebd13914f8d5	2026-07-27T08:35:39.3246671Z [command]/usr/bin/git log -1 --format=%H
Type Check (TSC)	Run actions/checkout@34e114876b0b11c390a56381ad16ebd13914f8d5	2026-07-27T08:35:39.3279435Z 26f0cf27e4528a1005b56c4ef6500a9d1b44b418
Type Check (TSC)	Run actions/setup-node@49933ea5288caeca8642d1e84afbd3f7d6820020	﻿2026-07-27T08:35:39.3564442Z Node 20 is being deprecated. This workflow is running with Node 24 by default. If you need to temporarily use Node 20, you can set the ACTIONS_ALLOW_USE_UNSECURE_NODE_VERSION=true environment variable. For more information see: https://github.blog/changelog/2025-09-19-deprecation-of-node-20-on-github-actions-runners/
Type Check (TSC)	Run actions/setup-node@49933ea5288caeca8642d1e84afbd3f7d6820020	2026-07-27T08:35:39.3567330Z ##[group]Run actions/setup-node@49933ea5288caeca8642d1e84afbd3f7d6820020
Type Check (TSC)	Run actions/setup-node@49933ea5288caeca8642d1e84afbd3f7d6820020	2026-07-27T08:35:39.3567993Z with:
Type Check (TSC)	Run actions/setup-node@49933ea5288caeca8642d1e84afbd3f7d6820020	2026-07-27T08:35:39.3568437Z   node-version: 24
Type Check (TSC)	Run actions/setup-node@49933ea5288caeca8642d1e84afbd3f7d6820020	2026-07-27T08:35:39.3568887Z   cache: npm
Type Check (TSC)	Run actions/setup-node@49933ea5288caeca8642d1e84afbd3f7d6820020	2026-07-27T08:35:39.3569335Z   always-auth: false
Type Check (TSC)	Run actions/setup-node@49933ea5288caeca8642d1e84afbd3f7d6820020	2026-07-27T08:35:39.3569800Z   check-latest: false
Type Check (TSC)	Run actions/setup-node@49933ea5288caeca8642d1e84afbd3f7d6820020	2026-07-27T08:35:39.3573496Z   token: ***
Type Check (TSC)	Run actions/setup-node@49933ea5288caeca8642d1e84afbd3f7d6820020	2026-07-27T08:35:39.3573944Z ##[endgroup]
Type Check (TSC)	Run actions/setup-node@49933ea5288caeca8642d1e84afbd3f7d6820020	2026-07-27T08:35:39.5096289Z Found in cache @ /opt/hostedtoolcache/node/24.18.0/x64
Type Check (TSC)	Run actions/setup-node@49933ea5288caeca8642d1e84afbd3f7d6820020	2026-07-27T08:35:39.5099923Z (node:2242) [DEP0040] DeprecationWarning: The `punycode` module is deprecated. Please use a userland alternative instead.
Type Check (TSC)	Run actions/setup-node@49933ea5288caeca8642d1e84afbd3f7d6820020	2026-07-27T08:35:39.5100982Z (Use `node --trace-deprecation ...` to show where the warning was created)
Type Check (TSC)	Run actions/setup-node@49933ea5288caeca8642d1e84afbd3f7d6820020	2026-07-27T08:35:39.5103317Z ##[group]Environment details
Type Check (TSC)	Run actions/setup-node@49933ea5288caeca8642d1e84afbd3f7d6820020	2026-07-27T08:35:41.6135405Z node: v24.18.0
Type Check (TSC)	Run actions/setup-node@49933ea5288caeca8642d1e84afbd3f7d6820020	2026-07-27T08:35:41.6136079Z npm: 11.16.0
Type Check (TSC)	Run actions/setup-node@49933ea5288caeca8642d1e84afbd3f7d6820020	2026-07-27T08:35:41.6136471Z yarn: 1.22.22
Type Check (TSC)	Run actions/setup-node@49933ea5288caeca8642d1e84afbd3f7d6820020	2026-07-27T08:35:41.6137796Z ##[endgroup]
Type Check (TSC)	Run actions/setup-node@49933ea5288caeca8642d1e84afbd3f7d6820020	2026-07-27T08:35:41.6163330Z [command]/opt/hostedtoolcache/node/24.18.0/x64/bin/npm config get cache
Type Check (TSC)	Run actions/setup-node@49933ea5288caeca8642d1e84afbd3f7d6820020	2026-07-27T08:35:41.8872186Z /home/runner/.npm
Type Check (TSC)	Run actions/setup-node@49933ea5288caeca8642d1e84afbd3f7d6820020	2026-07-27T08:35:42.0264251Z Cache hit for: node-cache-Linux-x64-npm-c58d906b01e082c52cec98a405d7736653b10234b5336d059e7e115a6d4c3c05
Type Check (TSC)	Run actions/setup-node@49933ea5288caeca8642d1e84afbd3f7d6820020	2026-07-27T08:35:42.0368688Z (node:2242) [DEP0169] DeprecationWarning: `url.parse()` behavior is not standardized and prone to errors that have security implications. Use the WHATWG URL API instead. CVEs are not issued for `url.parse()` vulnerabilities.
Type Check (TSC)	Run actions/setup-node@49933ea5288caeca8642d1e84afbd3f7d6820020	2026-07-27T08:35:43.1231182Z Received 171966464 of 365303004 (47.1%), 163.8 MBs/sec
Type Check (TSC)	Run actions/setup-node@49933ea5288caeca8642d1e84afbd3f7d6820020	2026-07-27T08:35:43.8122236Z Received 365303004 of 365303004 (100.0%), 206.1 MBs/sec
Type Check (TSC)	Run actions/setup-node@49933ea5288caeca8642d1e84afbd3f7d6820020	2026-07-27T08:35:43.8123288Z Cache Size: ~348 MB (365303004 B)
Type Check (TSC)	Run actions/setup-node@49933ea5288caeca8642d1e84afbd3f7d6820020	2026-07-27T08:35:43.8157362Z [command]/usr/bin/tar -xf /home/runner/work/_temp/d71d169e-e0cc-48a0-89c2-fc3830977e65/cache.tzst -P -C /home/runner/work/RUN/RUN --use-compress-program unzstd
Type Check (TSC)	Run actions/setup-node@49933ea5288caeca8642d1e84afbd3f7d6820020	2026-07-27T08:35:44.8327530Z Cache restored successfully
Type Check (TSC)	Run actions/setup-node@49933ea5288caeca8642d1e84afbd3f7d6820020	2026-07-27T08:35:44.8503099Z Cache restored from key: node-cache-Linux-x64-npm-c58d906b01e082c52cec98a405d7736653b10234b5336d059e7e115a6d4c3c05
Type Check (TSC)	Run npm ci	﻿2026-07-27T08:35:44.8836807Z ##[group]Run npm ci
Type Check (TSC)	Run npm ci	2026-07-27T08:35:44.8837197Z ^[[36;1mnpm ci^[[0m
Type Check (TSC)	Run npm ci	2026-07-27T08:35:44.8933184Z shell: /usr/bin/bash -e {0}
Type Check (TSC)	Run npm ci	2026-07-27T08:35:44.8933547Z ##[endgroup]
Type Check (TSC)	Run npm ci	2026-07-27T08:36:16.6567104Z 
Type Check (TSC)	Run npm ci	2026-07-27T08:36:16.6573743Z > run-remix-monorepo@4.1.2 prepare
Type Check (TSC)	Run npm ci	2026-07-27T08:36:16.6574211Z > husky
Type Check (TSC)	Run npm ci	2026-07-27T08:36:16.6574342Z 
Type Check (TSC)	Run npm ci	2026-07-27T08:36:16.8171229Z 
Type Check (TSC)	Run npm ci	2026-07-27T08:36:16.8172253Z added 1242 packages, and audited 1247 packages in 32s
Type Check (TSC)	Run npm ci	2026-07-27T08:36:16.8172754Z 
Type Check (TSC)	Run npm ci	2026-07-27T08:36:16.8173550Z 260 packages are looking for funding
Type Check (TSC)	Run npm ci	2026-07-27T08:36:16.8174398Z   run `npm fund` for details
Type Check (TSC)	Run npm ci	2026-07-27T08:36:16.8541976Z 
Type Check (TSC)	Run npm ci	2026-07-27T08:36:16.8542862Z 16 vulnerabilities (2 low, 14 high)
Type Check (TSC)	Run npm ci	2026-07-27T08:36:16.8543210Z 
Type Check (TSC)	Run npm ci	2026-07-27T08:36:16.8543507Z To address issues that do not require attention, run:
Type Check (TSC)	Run npm ci	2026-07-27T08:36:16.8543872Z   npm audit fix
Type Check (TSC)	Run npm ci	2026-07-27T08:36:16.8544036Z 
Type Check (TSC)	Run npm ci	2026-07-27T08:36:16.8544288Z To address all issues (including breaking changes), run:
Type Check (TSC)	Run npm ci	2026-07-27T08:36:16.8544665Z   npm audit fix --force
Type Check (TSC)	Run npm ci	2026-07-27T08:36:16.8544878Z 
Type Check (TSC)	Run npm ci	2026-07-27T08:36:16.8545019Z Run `npm audit` for details.
Type Check (TSC)	Run npm ci	2026-07-27T08:36:16.8557101Z npm warn allow-scripts 3 packages have install scripts not yet covered by allowScripts:
Type Check (TSC)	Run npm ci	2026-07-27T08:36:16.8557828Z npm warn allow-scripts   esbuild@0.25.12 (postinstall: node install.js)
Type Check (TSC)	Run npm ci	2026-07-27T08:36:16.8558482Z npm warn allow-scripts   protobufjs@7.6.5 (postinstall: node scripts/postinstall)
Type Check (TSC)	Run npm ci	2026-07-27T08:36:16.8559154Z npm warn allow-scripts   sharp@0.34.5 (install: node install/check.js || npm run build)
Type Check (TSC)	Run npm ci	2026-07-27T08:36:16.8559601Z npm warn allow-scripts
Type Check (TSC)	Run npm ci	2026-07-27T08:36:16.8560326Z npm warn allow-scripts Run `npm approve-scripts --allow-scripts-pending` to review, or `npm approve-scripts <pkg>` to allow.
Type Check (TSC)	Build Shared Declarations	﻿2026-07-27T08:36:17.0357138Z ##[group]Run npm run build --prefix shared
Type Check (TSC)	Build Shared Declarations	2026-07-27T08:36:17.0357532Z ^[[36;1mnpm run build --prefix shared^[[0m
Type Check (TSC)	Build Shared Declarations	2026-07-27T08:36:17.0407790Z shell: /usr/bin/bash -e {0}
Type Check (TSC)	Build Shared Declarations	2026-07-27T08:36:17.0408094Z ##[endgroup]
Type Check (TSC)	Build Shared Declarations	2026-07-27T08:36:17.1490924Z 
Type Check (TSC)	Build Shared Declarations	2026-07-27T08:36:17.1491893Z > @run-remix/shared@4.1.2 build
Type Check (TSC)	Build Shared Declarations	2026-07-27T08:36:17.1492306Z > tsc -b
Type Check (TSC)	Build Shared Declarations	2026-07-27T08:36:17.1492433Z 
Type Check (TSC)	Build Server Declarations	﻿2026-07-27T08:36:21.7729815Z ##[group]Run npx tsc -b server/tsconfig.json
Type Check (TSC)	Build Server Declarations	2026-07-27T08:36:21.7730200Z ^[[36;1mnpx tsc -b server/tsconfig.json^[[0m
Type Check (TSC)	Build Server Declarations	2026-07-27T08:36:21.7777592Z shell: /usr/bin/bash -e {0}
Type Check (TSC)	Build Server Declarations	2026-07-27T08:36:21.7777896Z ##[endgroup]
Type Check (TSC)	Run npm run typecheck	﻿2026-07-27T08:36:35.8983143Z ##[group]Run npm run typecheck
Type Check (TSC)	Run npm run typecheck	2026-07-27T08:36:35.8983474Z ^[[36;1mnpm run typecheck^[[0m
Type Check (TSC)	Run npm run typecheck	2026-07-27T08:36:35.9031803Z shell: /usr/bin/bash -e {0}
Type Check (TSC)	Run npm run typecheck	2026-07-27T08:36:35.9032103Z ##[endgroup]
Type Check (TSC)	Run npm run typecheck	2026-07-27T08:36:36.0050641Z 
Type Check (TSC)	Run npm run typecheck	2026-07-27T08:36:36.0051721Z > run-remix-monorepo@4.1.2 typecheck
Type Check (TSC)	Run npm run typecheck	2026-07-27T08:36:36.0052708Z > npm exec -w @run-remix/client -- react-router typegen && tsc --noEmit -p client/tsconfig.json && tsc --noEmit -p server/tsconfig.json
Type Check (TSC)	Run npm run typecheck	2026-07-27T08:36:36.0053261Z 
Type Check (TSC)	Run npm run typecheck	2026-07-27T08:36:36.9081084Z ^[[31mfailed to load config from /home/runner/work/RUN/RUN/client/vite.config.ts^[[39m
Type Check (TSC)	Run npm run typecheck	2026-07-27T08:36:36.9090292Z Error: Cannot find native binding. npm has a bug related to optional dependencies (https://github.com/npm/cli/issues/4828). Please try `npm i` again after removing both package-lock.json and node_modules directory.
Type Check (TSC)	Run npm run typecheck	2026-07-27T08:36:36.9091764Z     at Object.<anonymous> (/home/runner/work/RUN/RUN/node_modules/@tailwindcss/oxide/index.js:573:11)
Type Check (TSC)	Run npm run typecheck	2026-07-27T08:36:36.9092602Z     at Module._compile (node:internal/modules/cjs/loader:1871:14)
Type Check (TSC)	Run npm run typecheck	2026-07-27T08:36:36.9093191Z     at Object..js (node:internal/modules/cjs/loader:2002:10)
Type Check (TSC)	Run npm run typecheck	2026-07-27T08:36:36.9093663Z     at Module.load (node:internal/modules/cjs/loader:1594:32)
Type Check (TSC)	Run npm run typecheck	2026-07-27T08:36:36.9094094Z     at Module._load (node:internal/modules/cjs/loader:1396:12)
Type Check (TSC)	Run npm run typecheck	2026-07-27T08:36:36.9094572Z     at wrapModuleLoad (node:internal/modules/cjs/loader:255:19)
Type Check (TSC)	Run npm run typecheck	2026-07-27T08:36:36.9095118Z     at loadCJSModuleWithModuleLoad (node:internal/modules/esm/translators:372:15)
Type Check (TSC)	Run npm run typecheck	2026-07-27T08:36:36.9095702Z     at ModuleWrap.<anonymous> (node:internal/modules/esm/translators:244:9)
Type Check (TSC)	Run npm run typecheck	2026-07-27T08:36:36.9096214Z     at ModuleJob.run (node:internal/modules/esm/module_job:439:25)
Type Check (TSC)	Run npm run typecheck	2026-07-27T08:36:36.9096644Z     at async node:internal/modules/esm/loader:643:26 {
Type Check (TSC)	Run npm run typecheck	2026-07-27T08:36:36.9097104Z   [cause]: Error: Cannot find module '@tailwindcss/oxide-linux-x64-gnu'
Type Check (TSC)	Run npm run typecheck	2026-07-27T08:36:36.9097488Z   Require stack:
Type Check (TSC)	Run npm run typecheck	2026-07-27T08:36:36.9097896Z   - /home/runner/work/RUN/RUN/node_modules/@tailwindcss/oxide/index.js
Type Check (TSC)	Run npm run typecheck	2026-07-27T08:36:36.9098454Z       at Module._resolveFilename (node:internal/modules/cjs/loader:1517:15)
Type Check (TSC)	Run npm run typecheck	2026-07-27T08:36:36.9098900Z       ... 8 lines matching cause stack trace ...
Type Check (TSC)	Run npm run typecheck	2026-07-27T08:36:36.9099308Z       at Module._load (node:internal/modules/cjs/loader:1294:5) {
Type Check (TSC)	Run npm run typecheck	2026-07-27T08:36:36.9099682Z     code: 'MODULE_NOT_FOUND',
Type Check (TSC)	Run npm run typecheck	2026-07-27T08:36:36.9099958Z     requireStack: [
Type Check (TSC)	Run npm run typecheck	2026-07-27T08:36:36.9100334Z       '/home/runner/work/RUN/RUN/node_modules/@tailwindcss/oxide/index.js'
Type Check (TSC)	Run npm run typecheck	2026-07-27T08:36:36.9100710Z     ],
Type Check (TSC)	Run npm run typecheck	2026-07-27T08:36:36.9101094Z     cause: Error: Cannot find module './tailwindcss-oxide.linux-x64-gnu.node'
Type Check (TSC)	Run npm run typecheck	2026-07-27T08:36:36.9101709Z     Require stack:
Type Check (TSC)	Run npm run typecheck	2026-07-27T08:36:36.9102090Z     - /home/runner/work/RUN/RUN/node_modules/@tailwindcss/oxide/index.js
Type Check (TSC)	Run npm run typecheck	2026-07-27T08:36:36.9102690Z         at Module._resolveFilename (node:internal/modules/cjs/loader:1517:15)
Type Check (TSC)	Run npm run typecheck	2026-07-27T08:36:36.9103209Z         at wrapResolveFilename (node:internal/modules/cjs/loader:1071:27)
Type Check (TSC)	Run npm run typecheck	2026-07-27T08:36:36.9103793Z         at defaultResolveImplForCJSLoading (node:internal/modules/cjs/loader:1095:10)
Type Check (TSC)	Run npm run typecheck	2026-07-27T08:36:36.9104334Z         at defaultResolve (node:internal/modules/cjs/loader:1152:20)
Type Check (TSC)	Run npm run typecheck	2026-07-27T08:36:36.9104809Z         at nextStep (node:internal/modules/customization_hooks:189:26)
Type Check (TSC)	Run npm run typecheck	2026-07-27T08:36:36.9105380Z         at De (file:///home/runner/work/RUN/RUN/node_modules/@tailwindcss/node/dist/index.mjs:1:539)
Type Check (TSC)	Run npm run typecheck	2026-07-27T08:36:36.9106293Z         at nextStep (node:internal/modules/customization_hooks:189:26)
Type Check (TSC)	Run npm run typecheck	2026-07-27T08:36:36.9106805Z         at resolveWithHooks (node:internal/modules/customization_hooks:417:10)
Type Check (TSC)	Run npm run typecheck	2026-07-27T08:36:36.9107338Z         at resolveForCJSWithHooks (node:internal/modules/cjs/loader:1165:25)
Type Check (TSC)	Run npm run typecheck	2026-07-27T08:36:36.9107825Z         at Module._load (node:internal/modules/cjs/loader:1294:5) {
Type Check (TSC)	Run npm run typecheck	2026-07-27T08:36:36.9108204Z       code: 'MODULE_NOT_FOUND',
Type Check (TSC)	Run npm run typecheck	2026-07-27T08:36:36.9108477Z       requireStack: [Array]
Type Check (TSC)	Run npm run typecheck	2026-07-27T08:36:36.9108720Z     }
Type Check (TSC)	Run npm run typecheck	2026-07-27T08:36:36.9109121Z   }
Type Check (TSC)	Run npm run typecheck	2026-07-27T08:36:36.9109325Z }
Type Check (TSC)	Run npm run typecheck	2026-07-27T08:36:36.9417921Z ##[error]Process completed with exit code 1.
Type Check (TSC)	Post Run actions/checkout@34e114876b0b11c390a56381ad16ebd13914f8d5	﻿2026-07-27T08:36:36.9560243Z Node 20 is being deprecated. This workflow is running with Node 24 by default. If you need to temporarily use Node 20, you can set the ACTIONS_ALLOW_USE_UNSECURE_NODE_VERSION=true environment variable. For more information see: https://github.blog/changelog/2025-09-19-deprecation-of-node-20-on-github-actions-runners/
Type Check (TSC)	Post Run actions/checkout@34e114876b0b11c390a56381ad16ebd13914f8d5	2026-07-27T08:36:36.9561447Z Post job cleanup.
Type Check (TSC)	Post Run actions/checkout@34e114876b0b11c390a56381ad16ebd13914f8d5	2026-07-27T08:36:37.0399222Z [command]/usr/bin/git version
Type Check (TSC)	Post Run actions/checkout@34e114876b0b11c390a56381ad16ebd13914f8d5	2026-07-27T08:36:37.0442208Z git version 2.54.0
Type Check (TSC)	Post Run actions/checkout@34e114876b0b11c390a56381ad16ebd13914f8d5	2026-07-27T08:36:37.0512047Z Temporarily overriding HOME='/home/runner/work/_temp/990632ba-c408-41ce-aab2-50e80b20dd94' before making global git config changes
Type Check (TSC)	Post Run actions/checkout@34e114876b0b11c390a56381ad16ebd13914f8d5	2026-07-27T08:36:37.0513553Z Adding repository directory to the temporary git global config as a safe directory
Type Check (TSC)	Post Run actions/checkout@34e114876b0b11c390a56381ad16ebd13914f8d5	2026-07-27T08:36:37.0517974Z [command]/usr/bin/git config --global --add safe.directory /home/runner/work/RUN/RUN
Type Check (TSC)	Post Run actions/checkout@34e114876b0b11c390a56381ad16ebd13914f8d5	2026-07-27T08:36:37.0559696Z [command]/usr/bin/git config --local --name-only --get-regexp core\.sshCommand
Type Check (TSC)	Post Run actions/checkout@34e114876b0b11c390a56381ad16ebd13914f8d5	2026-07-27T08:36:37.0609382Z [command]/usr/bin/git submodule foreach --recursive sh -c "git config --local --name-only --get-regexp 'core\.sshCommand' && git config --local --unset-all 'core.sshCommand' || :"
Type Check (TSC)	Post Run actions/checkout@34e114876b0b11c390a56381ad16ebd13914f8d5	2026-07-27T08:36:37.0874541Z [command]/usr/bin/git config --local --name-only --get-regexp http\.https\:\/\/github\.com\/\.extraheader
Type Check (TSC)	Post Run actions/checkout@34e114876b0b11c390a56381ad16ebd13914f8d5	2026-07-27T08:36:37.0902899Z http.https://github.com/.extraheader
Type Check (TSC)	Post Run actions/checkout@34e114876b0b11c390a56381ad16ebd13914f8d5	2026-07-27T08:36:37.0914120Z [command]/usr/bin/git config --local --unset-all http.https://github.com/.extraheader
Type Check (TSC)	Post Run actions/checkout@34e114876b0b11c390a56381ad16ebd13914f8d5	2026-07-27T08:36:37.0949982Z [command]/usr/bin/git submodule foreach --recursive sh -c "git config --local --name-only --get-regexp 'http\.https\:\/\/github\.com\/\.extraheader' && git config --local --unset-all 'http.https://github.com/.extraheader' || :"
Type Check (TSC)	Post Run actions/checkout@34e114876b0b11c390a56381ad16ebd13914f8d5	2026-07-27T08:36:37.1232645Z [command]/usr/bin/git config --local --name-only --get-regexp ^includeIf\.gitdir:
Type Check (TSC)	Post Run actions/checkout@34e114876b0b11c390a56381ad16ebd13914f8d5	2026-07-27T08:36:37.1267077Z [command]/usr/bin/git submodule foreach --recursive git config --local --show-origin --name-only --get-regexp remote.origin.url
Type Check (TSC)	Complete job	﻿2026-07-27T08:36:37.1693286Z Cleaning up orphan processes
Type Check (TSC)	Complete job	2026-07-27T08:36:37.2029258Z ##[warning]Node.js 20 is deprecated. The following actions target Node.js 20 but are being forced to run on Node.js 24: actions/checkout@34e114876b0b11c390a56381ad16ebd13914f8d5, actions/setup-node@49933ea5288caeca8642d1e84afbd3f7d6820020. For more information see: https://github.blog/changelog/2025-09-19-deprecation-of-node-20-on-github-actions-runners/
